<?xml version="1.0" encoding="ISO-8859-1" ?>
<link_info>
   <banner>TMS320C2000 Linker PC v20.2.4.LTS</banner>
   <copyright>Copyright (c) 1996-2018 Texas Instruments Incorporated</copyright>
   <link_time>0x62aa7c35</link_time>
   <link_errors>0x0</link_errors>
   <output_file>zikuineng.out</output_file>
   <entry_point>
      <name>_c_int00</name>
      <address>0x33c4a0</address>
   </entry_point>
   <input_file_list>
      <input_file id="fl-2">
         <path>.\SOURCE\</path>
         <kind>object</kind>
         <file>DSP2833x_ADC_cal.obj</file>
         <name>DSP2833x_ADC_cal.obj</name>
      </input_file>
      <input_file id="fl-3">
         <path>.\SOURCE\</path>
         <kind>object</kind>
         <file>DSP2833x_Adc.obj</file>
         <name>DSP2833x_Adc.obj</name>
      </input_file>
      <input_file id="fl-4">
         <path>.\SOURCE\</path>
         <kind>object</kind>
         <file>DSP2833x_CSMPasswords.obj</file>
         <name>DSP2833x_CSMPasswords.obj</name>
      </input_file>
      <input_file id="fl-5">
         <path>.\SOURCE\</path>
         <kind>object</kind>
         <file>DSP2833x_CodeStartBranch.obj</file>
         <name>DSP2833x_CodeStartBranch.obj</name>
      </input_file>
      <input_file id="fl-6">
         <path>.\SOURCE\</path>
         <kind>object</kind>
         <file>DSP2833x_CpuTimers.obj</file>
         <name>DSP2833x_CpuTimers.obj</name>
      </input_file>
      <input_file id="fl-7">
         <path>.\SOURCE\</path>
         <kind>object</kind>
         <file>DSP2833x_DBGIER.obj</file>
         <name>DSP2833x_DBGIER.obj</name>
      </input_file>
      <input_file id="fl-8">
         <path>.\SOURCE\</path>
         <kind>object</kind>
         <file>DSP2833x_DMA.obj</file>
         <name>DSP2833x_DMA.obj</name>
      </input_file>
      <input_file id="fl-9">
         <path>.\SOURCE\</path>
         <kind>object</kind>
         <file>DSP2833x_DefaultIsr.obj</file>
         <name>DSP2833x_DefaultIsr.obj</name>
      </input_file>
      <input_file id="fl-a">
         <path>.\SOURCE\</path>
         <kind>object</kind>
         <file>DSP2833x_DisInt.obj</file>
         <name>DSP2833x_DisInt.obj</name>
      </input_file>
      <input_file id="fl-b">
         <path>.\SOURCE\</path>
         <kind>object</kind>
         <file>DSP2833x_ECan.obj</file>
         <name>DSP2833x_ECan.obj</name>
      </input_file>
      <input_file id="fl-c">
         <path>.\SOURCE\</path>
         <kind>object</kind>
         <file>DSP2833x_ECap.obj</file>
         <name>DSP2833x_ECap.obj</name>
      </input_file>
      <input_file id="fl-d">
         <path>.\SOURCE\</path>
         <kind>object</kind>
         <file>DSP2833x_EPwm.obj</file>
         <name>DSP2833x_EPwm.obj</name>
      </input_file>
      <input_file id="fl-e">
         <path>.\SOURCE\</path>
         <kind>object</kind>
         <file>DSP2833x_EQep.obj</file>
         <name>DSP2833x_EQep.obj</name>
      </input_file>
      <input_file id="fl-f">
         <path>.\SOURCE\</path>
         <kind>object</kind>
         <file>DSP2833x_GlobalVariableDefs.obj</file>
         <name>DSP2833x_GlobalVariableDefs.obj</name>
      </input_file>
      <input_file id="fl-10">
         <path>.\SOURCE\</path>
         <kind>object</kind>
         <file>DSP2833x_Gpio.obj</file>
         <name>DSP2833x_Gpio.obj</name>
      </input_file>
      <input_file id="fl-11">
         <path>.\SOURCE\</path>
         <kind>object</kind>
         <file>DSP2833x_I2C.obj</file>
         <name>DSP2833x_I2C.obj</name>
      </input_file>
      <input_file id="fl-12">
         <path>.\SOURCE\</path>
         <kind>object</kind>
         <file>DSP2833x_Mcbsp.obj</file>
         <name>DSP2833x_Mcbsp.obj</name>
      </input_file>
      <input_file id="fl-13">
         <path>.\SOURCE\</path>
         <kind>object</kind>
         <file>DSP2833x_MemCopy.obj</file>
         <name>DSP2833x_MemCopy.obj</name>
      </input_file>
      <input_file id="fl-14">
         <path>.\SOURCE\</path>
         <kind>object</kind>
         <file>DSP2833x_PieCtrl.obj</file>
         <name>DSP2833x_PieCtrl.obj</name>
      </input_file>
      <input_file id="fl-15">
         <path>.\SOURCE\</path>
         <kind>object</kind>
         <file>DSP2833x_PieVect.obj</file>
         <name>DSP2833x_PieVect.obj</name>
      </input_file>
      <input_file id="fl-16">
         <path>.\SOURCE\</path>
         <kind>object</kind>
         <file>DSP2833x_Sci.obj</file>
         <name>DSP2833x_Sci.obj</name>
      </input_file>
      <input_file id="fl-17">
         <path>.\SOURCE\</path>
         <kind>object</kind>
         <file>DSP2833x_Spi.obj</file>
         <name>DSP2833x_Spi.obj</name>
      </input_file>
      <input_file id="fl-18">
         <path>.\SOURCE\</path>
         <kind>object</kind>
         <file>DSP2833x_SysCtrl.obj</file>
         <name>DSP2833x_SysCtrl.obj</name>
      </input_file>
      <input_file id="fl-19">
         <path>.\SOURCE\</path>
         <kind>object</kind>
         <file>DSP2833x_Xintf.obj</file>
         <name>DSP2833x_Xintf.obj</name>
      </input_file>
      <input_file id="fl-1a">
         <path>.\SOURCE\</path>
         <kind>object</kind>
         <file>DSP2833x_usDelay.obj</file>
         <name>DSP2833x_usDelay.obj</name>
      </input_file>
      <input_file id="fl-1b">
         <path>.\comm\</path>
         <kind>object</kind>
         <file>EEPROM.obj</file>
         <name>EEPROM.obj</name>
      </input_file>
      <input_file id="fl-1c">
         <path>.\comm\</path>
         <kind>object</kind>
         <file>RS422.obj</file>
         <name>RS422.obj</name>
      </input_file>
      <input_file id="fl-1d">
         <path>.\comm\</path>
         <kind>object</kind>
         <file>SPI_SDCard.obj</file>
         <name>SPI_SDCard.obj</name>
      </input_file>
      <input_file id="fl-1e">
         <path>.\comm\</path>
         <kind>object</kind>
         <file>diskio.obj</file>
         <name>diskio.obj</name>
      </input_file>
      <input_file id="fl-1f">
         <path>.\comm\</path>
         <kind>object</kind>
         <file>ff.obj</file>
         <name>ff.obj</name>
      </input_file>
      <input_file id="fl-20">
         <path>.\comm\</path>
         <kind>object</kind>
         <file>ffsystem.obj</file>
         <name>ffsystem.obj</name>
      </input_file>
      <input_file id="fl-21">
         <path>.\comm\</path>
         <kind>object</kind>
         <file>ffunicode.obj</file>
         <name>ffunicode.obj</name>
      </input_file>
      <input_file id="fl-22">
         <path>.\comm\</path>
         <kind>object</kind>
         <file>initialization.obj</file>
         <name>initialization.obj</name>
      </input_file>
      <input_file id="fl-23">
         <path>.\comm\</path>
         <kind>object</kind>
         <file>main.obj</file>
         <name>main.obj</name>
      </input_file>
      <input_file id="fl-24">
         <path>.\comm\</path>
         <kind>object</kind>
         <file>pwm.obj</file>
         <name>pwm.obj</name>
      </input_file>
      <input_file id="fl-25">
         <path>.\comm\</path>
         <kind>object</kind>
         <file>sdcard.obj</file>
         <name>sdcard.obj</name>
      </input_file>
      <input_file id="fl-26">
         <path>.\comm\</path>
         <kind>object</kind>
         <file>spi_ADS1258.obj</file>
         <name>spi_ADS1258.obj</name>
      </input_file>
      <input_file id="fl-27">
         <path>.\comm\</path>
         <kind>object</kind>
         <file>time.obj</file>
         <name>time.obj</name>
      </input_file>
      <input_file id="fl-2c">
         <kind>object</kind>
         <file>&lt;internal&gt;</file>
         <name>&lt;internal&gt;</name>
      </input_file>
      <input_file id="fl-38">
         <path>D:\APP\ti\ccs\tools\compiler\ti-cgt-c2000_20.2.4.LTS\lib\</path>
         <kind>archive</kind>
         <file>rts2800_fpu32.lib</file>
         <name>sprintf.c.obj</name>
      </input_file>
      <input_file id="fl-39">
         <path>D:\APP\ti\ccs\tools\compiler\ti-cgt-c2000_20.2.4.LTS\lib\</path>
         <kind>archive</kind>
         <file>rts2800_fpu32.lib</file>
         <name>boot28.asm.obj</name>
      </input_file>
      <input_file id="fl-3a">
         <path>D:\APP\ti\ccs\tools\compiler\ti-cgt-c2000_20.2.4.LTS\lib\</path>
         <kind>archive</kind>
         <file>rts2800_fpu32.lib</file>
         <name>fs_div28.asm.obj</name>
      </input_file>
      <input_file id="fl-3b">
         <path>D:\APP\ti\ccs\tools\compiler\ti-cgt-c2000_20.2.4.LTS\lib\</path>
         <kind>archive</kind>
         <file>rts2800_fpu32.lib</file>
         <name>u_div28.asm.obj</name>
      </input_file>
      <input_file id="fl-3c">
         <path>D:\APP\ti\ccs\tools\compiler\ti-cgt-c2000_20.2.4.LTS\lib\</path>
         <kind>archive</kind>
         <file>rts2800_fpu32.lib</file>
         <name>cpy_tbl.c.obj</name>
      </input_file>
      <input_file id="fl-3d">
         <path>D:\APP\ti\ccs\tools\compiler\ti-cgt-c2000_20.2.4.LTS\lib\</path>
         <kind>archive</kind>
         <file>rts2800_fpu32.lib</file>
         <name>memcpy.c.obj</name>
      </input_file>
      <input_file id="fl-3e">
         <path>D:\APP\ti\ccs\tools\compiler\ti-cgt-c2000_20.2.4.LTS\lib\</path>
         <kind>archive</kind>
         <file>rts2800_fpu32.lib</file>
         <name>pre_init.c.obj</name>
      </input_file>
      <input_file id="fl-3f">
         <path>D:\APP\ti\ccs\tools\compiler\ti-cgt-c2000_20.2.4.LTS\lib\</path>
         <kind>archive</kind>
         <file>rts2800_fpu32.lib</file>
         <name>startup.c.obj</name>
      </input_file>
      <input_file id="fl-40">
         <path>D:\APP\ti\ccs\tools\compiler\ti-cgt-c2000_20.2.4.LTS\lib\</path>
         <kind>archive</kind>
         <file>rts2800_fpu32.lib</file>
         <name>exit.c.obj</name>
      </input_file>
      <input_file id="fl-41">
         <path>D:\APP\ti\ccs\tools\compiler\ti-cgt-c2000_20.2.4.LTS\lib\</path>
         <kind>archive</kind>
         <file>rts2800_fpu32.lib</file>
         <name>_lock.c.obj</name>
      </input_file>
      <input_file id="fl-42">
         <path>D:\APP\ti\ccs\tools\compiler\ti-cgt-c2000_20.2.4.LTS\lib\</path>
         <kind>archive</kind>
         <file>rts2800_fpu32.lib</file>
         <name>args_main.c.obj</name>
      </input_file>
      <input_file id="fl-43">
         <path>D:\APP\ti\ccs\tools\compiler\ti-cgt-c2000_20.2.4.LTS\lib\</path>
         <kind>archive</kind>
         <file>rts2800_fpu32.lib</file>
         <name>memset.c.obj</name>
      </input_file>
      <input_file id="fl-44">
         <path>D:\APP\ti\ccs\tools\compiler\ti-cgt-c2000_20.2.4.LTS\lib\</path>
         <kind>archive</kind>
         <file>rts2800_fpu32.lib</file>
         <name>strcmp.c.obj</name>
      </input_file>
      <input_file id="fl-45">
         <path>D:\APP\ti\ccs\tools\compiler\ti-cgt-c2000_20.2.4.LTS\lib\</path>
         <kind>archive</kind>
         <file>rts2800_fpu32.lib</file>
         <name>strlen.c.obj</name>
      </input_file>
      <input_file id="fl-46">
         <path>D:\APP\ti\ccs\tools\compiler\ti-cgt-c2000_20.2.4.LTS\lib\</path>
         <kind>archive</kind>
         <file>rts2800_fpu32.lib</file>
         <name>_printfi.c.obj</name>
      </input_file>
      <input_file id="fl-47">
         <path>D:\APP\ti\ccs\tools\compiler\ti-cgt-c2000_20.2.4.LTS\lib\</path>
         <kind>archive</kind>
         <file>rts2800_fpu32.lib</file>
         <name>wcslen.c.obj</name>
      </input_file>
      <input_file id="fl-48">
         <path>D:\APP\ti\ccs\tools\compiler\ti-cgt-c2000_20.2.4.LTS\lib\</path>
         <kind>archive</kind>
         <file>rts2800_fpu32.lib</file>
         <name>s_frexp.c.obj</name>
      </input_file>
      <input_file id="fl-49">
         <path>D:\APP\ti\ccs\tools\compiler\ti-cgt-c2000_20.2.4.LTS\lib\</path>
         <kind>archive</kind>
         <file>rts2800_fpu32.lib</file>
         <name>s_scalbn.c.obj</name>
      </input_file>
      <input_file id="fl-4a">
         <path>D:\APP\ti\ccs\tools\compiler\ti-cgt-c2000_20.2.4.LTS\lib\</path>
         <kind>archive</kind>
         <file>rts2800_fpu32.lib</file>
         <name>fd_add28.asm.obj</name>
      </input_file>
      <input_file id="fl-4b">
         <path>D:\APP\ti\ccs\tools\compiler\ti-cgt-c2000_20.2.4.LTS\lib\</path>
         <kind>archive</kind>
         <file>rts2800_fpu32.lib</file>
         <name>fd_cmp28.asm.obj</name>
      </input_file>
      <input_file id="fl-4c">
         <path>D:\APP\ti\ccs\tools\compiler\ti-cgt-c2000_20.2.4.LTS\lib\</path>
         <kind>archive</kind>
         <file>rts2800_fpu32.lib</file>
         <name>fd_mpy28.asm.obj</name>
      </input_file>
      <input_file id="fl-4d">
         <path>D:\APP\ti\ccs\tools\compiler\ti-cgt-c2000_20.2.4.LTS\lib\</path>
         <kind>archive</kind>
         <file>rts2800_fpu32.lib</file>
         <name>fd_neg28.asm.obj</name>
      </input_file>
      <input_file id="fl-4e">
         <path>D:\APP\ti\ccs\tools\compiler\ti-cgt-c2000_20.2.4.LTS\lib\</path>
         <kind>archive</kind>
         <file>rts2800_fpu32.lib</file>
         <name>fd_sub28.asm.obj</name>
      </input_file>
      <input_file id="fl-4f">
         <path>D:\APP\ti\ccs\tools\compiler\ti-cgt-c2000_20.2.4.LTS\lib\</path>
         <kind>archive</kind>
         <file>rts2800_fpu32.lib</file>
         <name>fd_toi28.asm.obj</name>
      </input_file>
      <input_file id="fl-50">
         <path>D:\APP\ti\ccs\tools\compiler\ti-cgt-c2000_20.2.4.LTS\lib\</path>
         <kind>archive</kind>
         <file>rts2800_fpu32.lib</file>
         <name>fd_tol28.asm.obj</name>
      </input_file>
      <input_file id="fl-51">
         <path>D:\APP\ti\ccs\tools\compiler\ti-cgt-c2000_20.2.4.LTS\lib\</path>
         <kind>archive</kind>
         <file>rts2800_fpu32.lib</file>
         <name>ll_aox28.asm.obj</name>
      </input_file>
      <input_file id="fl-52">
         <path>D:\APP\ti\ccs\tools\compiler\ti-cgt-c2000_20.2.4.LTS\lib\</path>
         <kind>archive</kind>
         <file>rts2800_fpu32.lib</file>
         <name>ll_cmp28.asm.obj</name>
      </input_file>
      <input_file id="fl-53">
         <path>D:\APP\ti\ccs\tools\compiler\ti-cgt-c2000_20.2.4.LTS\lib\</path>
         <kind>archive</kind>
         <file>rts2800_fpu32.lib</file>
         <name>ll_div28.asm.obj</name>
      </input_file>
      <input_file id="fl-54">
         <path>D:\APP\ti\ccs\tools\compiler\ti-cgt-c2000_20.2.4.LTS\lib\</path>
         <kind>archive</kind>
         <file>rts2800_fpu32.lib</file>
         <name>i_tofd28.asm.obj</name>
      </input_file>
      <input_file id="fl-55">
         <path>D:\APP\ti\ccs\tools\compiler\ti-cgt-c2000_20.2.4.LTS\lib\</path>
         <kind>archive</kind>
         <file>rts2800_fpu32.lib</file>
         <name>l_tofd28.asm.obj</name>
      </input_file>
      <input_file id="fl-56">
         <path>D:\APP\ti\ccs\tools\compiler\ti-cgt-c2000_20.2.4.LTS\lib\</path>
         <kind>archive</kind>
         <file>rts2800_fpu32.lib</file>
         <name>fs_tofdfpu32.asm.obj</name>
      </input_file>
      <input_file id="fl-57">
         <path>D:\APP\ti\ccs\tools\compiler\ti-cgt-c2000_20.2.4.LTS\lib\</path>
         <kind>archive</kind>
         <file>rts2800_fpu32.lib</file>
         <name>fd_div28.asm.obj</name>
      </input_file>
      <input_file id="fl-58">
         <path>D:\APP\ti\ccs\tools\compiler\ti-cgt-c2000_20.2.4.LTS\lib\</path>
         <kind>archive</kind>
         <file>rts2800_fpu32.lib</file>
         <name>_ltoa.c.obj</name>
      </input_file>
      <input_file id="fl-59">
         <path>D:\APP\ti\ccs\tools\compiler\ti-cgt-c2000_20.2.4.LTS\lib\</path>
         <kind>archive</kind>
         <file>rts2800_fpu32.lib</file>
         <name>atoi.c.obj</name>
      </input_file>
      <input_file id="fl-5a">
         <path>D:\APP\ti\ccs\tools\compiler\ti-cgt-c2000_20.2.4.LTS\lib\</path>
         <kind>archive</kind>
         <file>rts2800_fpu32.lib</file>
         <name>ctype.c.obj</name>
      </input_file>
      <input_file id="fl-5b">
         <path>D:\APP\ti\ccs\tools\compiler\ti-cgt-c2000_20.2.4.LTS\lib\</path>
         <kind>archive</kind>
         <file>rts2800_fpu32.lib</file>
         <name>memccpy.c.obj</name>
      </input_file>
      <input_file id="fl-5c">
         <path>D:\APP\ti\ccs\tools\compiler\ti-cgt-c2000_20.2.4.LTS\lib\</path>
         <kind>archive</kind>
         <file>rts2800_fpu32.lib</file>
         <name>strchr.c.obj</name>
      </input_file>
      <input_file id="fl-5d">
         <path>D:\APP\ti\ccs\tools\compiler\ti-cgt-c2000_20.2.4.LTS\lib\</path>
         <kind>archive</kind>
         <file>rts2800_fpu32.lib</file>
         <name>strcpy.c.obj</name>
      </input_file>
      <input_file id="fl-5e">
         <path>D:\APP\ti\ccs\tools\compiler\ti-cgt-c2000_20.2.4.LTS\lib\</path>
         <kind>archive</kind>
         <file>rts2800_fpu32.lib</file>
         <name>errno.c.obj</name>
      </input_file>
      <input_file id="fl-5f">
         <path>D:\APP\ti\ccs\tools\compiler\ti-cgt-c2000_20.2.4.LTS\lib\</path>
         <kind>archive</kind>
         <file>rts2800_fpu32.lib</file>
         <name>s_copysign.c.obj</name>
      </input_file>
      <input_file id="fl-60">
         <path>D:\APP\ti\ccs\tools\compiler\ti-cgt-c2000_20.2.4.LTS\lib\</path>
         <kind>archive</kind>
         <file>rts2800_fpu32.lib</file>
         <name>l_div28.asm.obj</name>
      </input_file>
   </input_file_list>
   <object_component_list>
      <object_component id="oc-c9">
         <name>PieVectTableFile</name>
         <uninitialized>true</uninitialized>
         <run_address>0xd00</run_address>
         <size>0x100</size>
         <input_file_ref idref="fl-f"/>
      </object_component>
      <object_component id="oc-c5">
         <name>DevEmuRegsFile</name>
         <uninitialized>true</uninitialized>
         <run_address>0x880</run_address>
         <size>0xd0</size>
         <input_file_ref idref="fl-f"/>
      </object_component>
      <object_component id="oc-9d">
         <name>FlashRegsFile</name>
         <uninitialized>true</uninitialized>
         <run_address>0xa80</run_address>
         <size>0x8</size>
         <input_file_ref idref="fl-f"/>
      </object_component>
      <object_component id="oc-a0">
         <name>CsmRegsFile</name>
         <uninitialized>true</uninitialized>
         <run_address>0xae0</run_address>
         <size>0x10</size>
         <input_file_ref idref="fl-f"/>
      </object_component>
      <object_component id="oc-9f">
         <name>AdcMirrorFile</name>
         <uninitialized>true</uninitialized>
         <run_address>0xb00</run_address>
         <size>0x10</size>
         <input_file_ref idref="fl-f"/>
      </object_component>
      <object_component id="oc-a8">
         <name>XintfRegsFile</name>
         <uninitialized>true</uninitialized>
         <run_address>0xb20</run_address>
         <size>0x1e</size>
         <input_file_ref idref="fl-f"/>
      </object_component>
      <object_component id="oc-99">
         <name>CpuTimer0RegsFile</name>
         <uninitialized>true</uninitialized>
         <run_address>0xc00</run_address>
         <size>0x8</size>
         <input_file_ref idref="fl-f"/>
      </object_component>
      <object_component id="oc-9a">
         <name>CpuTimer1RegsFile</name>
         <uninitialized>true</uninitialized>
         <run_address>0xc08</run_address>
         <size>0x8</size>
         <input_file_ref idref="fl-f"/>
      </object_component>
      <object_component id="oc-9b">
         <name>CpuTimer2RegsFile</name>
         <uninitialized>true</uninitialized>
         <run_address>0xc10</run_address>
         <size>0x8</size>
         <input_file_ref idref="fl-f"/>
      </object_component>
      <object_component id="oc-a6">
         <name>PieCtrlRegsFile</name>
         <uninitialized>true</uninitialized>
         <run_address>0xce0</run_address>
         <size>0x1a</size>
         <input_file_ref idref="fl-f"/>
      </object_component>
      <object_component id="oc-c6">
         <name>DmaRegsFile</name>
         <uninitialized>true</uninitialized>
         <run_address>0x1000</run_address>
         <size>0xe0</size>
         <input_file_ref idref="fl-f"/>
      </object_component>
      <object_component id="oc-b8">
         <name>McbspaRegsFile</name>
         <uninitialized>true</uninitialized>
         <run_address>0x5000</run_address>
         <size>0x25</size>
         <input_file_ref idref="fl-f"/>
      </object_component>
      <object_component id="oc-b9">
         <name>McbspbRegsFile</name>
         <uninitialized>true</uninitialized>
         <run_address>0x5040</run_address>
         <size>0x25</size>
         <input_file_ref idref="fl-f"/>
      </object_component>
      <object_component id="oc-bb">
         <name>ECanaRegsFile</name>
         <uninitialized>true</uninitialized>
         <run_address>0x6000</run_address>
         <size>0x34</size>
         <input_file_ref idref="fl-f"/>
      </object_component>
      <object_component id="oc-bd">
         <name>ECanaLAMRegsFile</name>
         <uninitialized>true</uninitialized>
         <run_address>0x6040</run_address>
         <size>0x40</size>
         <input_file_ref idref="fl-f"/>
      </object_component>
      <object_component id="oc-c7">
         <name>ECanaMboxesFile</name>
         <uninitialized>true</uninitialized>
         <run_address>0x6100</run_address>
         <size>0x100</size>
         <input_file_ref idref="fl-f"/>
      </object_component>
      <object_component id="oc-be">
         <name>ECanaMOTSRegsFile</name>
         <uninitialized>true</uninitialized>
         <run_address>0x6080</run_address>
         <size>0x40</size>
         <input_file_ref idref="fl-f"/>
      </object_component>
      <object_component id="oc-bf">
         <name>ECanaMOTORegsFile</name>
         <uninitialized>true</uninitialized>
         <run_address>0x60c0</run_address>
         <size>0x40</size>
         <input_file_ref idref="fl-f"/>
      </object_component>
      <object_component id="oc-bc">
         <name>ECanbRegsFile</name>
         <uninitialized>true</uninitialized>
         <run_address>0x6200</run_address>
         <size>0x34</size>
         <input_file_ref idref="fl-f"/>
      </object_component>
      <object_component id="oc-c0">
         <name>ECanbLAMRegsFile</name>
         <uninitialized>true</uninitialized>
         <run_address>0x6240</run_address>
         <size>0x40</size>
         <input_file_ref idref="fl-f"/>
      </object_component>
      <object_component id="oc-c8">
         <name>ECanbMboxesFile</name>
         <uninitialized>true</uninitialized>
         <run_address>0x6300</run_address>
         <size>0x100</size>
         <input_file_ref idref="fl-f"/>
      </object_component>
      <object_component id="oc-c1">
         <name>ECanbMOTSRegsFile</name>
         <uninitialized>true</uninitialized>
         <run_address>0x6280</run_address>
         <size>0x40</size>
         <input_file_ref idref="fl-f"/>
      </object_component>
      <object_component id="oc-c2">
         <name>ECanbMOTORegsFile</name>
         <uninitialized>true</uninitialized>
         <run_address>0x62c0</run_address>
         <size>0x40</size>
         <input_file_ref idref="fl-f"/>
      </object_component>
      <object_component id="oc-b1">
         <name>EPwm1RegsFile</name>
         <uninitialized>true</uninitialized>
         <run_address>0x6800</run_address>
         <size>0x22</size>
         <input_file_ref idref="fl-f"/>
      </object_component>
      <object_component id="oc-b2">
         <name>EPwm2RegsFile</name>
         <uninitialized>true</uninitialized>
         <run_address>0x6840</run_address>
         <size>0x22</size>
         <input_file_ref idref="fl-f"/>
      </object_component>
      <object_component id="oc-b3">
         <name>EPwm3RegsFile</name>
         <uninitialized>true</uninitialized>
         <run_address>0x6880</run_address>
         <size>0x22</size>
         <input_file_ref idref="fl-f"/>
      </object_component>
      <object_component id="oc-b4">
         <name>EPwm4RegsFile</name>
         <uninitialized>true</uninitialized>
         <run_address>0x68c0</run_address>
         <size>0x22</size>
         <input_file_ref idref="fl-f"/>
      </object_component>
      <object_component id="oc-b5">
         <name>EPwm5RegsFile</name>
         <uninitialized>true</uninitialized>
         <run_address>0x6900</run_address>
         <size>0x22</size>
         <input_file_ref idref="fl-f"/>
      </object_component>
      <object_component id="oc-b6">
         <name>EPwm6RegsFile</name>
         <uninitialized>true</uninitialized>
         <run_address>0x6940</run_address>
         <size>0x22</size>
         <input_file_ref idref="fl-f"/>
      </object_component>
      <object_component id="oc-a9">
         <name>ECap1RegsFile</name>
         <uninitialized>true</uninitialized>
         <run_address>0x6a00</run_address>
         <size>0x20</size>
         <input_file_ref idref="fl-f"/>
      </object_component>
      <object_component id="oc-aa">
         <name>ECap2RegsFile</name>
         <uninitialized>true</uninitialized>
         <run_address>0x6a20</run_address>
         <size>0x20</size>
         <input_file_ref idref="fl-f"/>
      </object_component>
      <object_component id="oc-ab">
         <name>ECap3RegsFile</name>
         <uninitialized>true</uninitialized>
         <run_address>0x6a40</run_address>
         <size>0x20</size>
         <input_file_ref idref="fl-f"/>
      </object_component>
      <object_component id="oc-ac">
         <name>ECap4RegsFile</name>
         <uninitialized>true</uninitialized>
         <run_address>0x6a60</run_address>
         <size>0x20</size>
         <input_file_ref idref="fl-f"/>
      </object_component>
      <object_component id="oc-ad">
         <name>ECap5RegsFile</name>
         <uninitialized>true</uninitialized>
         <run_address>0x6a80</run_address>
         <size>0x20</size>
         <input_file_ref idref="fl-f"/>
      </object_component>
      <object_component id="oc-ae">
         <name>ECap6RegsFile</name>
         <uninitialized>true</uninitialized>
         <run_address>0x6aa0</run_address>
         <size>0x20</size>
         <input_file_ref idref="fl-f"/>
      </object_component>
      <object_component id="oc-c3">
         <name>EQep1RegsFile</name>
         <uninitialized>true</uninitialized>
         <run_address>0x6b00</run_address>
         <size>0x40</size>
         <input_file_ref idref="fl-f"/>
      </object_component>
      <object_component id="oc-c4">
         <name>EQep2RegsFile</name>
         <uninitialized>true</uninitialized>
         <run_address>0x6b40</run_address>
         <size>0x40</size>
         <input_file_ref idref="fl-f"/>
      </object_component>
      <object_component id="oc-ba">
         <name>GpioCtrlRegsFile</name>
         <uninitialized>true</uninitialized>
         <run_address>0x6f80</run_address>
         <size>0x2e</size>
         <input_file_ref idref="fl-f"/>
      </object_component>
      <object_component id="oc-af">
         <name>GpioDataRegsFile</name>
         <uninitialized>true</uninitialized>
         <run_address>0x6fc0</run_address>
         <size>0x20</size>
         <input_file_ref idref="fl-f"/>
      </object_component>
      <object_component id="oc-9e">
         <name>GpioIntRegsFile</name>
         <uninitialized>true</uninitialized>
         <run_address>0x6fe0</run_address>
         <size>0xa</size>
         <input_file_ref idref="fl-f"/>
      </object_component>
      <object_component id="oc-b0">
         <name>SysCtrlRegsFile</name>
         <uninitialized>true</uninitialized>
         <run_address>0x7010</run_address>
         <size>0x20</size>
         <input_file_ref idref="fl-f"/>
      </object_component>
      <object_component id="oc-a4">
         <name>SpiaRegsFile</name>
         <uninitialized>true</uninitialized>
         <run_address>0x7040</run_address>
         <size>0x10</size>
         <input_file_ref idref="fl-f"/>
      </object_component>
      <object_component id="oc-a1">
         <name>SciaRegsFile</name>
         <uninitialized>true</uninitialized>
         <run_address>0x7050</run_address>
         <size>0x10</size>
         <input_file_ref idref="fl-f"/>
      </object_component>
      <object_component id="oc-a5">
         <name>XIntruptRegsFile</name>
         <uninitialized>true</uninitialized>
         <run_address>0x7070</run_address>
         <size>0x10</size>
         <input_file_ref idref="fl-f"/>
      </object_component>
      <object_component id="oc-a7">
         <name>AdcRegsFile</name>
         <uninitialized>true</uninitialized>
         <run_address>0x7100</run_address>
         <size>0x1e</size>
         <input_file_ref idref="fl-f"/>
      </object_component>
      <object_component id="oc-a2">
         <name>ScibRegsFile</name>
         <uninitialized>true</uninitialized>
         <run_address>0x7750</run_address>
         <size>0x10</size>
         <input_file_ref idref="fl-f"/>
      </object_component>
      <object_component id="oc-a3">
         <name>ScicRegsFile</name>
         <uninitialized>true</uninitialized>
         <run_address>0x7770</run_address>
         <size>0x10</size>
         <input_file_ref idref="fl-f"/>
      </object_component>
      <object_component id="oc-b7">
         <name>I2caRegsFile</name>
         <uninitialized>true</uninitialized>
         <run_address>0x7900</run_address>
         <size>0x22</size>
         <input_file_ref idref="fl-f"/>
      </object_component>
      <object_component id="oc-9c">
         <name>CsmPwlFile</name>
         <uninitialized>true</uninitialized>
         <run_address>0x33fff8</run_address>
         <size>0x8</size>
         <input_file_ref idref="fl-f"/>
      </object_component>
      <object_component id="oc-98">
         <name>PartIdRegsFile</name>
         <uninitialized>true</uninitialized>
         <run_address>0x380090</run_address>
         <size>0x1</size>
         <input_file_ref idref="fl-f"/>
      </object_component>
      <object_component id="oc-12b">
         <name>.cinit</name>
         <load_address>0x33cb6c</load_address>
         <run_address>0x33cb6c</run_address>
         <size>0x6d</size>
         <input_file_ref idref="fl-23"/>
      </object_component>
      <object_component id="oc-146">
         <name>.cinit</name>
         <load_address>0x33cbd9</load_address>
         <run_address>0x33cbd9</run_address>
         <size>0x1f</size>
         <input_file_ref idref="fl-27"/>
      </object_component>
      <object_component id="oc-108">
         <name>.cinit</name>
         <load_address>0x33cbf8</load_address>
         <run_address>0x33cbf8</run_address>
         <size>0x14</size>
         <input_file_ref idref="fl-1c"/>
      </object_component>
      <object_component id="oc-13f">
         <name>.cinit</name>
         <load_address>0x33cc0c</load_address>
         <run_address>0x33cc0c</run_address>
         <size>0xf</size>
         <input_file_ref idref="fl-26"/>
      </object_component>
      <object_component id="oc-177">
         <name>.cinit</name>
         <load_address>0x33cc1b</load_address>
         <run_address>0x33cc1b</run_address>
         <size>0xe</size>
         <input_file_ref idref="fl-40"/>
      </object_component>
      <object_component id="oc-22a">
         <name>.cinit:__lock</name>
         <load_address>0x33cc29</load_address>
         <run_address>0x33cc29</run_address>
         <size>0x5</size>
         <input_file_ref idref="fl-41"/>
      </object_component>
      <object_component id="oc-243">
         <name>.cinit:__unlock</name>
         <load_address>0x33cc2e</load_address>
         <run_address>0x33cc2e</run_address>
         <size>0x5</size>
         <input_file_ref idref="fl-41"/>
      </object_component>
      <object_component id="oc-241">
         <name>.cinit:_adc_buff</name>
         <load_address>0x33cc33</load_address>
         <run_address>0x33cc33</run_address>
         <size>0x4</size>
         <input_file_ref idref="fl-23"/>
      </object_component>
      <object_component id="oc-223">
         <name>.cinit:_buff</name>
         <load_address>0x33cc37</load_address>
         <run_address>0x33cc37</run_address>
         <size>0x4</size>
         <input_file_ref idref="fl-1c"/>
      </object_component>
      <object_component id="oc-23d">
         <name>.cinit:_eeprom_read_buff</name>
         <load_address>0x33cc3b</load_address>
         <run_address>0x33cc3b</run_address>
         <size>0x4</size>
         <input_file_ref idref="fl-23"/>
      </object_component>
      <object_component id="oc-23b">
         <name>.cinit:_eeprom_send_buff</name>
         <load_address>0x33cc3f</load_address>
         <run_address>0x33cc3f</run_address>
         <size>0x4</size>
         <input_file_ref idref="fl-23"/>
      </object_component>
      <object_component id="oc-236">
         <name>.cinit:_eeprom_write_buff</name>
         <load_address>0x33cc43</load_address>
         <run_address>0x33cc43</run_address>
         <size>0x4</size>
         <input_file_ref idref="fl-23"/>
      </object_component>
      <object_component id="oc-225">
         <name>.cinit:_revice_buff$1</name>
         <load_address>0x33cc47</load_address>
         <run_address>0x33cc47</run_address>
         <size>0x4</size>
         <input_file_ref idref="fl-1c"/>
      </object_component>
      <object_component id="oc-23f">
         <name>.cinit:_sd_read_buff</name>
         <load_address>0x33cc4b</load_address>
         <run_address>0x33cc4b</run_address>
         <size>0x4</size>
         <input_file_ref idref="fl-23"/>
      </object_component>
      <object_component id="oc-238">
         <name>.cinit:_sd_write_buff</name>
         <load_address>0x33cc4f</load_address>
         <run_address>0x33cc4f</run_address>
         <size>0x4</size>
         <input_file_ref idref="fl-23"/>
      </object_component>
      <object_component id="oc-210">
         <name>.cinit</name>
         <load_address>0x33cc53</load_address>
         <run_address>0x33cc53</run_address>
         <size>0x4</size>
         <input_file_ref idref="fl-5e"/>
      </object_component>
      <object_component id="oc-138">
         <name>.cinit</name>
         <load_address>0x33cc57</load_address>
         <run_address>0x33cc57</run_address>
         <size>0x4</size>
         <input_file_ref idref="fl-25"/>
      </object_component>
      <object_component id="oc-234">
         <name>.text</name>
         <load_address>0x338000</load_address>
         <run_address>0x338000</run_address>
         <size>0x1d58</size>
         <input_file_ref idref="fl-1f"/>
      </object_component>
      <object_component id="oc-251">
         <name>.text</name>
         <load_address>0x339d58</load_address>
         <run_address>0x339d58</run_address>
         <size>0xce4</size>
         <input_file_ref idref="fl-46"/>
      </object_component>
      <object_component id="oc-228">
         <name>.text</name>
         <load_address>0x33aa3c</load_address>
         <run_address>0x33aa3c</run_address>
         <size>0x435</size>
         <input_file_ref idref="fl-23"/>
      </object_component>
      <object_component id="oc-250">
         <name>.text</name>
         <load_address>0x33ae71</load_address>
         <run_address>0x33ae71</run_address>
         <size>0x337</size>
         <input_file_ref idref="fl-25"/>
      </object_component>
      <object_component id="oc-79">
         <name>.text:retain</name>
         <load_address>0x33b1a8</load_address>
         <run_address>0x33b1a8</run_address>
         <size>0x316</size>
         <input_file_ref idref="fl-9"/>
      </object_component>
      <object_component id="oc-232">
         <name>.text</name>
         <load_address>0x33b4be</load_address>
         <run_address>0x33b4be</run_address>
         <size>0x270</size>
         <input_file_ref idref="fl-1c"/>
      </object_component>
      <object_component id="oc-233">
         <name>.text</name>
         <load_address>0x33b72e</load_address>
         <run_address>0x33b72e</run_address>
         <size>0x215</size>
         <input_file_ref idref="fl-26"/>
      </object_component>
      <object_component id="oc-239">
         <name>.text</name>
         <load_address>0x33b943</load_address>
         <run_address>0x33b943</run_address>
         <size>0x1d8</size>
         <input_file_ref idref="fl-1b"/>
      </object_component>
      <object_component id="oc-226">
         <name>.text</name>
         <load_address>0x33bb1b</load_address>
         <run_address>0x33bb1b</run_address>
         <size>0x132</size>
         <input_file_ref idref="fl-24"/>
      </object_component>
      <object_component id="oc-1db">
         <name>.text</name>
         <load_address>0x33bc4d</load_address>
         <run_address>0x33bc4d</run_address>
         <size>0x107</size>
         <input_file_ref idref="fl-53"/>
      </object_component>
      <object_component id="oc-148">
         <name>.text:retain</name>
         <load_address>0x33bd54</load_address>
         <run_address>0x33bd54</run_address>
         <size>0xf8</size>
         <input_file_ref idref="fl-27"/>
      </object_component>
      <object_component id="oc-231">
         <name>.text</name>
         <load_address>0x33be4c</load_address>
         <run_address>0x33be4c</run_address>
         <size>0xdb</size>
         <input_file_ref idref="fl-22"/>
      </object_component>
      <object_component id="oc-22d">
         <name>.text</name>
         <load_address>0x33bf27</load_address>
         <run_address>0x33bf27</run_address>
         <size>0xcb</size>
         <input_file_ref idref="fl-18"/>
      </object_component>
      <object_component id="oc-256">
         <name>.text</name>
         <load_address>0x33bff2</load_address>
         <run_address>0x33bff2</run_address>
         <size>0xae</size>
         <input_file_ref idref="fl-49"/>
      </object_component>
      <object_component id="oc-246">
         <name>.text</name>
         <load_address>0x33c0a0</load_address>
         <run_address>0x33c0a0</run_address>
         <size>0x9c</size>
         <input_file_ref idref="fl-1e"/>
      </object_component>
      <object_component id="oc-1ae">
         <name>.text</name>
         <load_address>0x33c13c</load_address>
         <run_address>0x33c13c</run_address>
         <size>0x9c</size>
         <input_file_ref idref="fl-4a"/>
      </object_component>
      <object_component id="oc-1ef">
         <name>.text</name>
         <load_address>0x33c1d8</load_address>
         <run_address>0x33c1d8</run_address>
         <size>0x8b</size>
         <input_file_ref idref="fl-57"/>
      </object_component>
      <object_component id="oc-158">
         <name>.text</name>
         <load_address>0x33c263</load_address>
         <run_address>0x33c263</run_address>
         <size>0x88</size>
         <input_file_ref idref="fl-3a"/>
      </object_component>
      <object_component id="oc-1b8">
         <name>.text</name>
         <load_address>0x33c2eb</load_address>
         <run_address>0x33c2eb</run_address>
         <size>0x83</size>
         <input_file_ref idref="fl-4c"/>
      </object_component>
      <object_component id="oc-10a">
         <name>.text:retain</name>
         <load_address>0x33c36e</load_address>
         <run_address>0x33c36e</run_address>
         <size>0x79</size>
         <input_file_ref idref="fl-1c"/>
      </object_component>
      <object_component id="oc-252">
         <name>.text</name>
         <load_address>0x33c3e7</load_address>
         <run_address>0x33c3e7</run_address>
         <size>0x5f</size>
         <input_file_ref idref="fl-1d"/>
      </object_component>
      <object_component id="oc-255">
         <name>.text</name>
         <load_address>0x33c446</load_address>
         <run_address>0x33c446</run_address>
         <size>0x5a</size>
         <input_file_ref idref="fl-48"/>
      </object_component>
      <object_component id="oc-55">
         <name>.text</name>
         <load_address>0x33c4a0</load_address>
         <run_address>0x33c4a0</run_address>
         <size>0x56</size>
         <input_file_ref idref="fl-39"/>
      </object_component>
      <object_component id="oc-230">
         <name>.text</name>
         <load_address>0x33c4f6</load_address>
         <run_address>0x33c4f6</run_address>
         <size>0x37</size>
         <input_file_ref idref="fl-27"/>
      </object_component>
      <object_component id="oc-24b">
         <name>.text</name>
         <load_address>0x33c52d</load_address>
         <run_address>0x33c52d</run_address>
         <size>0x32</size>
         <input_file_ref idref="fl-38"/>
      </object_component>
      <object_component id="oc-253">
         <name>.text</name>
         <load_address>0x33c55f</load_address>
         <run_address>0x33c55f</run_address>
         <size>0x31</size>
         <input_file_ref idref="fl-59"/>
      </object_component>
      <object_component id="oc-254">
         <name>.text</name>
         <load_address>0x33c590</load_address>
         <run_address>0x33c590</run_address>
         <size>0x30</size>
         <input_file_ref idref="fl-58"/>
      </object_component>
      <object_component id="oc-1b3">
         <name>.text</name>
         <load_address>0x33c5c0</load_address>
         <run_address>0x33c5c0</run_address>
         <size>0x2a</size>
         <input_file_ref idref="fl-4b"/>
      </object_component>
      <object_component id="oc-218">
         <name>.text</name>
         <load_address>0x33c5ea</load_address>
         <run_address>0x33c5ea</run_address>
         <size>0x2a</size>
         <input_file_ref idref="fl-60"/>
      </object_component>
      <object_component id="oc-221">
         <name>.text</name>
         <load_address>0x33c614</load_address>
         <run_address>0x33c614</run_address>
         <size>0x29</size>
         <input_file_ref idref="fl-40"/>
      </object_component>
      <object_component id="oc-22e">
         <name>.text</name>
         <load_address>0x33c63d</load_address>
         <run_address>0x33c63d</run_address>
         <size>0x26</size>
         <input_file_ref idref="fl-14"/>
      </object_component>
      <object_component id="oc-25c">
         <name>.text</name>
         <load_address>0x33c663</load_address>
         <run_address>0x33c663</run_address>
         <size>0x25</size>
         <input_file_ref idref="fl-5f"/>
      </object_component>
      <object_component id="oc-21e">
         <name>.text</name>
         <load_address>0x33c688</load_address>
         <run_address>0x33c688</run_address>
         <size>0x24</size>
         <input_file_ref idref="fl-3c"/>
      </object_component>
      <object_component id="oc-1c7">
         <name>.text</name>
         <load_address>0x33c6ac</load_address>
         <run_address>0x33c6ac</run_address>
         <size>0x21</size>
         <input_file_ref idref="fl-4f"/>
      </object_component>
      <object_component id="oc-22f">
         <name>.text</name>
         <load_address>0x33c6cd</load_address>
         <run_address>0x33c6cd</run_address>
         <size>0x20</size>
         <input_file_ref idref="fl-15"/>
      </object_component>
      <object_component id="oc-1cc">
         <name>.text</name>
         <load_address>0x33c6ed</load_address>
         <run_address>0x33c6ed</run_address>
         <size>0x1f</size>
         <input_file_ref idref="fl-50"/>
      </object_component>
      <object_component id="oc-1d6">
         <name>.text</name>
         <load_address>0x33c70c</load_address>
         <run_address>0x33c70c</run_address>
         <size>0x1e</size>
         <input_file_ref idref="fl-52"/>
      </object_component>
      <object_component id="oc-1e0">
         <name>.text</name>
         <load_address>0x33c72a</load_address>
         <run_address>0x33c72a</run_address>
         <size>0x1d</size>
         <input_file_ref idref="fl-54"/>
      </object_component>
      <object_component id="oc-227">
         <name>.text</name>
         <load_address>0x33c747</load_address>
         <run_address>0x33c747</run_address>
         <size>0x1d</size>
         <input_file_ref idref="fl-3d"/>
      </object_component>
      <object_component id="oc-1ea">
         <name>.text</name>
         <load_address>0x33c764</load_address>
         <run_address>0x33c764</run_address>
         <size>0x1c</size>
         <input_file_ref idref="fl-56"/>
      </object_component>
      <object_component id="oc-1e5">
         <name>.text</name>
         <load_address>0x33c780</load_address>
         <run_address>0x33c780</run_address>
         <size>0x1c</size>
         <input_file_ref idref="fl-55"/>
      </object_component>
      <object_component id="oc-1d1">
         <name>.text</name>
         <load_address>0x33c79c</load_address>
         <run_address>0x33c79c</run_address>
         <size>0x18</size>
         <input_file_ref idref="fl-51"/>
      </object_component>
      <object_component id="oc-22b">
         <name>.text</name>
         <load_address>0x33c7b4</load_address>
         <run_address>0x33c7b4</run_address>
         <size>0x13</size>
         <input_file_ref idref="fl-13"/>
      </object_component>
      <object_component id="oc-220">
         <name>.text</name>
         <load_address>0x33c7c7</load_address>
         <run_address>0x33c7c7</run_address>
         <size>0x12</size>
         <input_file_ref idref="fl-42"/>
      </object_component>
      <object_component id="oc-259">
         <name>.text</name>
         <load_address>0x33c7d9</load_address>
         <run_address>0x33c7d9</run_address>
         <size>0x10</size>
         <input_file_ref idref="fl-5b"/>
      </object_component>
      <object_component id="oc-1c2">
         <name>.text</name>
         <load_address>0x33c7e9</load_address>
         <run_address>0x33c7e9</run_address>
         <size>0xe</size>
         <input_file_ref idref="fl-4e"/>
      </object_component>
      <object_component id="oc-257">
         <name>.text</name>
         <load_address>0x33c7f7</load_address>
         <run_address>0x33c7f7</run_address>
         <size>0xc</size>
         <input_file_ref idref="fl-5c"/>
      </object_component>
      <object_component id="oc-15d">
         <name>.text</name>
         <load_address>0x33c803</load_address>
         <run_address>0x33c803</run_address>
         <size>0xb</size>
         <input_file_ref idref="fl-3b"/>
      </object_component>
      <object_component id="oc-24a">
         <name>.text</name>
         <load_address>0x33c80e</load_address>
         <run_address>0x33c80e</run_address>
         <size>0xa</size>
         <input_file_ref idref="fl-44"/>
      </object_component>
      <object_component id="oc-242">
         <name>.text</name>
         <load_address>0x33c818</load_address>
         <run_address>0x33c818</run_address>
         <size>0x9</size>
         <input_file_ref idref="fl-41"/>
      </object_component>
      <object_component id="oc-1bd">
         <name>.text</name>
         <load_address>0x33c821</load_address>
         <run_address>0x33c821</run_address>
         <size>0x9</size>
         <input_file_ref idref="fl-4d"/>
      </object_component>
      <object_component id="oc-25a">
         <name>.text</name>
         <load_address>0x33c82a</load_address>
         <run_address>0x33c82a</run_address>
         <size>0x9</size>
         <input_file_ref idref="fl-47"/>
      </object_component>
      <object_component id="oc-62">
         <name>.text</name>
         <load_address>0x33c833</load_address>
         <run_address>0x33c833</run_address>
         <size>0x8</size>
         <input_file_ref idref="fl-5"/>
      </object_component>
      <object_component id="oc-249">
         <name>.text</name>
         <load_address>0x33c83b</load_address>
         <run_address>0x33c83b</run_address>
         <size>0x8</size>
         <input_file_ref idref="fl-45"/>
      </object_component>
      <object_component id="oc-7e">
         <name>.text</name>
         <load_address>0x33c843</load_address>
         <run_address>0x33c843</run_address>
         <size>0x7</size>
         <input_file_ref idref="fl-a"/>
      </object_component>
      <object_component id="oc-248">
         <name>.text</name>
         <load_address>0x33c84a</load_address>
         <run_address>0x33c84a</run_address>
         <size>0x7</size>
         <input_file_ref idref="fl-43"/>
      </object_component>
      <object_component id="oc-258">
         <name>.text</name>
         <load_address>0x33c851</load_address>
         <run_address>0x33c851</run_address>
         <size>0x5</size>
         <input_file_ref idref="fl-5d"/>
      </object_component>
      <object_component id="oc-6e">
         <name>.text</name>
         <load_address>0x33c856</load_address>
         <run_address>0x33c856</run_address>
         <size>0x3</size>
         <input_file_ref idref="fl-7"/>
      </object_component>
      <object_component id="oc-21d">
         <name>.text</name>
         <load_address>0x33c859</load_address>
         <run_address>0x33c859</run_address>
         <size>0x2</size>
         <input_file_ref idref="fl-3e"/>
      </object_component>
      <object_component id="oc-21f">
         <name>.text</name>
         <load_address>0x33c85b</load_address>
         <run_address>0x33c85b</run_address>
         <size>0x1</size>
         <input_file_ref idref="fl-3f"/>
      </object_component>
      <object_component id="oc-63">
         <name>codestart</name>
         <load_address>0x33fff6</load_address>
         <run_address>0x33fff6</run_address>
         <size>0x2</size>
         <input_file_ref idref="fl-5"/>
      </object_component>
      <object_component id="oc-22c">
         <name>.TI.ramfunc</name>
         <load_address>0x320000</load_address>
         <run_address>0x8000</run_address>
         <size>0x1b</size>
         <input_file_ref idref="fl-18"/>
      </object_component>
      <object_component id="oc-fd">
         <name>.TI.ramfunc</name>
         <load_address>0x32001b</load_address>
         <run_address>0x801b</run_address>
         <size>0x4</size>
         <input_file_ref idref="fl-1a"/>
      </object_component>
      <object_component id="oc-60">
         <name>csmpasswds</name>
         <load_address>0x33fff8</load_address>
         <run_address>0x33fff8</run_address>
         <size>0x8</size>
         <input_file_ref idref="fl-4"/>
      </object_component>
      <object_component id="oc-61">
         <name>csm_rsvd</name>
         <load_address>0x33ff80</load_address>
         <run_address>0x33ff80</run_address>
         <size>0x76</size>
         <input_file_ref idref="fl-4"/>
      </object_component>
      <object_component id="oc-152">
         <name>.stack</name>
         <uninitialized>true</uninitialized>
         <run_address>0x400</run_address>
         <size>0x0</size>
         <input_file_ref idref="fl-39"/>
      </object_component>
      <object_component id="oc-2bb">
         <name>.stack</name>
         <uninitialized>true</uninitialized>
         <run_address>0x400</run_address>
         <size>0x0</size>
      </object_component>
      <object_component id="oc-69">
         <name>.ebss</name>
         <uninitialized>true</uninitialized>
         <run_address>0xc49a</run_address>
         <size>0x18</size>
         <input_file_ref idref="fl-6"/>
      </object_component>
      <object_component id="oc-109">
         <name>.ebss</name>
         <uninitialized>true</uninitialized>
         <run_address>0xc4c0</run_address>
         <size>0x476</size>
         <input_file_ref idref="fl-1c"/>
      </object_component>
      <object_component id="oc-224">
         <name>.ebss:_revice_buff$1</name>
         <uninitialized>true</uninitialized>
         <run_address>0xcc24</run_address>
         <size>0x18</size>
         <input_file_ref idref="fl-1c"/>
      </object_component>
      <object_component id="oc-222">
         <name>.ebss:_buff</name>
         <uninitialized>true</uninitialized>
         <run_address>0xcc40</run_address>
         <size>0x64</size>
         <input_file_ref idref="fl-1c"/>
      </object_component>
      <object_component id="oc-110">
         <name>.ebss</name>
         <uninitialized>true</uninitialized>
         <run_address>0xc93c</run_address>
         <size>0x3</size>
         <input_file_ref idref="fl-1d"/>
      </object_component>
      <object_component id="oc-11b">
         <name>.ebss</name>
         <uninitialized>true</uninitialized>
         <run_address>0xc93f</run_address>
         <size>0x1</size>
         <input_file_ref idref="fl-1f"/>
      </object_component>
      <object_component id="oc-247">
         <name>.ebss:_FatFs</name>
         <uninitialized>true</uninitialized>
         <run_address>0xc4bc</run_address>
         <size>0x4</size>
         <input_file_ref idref="fl-1f"/>
      </object_component>
      <object_component id="oc-12c">
         <name>.ebss</name>
         <uninitialized>true</uninitialized>
         <run_address>0xc000</run_address>
         <size>0x49a</size>
         <input_file_ref idref="fl-23"/>
      </object_component>
      <object_component id="oc-240">
         <name>.ebss:_adc_buff</name>
         <uninitialized>true</uninitialized>
         <run_address>0xcbc0</run_address>
         <size>0x64</size>
         <input_file_ref idref="fl-23"/>
      </object_component>
      <object_component id="oc-237">
         <name>.ebss:_sd_write_buff</name>
         <uninitialized>true</uninitialized>
         <run_address>0xcb40</run_address>
         <size>0x78</size>
         <input_file_ref idref="fl-23"/>
      </object_component>
      <object_component id="oc-23e">
         <name>.ebss:_sd_read_buff</name>
         <uninitialized>true</uninitialized>
         <run_address>0xcac0</run_address>
         <size>0x78</size>
         <input_file_ref idref="fl-23"/>
      </object_component>
      <object_component id="oc-235">
         <name>.ebss:_eeprom_write_buff</name>
         <uninitialized>true</uninitialized>
         <run_address>0xca40</run_address>
         <size>0x78</size>
         <input_file_ref idref="fl-23"/>
      </object_component>
      <object_component id="oc-23c">
         <name>.ebss:_eeprom_read_buff</name>
         <uninitialized>true</uninitialized>
         <run_address>0xc940</run_address>
         <size>0x78</size>
         <input_file_ref idref="fl-23"/>
      </object_component>
      <object_component id="oc-23a">
         <name>.ebss:_eeprom_send_buff</name>
         <uninitialized>true</uninitialized>
         <run_address>0xc9c0</run_address>
         <size>0x78</size>
         <input_file_ref idref="fl-23"/>
      </object_component>
      <object_component id="oc-139">
         <name>.ebss</name>
         <uninitialized>true</uninitialized>
         <run_address>0xccc0</run_address>
         <size>0x40</size>
         <input_file_ref idref="fl-25"/>
      </object_component>
      <object_component id="oc-140">
         <name>.ebss</name>
         <uninitialized>true</uninitialized>
         <run_address>0xcd00</run_address>
         <size>0x38</size>
         <input_file_ref idref="fl-26"/>
      </object_component>
      <object_component id="oc-147">
         <name>.ebss</name>
         <uninitialized>true</uninitialized>
         <run_address>0xc4b2</run_address>
         <size>0xa</size>
         <input_file_ref idref="fl-27"/>
      </object_component>
      <object_component id="oc-178">
         <name>.ebss</name>
         <uninitialized>true</uninitialized>
         <run_address>0xc936</run_address>
         <size>0x6</size>
         <input_file_ref idref="fl-40"/>
      </object_component>
      <object_component id="oc-229">
         <name>.ebss:__lock</name>
         <uninitialized>true</uninitialized>
         <run_address>0xc9b8</run_address>
         <size>0x2</size>
         <input_file_ref idref="fl-41"/>
      </object_component>
      <object_component id="oc-24f">
         <name>.ebss:__unlock</name>
         <uninitialized>true</uninitialized>
         <run_address>0xc9ba</run_address>
         <size>0x2</size>
         <input_file_ref idref="fl-41"/>
      </object_component>
      <object_component id="oc-211">
         <name>.ebss</name>
         <uninitialized>true</uninitialized>
         <run_address>0xc9bc</run_address>
         <size>0x1</size>
         <input_file_ref idref="fl-5e"/>
      </object_component>
      <object_component id="oc-25b">
         <name>.econst:.string:__ctypes_</name>
         <load_address>0x33c85c</load_address>
         <run_address>0x33c85c</run_address>
         <size>0x101</size>
         <input_file_ref idref="fl-5a"/>
      </object_component>
      <object_component id="oc-244">
         <name>.econst:_PieVectTableInit</name>
         <load_address>0x33c95e</load_address>
         <run_address>0x33c95e</run_address>
         <size>0x100</size>
         <input_file_ref idref="fl-15"/>
      </object_component>
      <object_component id="oc-11c">
         <name>.econst:.string</name>
         <load_address>0x33ca5e</load_address>
         <run_address>0x33ca5e</run_address>
         <size>0x5a</size>
         <input_file_ref idref="fl-1f"/>
      </object_component>
      <object_component id="oc-198">
         <name>.econst:.string</name>
         <load_address>0x33cab8</load_address>
         <run_address>0x33cab8</run_address>
         <size>0x26</size>
         <input_file_ref idref="fl-46"/>
      </object_component>
      <object_component id="oc-12d">
         <name>.econst:.string</name>
         <load_address>0x33cade</load_address>
         <run_address>0x33cade</run_address>
         <size>0x23</size>
         <input_file_ref idref="fl-23"/>
      </object_component>
      <object_component id="oc-197">
         <name>.econst</name>
         <load_address>0x33cb02</load_address>
         <run_address>0x33cb02</run_address>
         <size>0x1c</size>
         <input_file_ref idref="fl-46"/>
      </object_component>
      <object_component id="oc-1a9">
         <name>.econst</name>
         <load_address>0x33cb1e</load_address>
         <run_address>0x33cb1e</run_address>
         <size>0x1c</size>
         <input_file_ref idref="fl-49"/>
      </object_component>
      <object_component id="oc-24c">
         <name>.econst:.string:_badchr$1</name>
         <load_address>0x33cb3a</load_address>
         <run_address>0x33cb3a</run_address>
         <size>0x12</size>
         <input_file_ref idref="fl-1f"/>
      </object_component>
      <object_component id="oc-245">
         <name>.econst:.string:_DbcTbl</name>
         <load_address>0x33cb4c</load_address>
         <run_address>0x33cb4c</run_address>
         <size>0xa</size>
         <input_file_ref idref="fl-1f"/>
      </object_component>
      <object_component id="oc-1a3">
         <name>.econst</name>
         <load_address>0x33cb56</load_address>
         <run_address>0x33cb56</run_address>
         <size>0x8</size>
         <input_file_ref idref="fl-48"/>
      </object_component>
      <object_component id="oc-24e">
         <name>.econst:_cst$2</name>
         <load_address>0x33cb5e</load_address>
         <run_address>0x33cb5e</run_address>
         <size>0x7</size>
         <input_file_ref idref="fl-1f"/>
      </object_component>
      <object_component id="oc-24d">
         <name>.econst:_cst32$3</name>
         <load_address>0x33cb65</load_address>
         <run_address>0x33cb65</run_address>
         <size>0x7</size>
         <input_file_ref idref="fl-1f"/>
      </object_component>
      <object_component id="oc-153">
         <name>.reset</name>
         <load_address>0x3fffc0</load_address>
         <run_address>0x3fffc0</run_address>
         <size>0x2</size>
         <input_file_ref idref="fl-39"/>
      </object_component>
      <object_component id="oc-56">
         <name>.adc_cal</name>
         <load_address>0x380080</load_address>
         <run_address>0x380080</run_address>
         <size>0x7</size>
         <input_file_ref idref="fl-2"/>
      </object_component>
      <object_component id="oc-57">
         <name>.debug_line</name>
         <load_address>0x0</load_address>
         <run_address>0x0</run_address>
         <size>0x50</size>
         <input_file_ref idref="fl-2"/>
      </object_component>
      <object_component id="oc-5d">
         <name>.debug_line</name>
         <load_address>0x50</load_address>
         <run_address>0x50</run_address>
         <size>0x39</size>
         <input_file_ref idref="fl-3"/>
      </object_component>
      <object_component id="oc-64">
         <name>.debug_line</name>
         <load_address>0x89</load_address>
         <run_address>0x89</run_address>
         <size>0x6e</size>
         <input_file_ref idref="fl-5"/>
      </object_component>
      <object_component id="oc-6b">
         <name>.debug_line</name>
         <load_address>0xf7</load_address>
         <run_address>0xf7</run_address>
         <size>0x3f</size>
         <input_file_ref idref="fl-6"/>
      </object_component>
      <object_component id="oc-6f">
         <name>.debug_line</name>
         <load_address>0x136</load_address>
         <run_address>0x136</run_address>
         <size>0x4e</size>
         <input_file_ref idref="fl-7"/>
      </object_component>
      <object_component id="oc-75">
         <name>.debug_line</name>
         <load_address>0x184</load_address>
         <run_address>0x184</run_address>
         <size>0x39</size>
         <input_file_ref idref="fl-8"/>
      </object_component>
      <object_component id="oc-7b">
         <name>.debug_line</name>
         <load_address>0x1bd</load_address>
         <run_address>0x1bd</run_address>
         <size>0x759</size>
         <input_file_ref idref="fl-9"/>
      </object_component>
      <object_component id="oc-7f">
         <name>.debug_line</name>
         <load_address>0x916</load_address>
         <run_address>0x916</run_address>
         <size>0x52</size>
         <input_file_ref idref="fl-a"/>
      </object_component>
      <object_component id="oc-85">
         <name>.debug_line</name>
         <load_address>0x968</load_address>
         <run_address>0x968</run_address>
         <size>0x3a</size>
         <input_file_ref idref="fl-b"/>
      </object_component>
      <object_component id="oc-8a">
         <name>.debug_line</name>
         <load_address>0x9a2</load_address>
         <run_address>0x9a2</run_address>
         <size>0x3a</size>
         <input_file_ref idref="fl-c"/>
      </object_component>
      <object_component id="oc-8f">
         <name>.debug_line</name>
         <load_address>0x9dc</load_address>
         <run_address>0x9dc</run_address>
         <size>0x3a</size>
         <input_file_ref idref="fl-d"/>
      </object_component>
      <object_component id="oc-94">
         <name>.debug_line</name>
         <load_address>0xa16</load_address>
         <run_address>0xa16</run_address>
         <size>0x3a</size>
         <input_file_ref idref="fl-e"/>
      </object_component>
      <object_component id="oc-cd">
         <name>.debug_line</name>
         <load_address>0xa50</load_address>
         <run_address>0xa50</run_address>
         <size>0x3a</size>
         <input_file_ref idref="fl-10"/>
      </object_component>
      <object_component id="oc-d2">
         <name>.debug_line</name>
         <load_address>0xa8a</load_address>
         <run_address>0xa8a</run_address>
         <size>0x39</size>
         <input_file_ref idref="fl-11"/>
      </object_component>
      <object_component id="oc-d7">
         <name>.debug_line</name>
         <load_address>0xac3</load_address>
         <run_address>0xac3</run_address>
         <size>0x3b</size>
         <input_file_ref idref="fl-12"/>
      </object_component>
      <object_component id="oc-dc">
         <name>.debug_line</name>
         <load_address>0xafe</load_address>
         <run_address>0xafe</run_address>
         <size>0x5f</size>
         <input_file_ref idref="fl-13"/>
      </object_component>
      <object_component id="oc-e1">
         <name>.debug_line</name>
         <load_address>0xb5d</load_address>
         <run_address>0xb5d</run_address>
         <size>0x8c</size>
         <input_file_ref idref="fl-14"/>
      </object_component>
      <object_component id="oc-e6">
         <name>.debug_line</name>
         <load_address>0xbe9</load_address>
         <run_address>0xbe9</run_address>
         <size>0x6f</size>
         <input_file_ref idref="fl-15"/>
      </object_component>
      <object_component id="oc-eb">
         <name>.debug_line</name>
         <load_address>0xc58</load_address>
         <run_address>0xc58</run_address>
         <size>0x39</size>
         <input_file_ref idref="fl-16"/>
      </object_component>
      <object_component id="oc-f0">
         <name>.debug_line</name>
         <load_address>0xc91</load_address>
         <run_address>0xc91</run_address>
         <size>0x39</size>
         <input_file_ref idref="fl-17"/>
      </object_component>
      <object_component id="oc-f5">
         <name>.debug_line</name>
         <load_address>0xcca</load_address>
         <run_address>0xcca</run_address>
         <size>0x159</size>
         <input_file_ref idref="fl-18"/>
      </object_component>
      <object_component id="oc-fa">
         <name>.debug_line</name>
         <load_address>0xe23</load_address>
         <run_address>0xe23</run_address>
         <size>0x3b</size>
         <input_file_ref idref="fl-19"/>
      </object_component>
      <object_component id="oc-fe">
         <name>.debug_line</name>
         <load_address>0xe5e</load_address>
         <run_address>0xe5e</run_address>
         <size>0x52</size>
         <input_file_ref idref="fl-1a"/>
      </object_component>
      <object_component id="oc-104">
         <name>.debug_line</name>
         <load_address>0xeb0</load_address>
         <run_address>0xeb0</run_address>
         <size>0x316</size>
         <input_file_ref idref="fl-1b"/>
      </object_component>
      <object_component id="oc-10c">
         <name>.debug_line</name>
         <load_address>0x11c6</load_address>
         <run_address>0x11c6</run_address>
         <size>0x28d</size>
         <input_file_ref idref="fl-1c"/>
      </object_component>
      <object_component id="oc-112">
         <name>.debug_line</name>
         <load_address>0x1453</load_address>
         <run_address>0x1453</run_address>
         <size>0x15c</size>
         <input_file_ref idref="fl-1d"/>
      </object_component>
      <object_component id="oc-117">
         <name>.debug_line</name>
         <load_address>0x15af</load_address>
         <run_address>0x15af</run_address>
         <size>0x148</size>
         <input_file_ref idref="fl-1e"/>
      </object_component>
      <object_component id="oc-11e">
         <name>.debug_line</name>
         <load_address>0x16f7</load_address>
         <run_address>0x16f7</run_address>
         <size>0x1be1</size>
         <input_file_ref idref="fl-1f"/>
      </object_component>
      <object_component id="oc-127">
         <name>.debug_line</name>
         <load_address>0x32d8</load_address>
         <run_address>0x32d8</run_address>
         <size>0xe7</size>
         <input_file_ref idref="fl-22"/>
      </object_component>
      <object_component id="oc-12f">
         <name>.debug_line</name>
         <load_address>0x33bf</load_address>
         <run_address>0x33bf</run_address>
         <size>0x1d7</size>
         <input_file_ref idref="fl-23"/>
      </object_component>
      <object_component id="oc-134">
         <name>.debug_line</name>
         <load_address>0x3596</load_address>
         <run_address>0x3596</run_address>
         <size>0x1da</size>
         <input_file_ref idref="fl-24"/>
      </object_component>
      <object_component id="oc-13b">
         <name>.debug_line</name>
         <load_address>0x3770</load_address>
         <run_address>0x3770</run_address>
         <size>0x3a3</size>
         <input_file_ref idref="fl-25"/>
      </object_component>
      <object_component id="oc-142">
         <name>.debug_line</name>
         <load_address>0x3b13</load_address>
         <run_address>0x3b13</run_address>
         <size>0x333</size>
         <input_file_ref idref="fl-26"/>
      </object_component>
      <object_component id="oc-14a">
         <name>.debug_line</name>
         <load_address>0x3e46</load_address>
         <run_address>0x3e46</run_address>
         <size>0x11d</size>
         <input_file_ref idref="fl-27"/>
      </object_component>
      <object_component id="oc-14f">
         <name>.debug_line</name>
         <load_address>0x3f63</load_address>
         <run_address>0x3f63</run_address>
         <size>0x7e</size>
         <input_file_ref idref="fl-38"/>
      </object_component>
      <object_component id="oc-155">
         <name>.debug_line</name>
         <load_address>0x3fe1</load_address>
         <run_address>0x3fe1</run_address>
         <size>0x7e</size>
         <input_file_ref idref="fl-39"/>
      </object_component>
      <object_component id="oc-15a">
         <name>.debug_line</name>
         <load_address>0x405f</load_address>
         <run_address>0x405f</run_address>
         <size>0xad</size>
         <input_file_ref idref="fl-3a"/>
      </object_component>
      <object_component id="oc-15f">
         <name>.debug_line</name>
         <load_address>0x410c</load_address>
         <run_address>0x410c</run_address>
         <size>0x52</size>
         <input_file_ref idref="fl-3b"/>
      </object_component>
      <object_component id="oc-164">
         <name>.debug_line</name>
         <load_address>0x415e</load_address>
         <run_address>0x415e</run_address>
         <size>0x50</size>
         <input_file_ref idref="fl-3c"/>
      </object_component>
      <object_component id="oc-169">
         <name>.debug_line</name>
         <load_address>0x41ae</load_address>
         <run_address>0x41ae</run_address>
         <size>0x62</size>
         <input_file_ref idref="fl-3d"/>
      </object_component>
      <object_component id="oc-16e">
         <name>.debug_line</name>
         <load_address>0x4210</load_address>
         <run_address>0x4210</run_address>
         <size>0x3e</size>
         <input_file_ref idref="fl-3e"/>
      </object_component>
      <object_component id="oc-173">
         <name>.debug_line</name>
         <load_address>0x424e</load_address>
         <run_address>0x424e</run_address>
         <size>0x3a</size>
         <input_file_ref idref="fl-3f"/>
      </object_component>
      <object_component id="oc-17a">
         <name>.debug_line</name>
         <load_address>0x4288</load_address>
         <run_address>0x4288</run_address>
         <size>0x65</size>
         <input_file_ref idref="fl-40"/>
      </object_component>
      <object_component id="oc-17f">
         <name>.debug_line</name>
         <load_address>0x42ed</load_address>
         <run_address>0x42ed</run_address>
         <size>0x5e</size>
         <input_file_ref idref="fl-41"/>
      </object_component>
      <object_component id="oc-184">
         <name>.debug_line</name>
         <load_address>0x434b</load_address>
         <run_address>0x434b</run_address>
         <size>0x4f</size>
         <input_file_ref idref="fl-42"/>
      </object_component>
      <object_component id="oc-189">
         <name>.debug_line</name>
         <load_address>0x439a</load_address>
         <run_address>0x439a</run_address>
         <size>0xb1</size>
         <input_file_ref idref="fl-43"/>
      </object_component>
      <object_component id="oc-18e">
         <name>.debug_line</name>
         <load_address>0x444b</load_address>
         <run_address>0x444b</run_address>
         <size>0xaf</size>
         <input_file_ref idref="fl-44"/>
      </object_component>
      <object_component id="oc-193">
         <name>.debug_line</name>
         <load_address>0x44fa</load_address>
         <run_address>0x44fa</run_address>
         <size>0xae</size>
         <input_file_ref idref="fl-45"/>
      </object_component>
      <object_component id="oc-19a">
         <name>.debug_line</name>
         <load_address>0x45a8</load_address>
         <run_address>0x45a8</run_address>
         <size>0xd46</size>
         <input_file_ref idref="fl-46"/>
      </object_component>
      <object_component id="oc-19f">
         <name>.debug_line</name>
         <load_address>0x52ee</load_address>
         <run_address>0x52ee</run_address>
         <size>0x40</size>
         <input_file_ref idref="fl-47"/>
      </object_component>
      <object_component id="oc-1a5">
         <name>.debug_line</name>
         <load_address>0x532e</load_address>
         <run_address>0x532e</run_address>
         <size>0x58</size>
         <input_file_ref idref="fl-48"/>
      </object_component>
      <object_component id="oc-1ab">
         <name>.debug_line</name>
         <load_address>0x5386</load_address>
         <run_address>0x5386</run_address>
         <size>0x72</size>
         <input_file_ref idref="fl-49"/>
      </object_component>
      <object_component id="oc-1b0">
         <name>.debug_line</name>
         <load_address>0x53f8</load_address>
         <run_address>0x53f8</run_address>
         <size>0xc4</size>
         <input_file_ref idref="fl-4a"/>
      </object_component>
      <object_component id="oc-1b5">
         <name>.debug_line</name>
         <load_address>0x54bc</load_address>
         <run_address>0x54bc</run_address>
         <size>0x60</size>
         <input_file_ref idref="fl-4b"/>
      </object_component>
      <object_component id="oc-1ba">
         <name>.debug_line</name>
         <load_address>0x551c</load_address>
         <run_address>0x551c</run_address>
         <size>0xa2</size>
         <input_file_ref idref="fl-4c"/>
      </object_component>
      <object_component id="oc-1bf">
         <name>.debug_line</name>
         <load_address>0x55be</load_address>
         <run_address>0x55be</run_address>
         <size>0x45</size>
         <input_file_ref idref="fl-4d"/>
      </object_component>
      <object_component id="oc-1c4">
         <name>.debug_line</name>
         <load_address>0x5603</load_address>
         <run_address>0x5603</run_address>
         <size>0x49</size>
         <input_file_ref idref="fl-4e"/>
      </object_component>
      <object_component id="oc-1c9">
         <name>.debug_line</name>
         <load_address>0x564c</load_address>
         <run_address>0x564c</run_address>
         <size>0x59</size>
         <input_file_ref idref="fl-4f"/>
      </object_component>
      <object_component id="oc-1ce">
         <name>.debug_line</name>
         <load_address>0x56a5</load_address>
         <run_address>0x56a5</run_address>
         <size>0x58</size>
         <input_file_ref idref="fl-50"/>
      </object_component>
      <object_component id="oc-1d3">
         <name>.debug_line</name>
         <load_address>0x56fd</load_address>
         <run_address>0x56fd</run_address>
         <size>0x6c</size>
         <input_file_ref idref="fl-51"/>
      </object_component>
      <object_component id="oc-1d8">
         <name>.debug_line</name>
         <load_address>0x5769</load_address>
         <run_address>0x5769</run_address>
         <size>0x63</size>
         <input_file_ref idref="fl-52"/>
      </object_component>
      <object_component id="oc-1dd">
         <name>.debug_line</name>
         <load_address>0x57cc</load_address>
         <run_address>0x57cc</run_address>
         <size>0x16b</size>
         <input_file_ref idref="fl-53"/>
      </object_component>
      <object_component id="oc-1e2">
         <name>.debug_line</name>
         <load_address>0x5937</load_address>
         <run_address>0x5937</run_address>
         <size>0x57</size>
         <input_file_ref idref="fl-54"/>
      </object_component>
      <object_component id="oc-1e7">
         <name>.debug_line</name>
         <load_address>0x598e</load_address>
         <run_address>0x598e</run_address>
         <size>0x56</size>
         <input_file_ref idref="fl-55"/>
      </object_component>
      <object_component id="oc-1ec">
         <name>.debug_line</name>
         <load_address>0x59e4</load_address>
         <run_address>0x59e4</run_address>
         <size>0x58</size>
         <input_file_ref idref="fl-56"/>
      </object_component>
      <object_component id="oc-1f1">
         <name>.debug_line</name>
         <load_address>0x5a3c</load_address>
         <run_address>0x5a3c</run_address>
         <size>0xb3</size>
         <input_file_ref idref="fl-57"/>
      </object_component>
      <object_component id="oc-1f6">
         <name>.debug_line</name>
         <load_address>0x5aef</load_address>
         <run_address>0x5aef</run_address>
         <size>0x60</size>
         <input_file_ref idref="fl-58"/>
      </object_component>
      <object_component id="oc-1fb">
         <name>.debug_line</name>
         <load_address>0x5b4f</load_address>
         <run_address>0x5b4f</run_address>
         <size>0x6a</size>
         <input_file_ref idref="fl-59"/>
      </object_component>
      <object_component id="oc-202">
         <name>.debug_line</name>
         <load_address>0x5bb9</load_address>
         <run_address>0x5bb9</run_address>
         <size>0x54</size>
         <input_file_ref idref="fl-5b"/>
      </object_component>
      <object_component id="oc-207">
         <name>.debug_line</name>
         <load_address>0x5c0d</load_address>
         <run_address>0x5c0d</run_address>
         <size>0xaf</size>
         <input_file_ref idref="fl-5c"/>
      </object_component>
      <object_component id="oc-20c">
         <name>.debug_line</name>
         <load_address>0x5cbc</load_address>
         <run_address>0x5cbc</run_address>
         <size>0xa8</size>
         <input_file_ref idref="fl-5d"/>
      </object_component>
      <object_component id="oc-215">
         <name>.debug_line</name>
         <load_address>0x5d64</load_address>
         <run_address>0x5d64</run_address>
         <size>0x42</size>
         <input_file_ref idref="fl-5f"/>
      </object_component>
      <object_component id="oc-21a">
         <name>.debug_line</name>
         <load_address>0x5da6</load_address>
         <run_address>0x5da6</run_address>
         <size>0x8e</size>
         <input_file_ref idref="fl-60"/>
      </object_component>
      <object_component id="oc-58">
         <name>.debug_info</name>
         <load_address>0x0</load_address>
         <run_address>0x0</run_address>
         <size>0xf4</size>
         <input_file_ref idref="fl-2"/>
      </object_component>
      <object_component id="oc-5b">
         <name>.debug_info</name>
         <load_address>0xf4</load_address>
         <run_address>0xf4</run_address>
         <size>0x1e63</size>
         <input_file_ref idref="fl-3"/>
      </object_component>
      <object_component id="oc-65">
         <name>.debug_info</name>
         <load_address>0x1f57</load_address>
         <run_address>0x1f57</run_address>
         <size>0x134</size>
         <input_file_ref idref="fl-5"/>
      </object_component>
      <object_component id="oc-68">
         <name>.debug_info</name>
         <load_address>0x208b</load_address>
         <run_address>0x208b</run_address>
         <size>0x805</size>
         <input_file_ref idref="fl-6"/>
      </object_component>
      <object_component id="oc-70">
         <name>.debug_info</name>
         <load_address>0x2890</load_address>
         <run_address>0x2890</run_address>
         <size>0xf2</size>
         <input_file_ref idref="fl-7"/>
[...]
      </symbol>
      <symbol id="sm-798">
         <name>_Rs422_revice_type</name>
         <value>0xc013</value>
         <object_component_ref idref="oc-12c"/>
      </symbol>
      <symbol id="sm-799">
         <name>_test_eeprom_write</name>
         <value>0xc00e</value>
         <object_component_ref idref="oc-12c"/>
      </symbol>
      <symbol id="sm-79a">
         <name>_adc_buff</name>
         <value>0xcbc0</value>
         <object_component_ref idref="oc-240"/>
      </symbol>
      <symbol id="sm-79b">
         <name>_i</name>
         <value>0xc00f</value>
         <object_component_ref idref="oc-12c"/>
      </symbol>
      <symbol id="sm-79c">
         <name>_sd_write_buff</name>
         <value>0xcb40</value>
         <object_component_ref idref="oc-237"/>
      </symbol>
      <symbol id="sm-79d">
         <name>_readlen</name>
         <value>0xc009</value>
         <object_component_ref idref="oc-12c"/>
      </symbol>
      <symbol id="sm-7af">
         <name>_set_switch3_status</name>
         <value>0x33bc05</value>
         <object_component_ref idref="oc-226"/>
      </symbol>
      <symbol id="sm-7b1">
         <name>_set_switch4_status</name>
         <value>0x33bc17</value>
         <object_component_ref idref="oc-226"/>
      </symbol>
      <symbol id="sm-7b3">
         <name>_Pwm1_Switch1_Int</name>
         <value>0x33bb1b</value>
         <object_component_ref idref="oc-226"/>
      </symbol>
      <symbol id="sm-7b5">
         <name>_Pwm3_Switch3_Int</name>
         <value>0x33bb5d</value>
         <object_component_ref idref="oc-226"/>
      </symbol>
      <symbol id="sm-7b7">
         <name>_Pwm6_Motor2_Int</name>
         <value>0x33bbc0</value>
         <object_component_ref idref="oc-226"/>
      </symbol>
      <symbol id="sm-7b9">
         <name>_set_switch2_status</name>
         <value>0x33bbf3</value>
         <object_component_ref idref="oc-226"/>
      </symbol>
      <symbol id="sm-7bb">
         <name>_Pwm5_Motor1_Int</name>
         <value>0x33bb9f</value>
         <object_component_ref idref="oc-226"/>
      </symbol>
      <symbol id="sm-7bd">
         <name>_Pwm4_Switch4_Int</name>
         <value>0x33bb7e</value>
         <object_component_ref idref="oc-226"/>
      </symbol>
      <symbol id="sm-7bf">
         <name>_set_motor1_status</name>
         <value>0x33bc29</value>
         <object_component_ref idref="oc-226"/>
      </symbol>
      <symbol id="sm-7c1">
         <name>_Pwm2_Switch2_Int</name>
         <value>0x33bb3c</value>
         <object_component_ref idref="oc-226"/>
      </symbol>
      <symbol id="sm-7c3">
         <name>_set_switch1_status</name>
         <value>0x33bbe1</value>
         <object_component_ref idref="oc-226"/>
      </symbol>
      <symbol id="sm-7c5">
         <name>_set_motor2_status</name>
         <value>0x33bc3b</value>
         <object_component_ref idref="oc-226"/>
      </symbol>
      <symbol id="sm-817">
         <name>_SD_Init</name>
         <value>0x33ae71</value>
         <object_component_ref idref="oc-250"/>
      </symbol>
      <symbol id="sm-819">
         <name>_SDCardInfo</name>
         <value>0xccc4</value>
         <object_component_ref idref="oc-139"/>
      </symbol>
      <symbol id="sm-81a">
         <name>_SD_ReceiveData</name>
         <value>0x33b0f7</value>
         <object_component_ref idref="oc-250"/>
      </symbol>
      <symbol id="sm-81c">
         <name>_SD_GetCID</name>
         <value>0x33b12b</value>
         <object_component_ref idref="oc-250"/>
      </symbol>
      <symbol id="sm-81e">
         <name>_SPI_ReadWriteByte</name>
         <value>0x33aefb</value>
         <object_component_ref idref="oc-250"/>
      </symbol>
      <symbol id="sm-820">
         <name>_SD_GetCSD</name>
         <value>0x33b196</value>
         <object_component_ref idref="oc-250"/>
      </symbol>
      <symbol id="sm-822">
         <name>_SD_ReadSingleBlock</name>
         <value>0x33b0a2</value>
         <object_component_ref idref="oc-250"/>
      </symbol>
      <symbol id="sm-824">
         <name>_SD_Write_Cmd_NoDeassert</name>
         <value>0x33af6a</value>
         <object_component_ref idref="oc-250"/>
      </symbol>
      <symbol id="sm-826">
         <name>_SD_Type</name>
         <value>0xccc2</value>
         <object_component_ref idref="oc-139"/>
      </symbol>
      <symbol id="sm-827">
         <name>_SD_GetCapacity</name>
         <value>0x33b13d</value>
         <object_component_ref idref="oc-250"/>
      </symbol>
      <symbol id="sm-829">
         <name>_SPI_Speed</name>
         <value>0xccc1</value>
         <object_component_ref idref="oc-139"/>
      </symbol>
      <symbol id="sm-82a">
         <name>_SD_WaitReady</name>
         <value>0x33b08d</value>
         <object_component_ref idref="oc-250"/>
      </symbol>
      <symbol id="sm-82c">
         <name>_SD_Reset</name>
         <value>0x33af9a</value>
         <object_component_ref idref="oc-250"/>
      </symbol>
      <symbol id="sm-82e">
         <name>_SD_ReadMultiBlock</name>
         <value>0x33b0c3</value>
         <object_component_ref idref="oc-250"/>
      </symbol>
      <symbol id="sm-830">
         <name>_SD_WriteSingleBlock</name>
         <value>0x33afca</value>
         <object_component_ref idref="oc-250"/>
      </symbol>
      <symbol id="sm-832">
         <name>_SD_WriteMultiBlock</name>
         <value>0x33b025</value>
         <object_component_ref idref="oc-250"/>
      </symbol>
      <symbol id="sm-834">
         <name>_SD_Write_Cmd</name>
         <value>0x33af35</value>
         <object_component_ref idref="oc-250"/>
      </symbol>
      <symbol id="sm-836">
         <name>_sd_card_status</name>
         <value>0xccc0</value>
         <object_component_ref idref="oc-139"/>
      </symbol>
      <symbol id="sm-85e">
         <name>_ADS_START_H</name>
         <value>0x33b74e</value>
         <object_component_ref idref="oc-233"/>
      </symbol>
      <symbol id="sm-860">
         <name>_ADS_START_L</name>
         <value>0x33b749</value>
         <object_component_ref idref="oc-233"/>
      </symbol>
      <symbol id="sm-862">
         <name>_ADS_SCLK_H</name>
         <value>0x33b72e</value>
         <object_component_ref idref="oc-233"/>
      </symbol>
      <symbol id="sm-864">
         <name>_ADS_SCLK_L</name>
         <value>0x33b733</value>
         <object_component_ref idref="oc-233"/>
      </symbol>
      <symbol id="sm-866">
         <name>_Read_ADS_DRDY</name>
         <value>0x33b75d</value>
         <object_component_ref idref="oc-233"/>
      </symbol>
      <symbol id="sm-868">
         <name>_SPI_READ_BYTE1</name>
         <value>0x33b850</value>
         <object_component_ref idref="oc-233"/>
      </symbol>
      <symbol id="sm-86a">
         <name>_AD_Delay1</name>
         <value>0x33b90d</value>
         <object_component_ref idref="oc-233"/>
      </symbol>
      <symbol id="sm-86c">
         <name>_SPI_MOSI_High</name>
         <value>0x33b738</value>
         <object_component_ref idref="oc-233"/>
      </symbol>
      <symbol id="sm-86e">
         <name>_timecount</name>
         <value>0xcd04</value>
         <object_component_ref idref="oc-140"/>
      </symbol>
      <symbol id="sm-86f">
         <name>_SPI_MOSI_Low</name>
         <value>0x33b73d</value>
         <object_component_ref idref="oc-233"/>
      </symbol>
      <symbol id="sm-871">
         <name>_readcount</name>
         <value>0xcd02</value>
         <object_component_ref idref="oc-140"/>
      </symbol>
      <symbol id="sm-872">
         <name>_time</name>
         <value>0xcd00</value>
         <object_component_ref idref="oc-140"/>
      </symbol>
      <symbol id="sm-873">
         <name>_ADC_Read</name>
         <value>0x33b917</value>
         <object_component_ref idref="oc-233"/>
      </symbol>
      <symbol id="sm-875">
         <name>_SPI_END</name>
         <value>0x33b828</value>
         <object_component_ref idref="oc-233"/>
      </symbol>
      <symbol id="sm-877">
         <name>_ADS1258_ReadDate</name>
         <value>0x33b86d</value>
         <object_component_ref idref="oc-233"/>
      </symbol>
      <symbol id="sm-879">
         <name>_Get_SPI_MISO</name>
         <value>0x33b742</value>
         <object_component_ref idref="oc-233"/>
      </symbol>
      <symbol id="sm-87b">
         <name>_SPI_SEND_BYTE</name>
         <value>0x33b831</value>
         <object_component_ref idref="oc-233"/>
      </symbol>
      <symbol id="sm-87d">
         <name>_ADS1258_Int</name>
         <value>0x33b763</value>
         <object_component_ref idref="oc-233"/>
      </symbol>
      <symbol id="sm-87f">
         <name>_ADS_CS_H</name>
         <value>0x33b758</value>
         <object_component_ref idref="oc-233"/>
      </symbol>
      <symbol id="sm-881">
         <name>_ADS_CS_L</name>
         <value>0x33b753</value>
         <object_component_ref idref="oc-233"/>
      </symbol>
      <symbol id="sm-883">
         <name>_AD_Delay</name>
         <value>0x33b901</value>
         <object_component_ref idref="oc-233"/>
      </symbol>
      <symbol id="sm-885">
         <name>_ADC_CURRENT_mA</name>
         <value>0xcd06</value>
         <object_component_ref idref="oc-140"/>
      </symbol>
      <symbol id="sm-886">
         <name>_SPI_START</name>
         <value>0x33b81f</value>
         <object_component_ref idref="oc-233"/>
      </symbol>
      <symbol id="sm-8b2">
         <name>_Time0_Int</name>
         <value>0x33c4f6</value>
         <object_component_ref idref="oc-230"/>
      </symbol>
      <symbol id="sm-8b4">
         <name>_ADS_count</name>
         <value>0xc4b6</value>
         <object_component_ref idref="oc-147"/>
      </symbol>
      <symbol id="sm-8b5">
         <name>_Collection_ADC</name>
         <value>0xc4b2</value>
         <object_component_ref idref="oc-147"/>
      </symbol>
      <symbol id="sm-8b6">
         <name>_task_run</name>
         <value>0x33c522</value>
         <object_component_ref idref="oc-230"/>
      </symbol>
      <symbol id="sm-8b8">
         <name>_Time0_Interrupt_Handler</name>
         <value>0x33bd54</value>
         <object_component_ref idref="oc-148"/>
      </symbol>
      <symbol id="sm-8c7">
         <name>_sprintf</name>
         <value>0x33c52d</value>
         <object_component_ref idref="oc-24b"/>
      </symbol>
      <symbol id="sm-8e3">
         <name>_c_int00</name>
         <value>0x33c4a0</value>
         <object_component_ref idref="oc-55"/>
      </symbol>
      <symbol id="sm-8e4">
         <name>__stack</name>
         <value>0x400</value>
         <object_component_ref idref="oc-152"/>
      </symbol>
      <symbol id="sm-8f5">
         <name>FS$$DIV</name>
         <value>0x33c263</value>
         <object_component_ref idref="oc-158"/>
      </symbol>
      <symbol id="sm-901">
         <name>U$$MOD</name>
         <value>0x33c808</value>
         <object_component_ref idref="oc-15d"/>
      </symbol>
      <symbol id="sm-902">
         <name>U$$DIV</name>
         <value>0x33c803</value>
         <object_component_ref idref="oc-15d"/>
      </symbol>
      <symbol id="sm-911">
         <name>_copy_in</name>
         <value>0x33c688</value>
         <object_component_ref idref="oc-21e"/>
      </symbol>
      <symbol id="sm-923">
         <name>_memcpy</name>
         <value>0x33c747</value>
         <object_component_ref idref="oc-227"/>
      </symbol>
      <symbol id="sm-930">
         <name>__system_pre_init</name>
         <value>0x33c859</value>
         <object_component_ref idref="oc-21d"/>
      </symbol>
      <symbol id="sm-93e">
         <name>__system_post_cinit</name>
         <value>0x33c85b</value>
         <object_component_ref idref="oc-21f"/>
      </symbol>
      <symbol id="sm-953">
         <name>C$$EXIT</name>
         <value>0x33c614</value>
         <object_component_ref idref="oc-221"/>
      </symbol>
      <symbol id="sm-954">
         <name>_exit</name>
         <value>0x33c616</value>
         <object_component_ref idref="oc-221"/>
      </symbol>
      <symbol id="sm-956">
         <name>___TI_cleanup_ptr</name>
         <value>0xc938</value>
         <object_component_ref idref="oc-178"/>
      </symbol>
      <symbol id="sm-957">
         <name>___TI_enable_exit_profile_output</name>
         <value>0xc936</value>
         <object_component_ref idref="oc-178"/>
      </symbol>
      <symbol id="sm-958">
         <name>_abort</name>
         <value>0x33c614</value>
         <object_component_ref idref="oc-221"/>
      </symbol>
      <symbol id="sm-95a">
         <name>___TI_dtors_ptr</name>
         <value>0xc93a</value>
         <object_component_ref idref="oc-178"/>
      </symbol>
      <symbol id="sm-96e">
         <name>__unlock</name>
         <value>0xc9ba</value>
         <object_component_ref idref="oc-24f"/>
      </symbol>
      <symbol id="sm-96f">
         <name>__lock</name>
         <value>0xc9b8</value>
         <object_component_ref idref="oc-229"/>
      </symbol>
      <symbol id="sm-970">
         <name>__register_lock</name>
         <value>0x33c81c</value>
         <object_component_ref idref="oc-242"/>
      </symbol>
      <symbol id="sm-972">
         <name>__nop</name>
         <value>0x33c820</value>
         <object_component_ref idref="oc-242"/>
      </symbol>
      <symbol id="sm-974">
         <name>__register_unlock</name>
         <value>0x33c818</value>
         <object_component_ref idref="oc-242"/>
      </symbol>
      <symbol id="sm-984">
         <name>__args_main</name>
         <value>0x33c7c7</value>
         <object_component_ref idref="oc-220"/>
      </symbol>
      <symbol id="sm-993">
         <name>_memset</name>
         <value>0x33c84a</value>
         <object_component_ref idref="oc-248"/>
      </symbol>
      <symbol id="sm-9a2">
         <name>_strcmp</name>
         <value>0x33c80e</value>
         <object_component_ref idref="oc-24a"/>
      </symbol>
      <symbol id="sm-9b0">
         <name>_strlen</name>
         <value>0x33c83b</value>
         <object_component_ref idref="oc-249"/>
      </symbol>
      <symbol id="sm-b11">
         <name>___TI_printfi</name>
         <value>0x33a8ab</value>
         <object_component_ref idref="oc-251"/>
      </symbol>
      <symbol id="sm-b20">
         <name>_wcslen</name>
         <value>0x33c82a</value>
         <object_component_ref idref="oc-25a"/>
      </symbol>
      <symbol id="sm-b34">
         <name>_frexpl</name>
         <value>0x33c446</value>
         <object_component_ref idref="oc-255"/>
      </symbol>
      <symbol id="sm-b53">
         <name>_scalbnl</name>
         <value>0x33bff2</value>
         <object_component_ref idref="oc-256"/>
      </symbol>
      <symbol id="sm-b55">
         <name>_ldexpl</name>
         <value>0x33bff2</value>
         <object_component_ref idref="oc-256"/>
      </symbol>
      <symbol id="sm-b70">
         <name>FD$$ADD</name>
         <value>0x33c13c</value>
         <object_component_ref idref="oc-1ae"/>
      </symbol>
      <symbol id="sm-b80">
         <name>FD$$CMP</name>
         <value>0x33c5c0</value>
         <object_component_ref idref="oc-1b3"/>
      </symbol>
      <symbol id="sm-b92">
         <name>FD$$MPY</name>
         <value>0x33c2eb</value>
         <object_component_ref idref="oc-1b8"/>
      </symbol>
      <symbol id="sm-b9f">
         <name>FD$$NEG</name>
         <value>0x33c821</value>
         <object_component_ref idref="oc-1bd"/>
      </symbol>
      <symbol id="sm-bab">
         <name>FD$$SUB</name>
         <value>0x33c7e9</value>
         <object_component_ref idref="oc-1c2"/>
      </symbol>
      <symbol id="sm-bba">
         <name>FD$$TOI</name>
         <value>0x33c6ac</value>
         <object_component_ref idref="oc-1c7"/>
      </symbol>
      <symbol id="sm-bc9">
         <name>FD$$TOL</name>
         <value>0x33c6ed</value>
         <object_component_ref idref="oc-1cc"/>
      </symbol>
      <symbol id="sm-bd5">
         <name>LL$$AND</name>
         <value>0x33c79c</value>
         <object_component_ref idref="oc-1d1"/>
      </symbol>
      <symbol id="sm-bd6">
         <name>LL$$OR</name>
         <value>0x33c7a4</value>
         <object_component_ref idref="oc-1d1"/>
      </symbol>
      <symbol id="sm-bd7">
         <name>LL$$XOR</name>
         <value>0x33c7ac</value>
         <object_component_ref idref="oc-1d1"/>
      </symbol>
      <symbol id="sm-be5">
         <name>ULL$$CMP</name>
         <value>0x33c71e</value>
         <object_component_ref idref="oc-1d6"/>
      </symbol>
      <symbol id="sm-be6">
         <name>LL$$CMP</name>
         <value>0x33c70c</value>
         <object_component_ref idref="oc-1d6"/>
      </symbol>
      <symbol id="sm-c12">
         <name>ULL$$MOD</name>
         <value>0x33bcf2</value>
         <object_component_ref idref="oc-1db"/>
      </symbol>
      <symbol id="sm-c13">
         <name>ULL$$DIV</name>
         <value>0x33bcc3</value>
         <object_component_ref idref="oc-1db"/>
      </symbol>
      <symbol id="sm-c14">
         <name>LL$$MOD</name>
         <value>0x33bc89</value>
         <object_component_ref idref="oc-1db"/>
      </symbol>
      <symbol id="sm-c15">
         <name>LL$$DIV</name>
         <value>0x33bc4d</value>
         <object_component_ref idref="oc-1db"/>
      </symbol>
      <symbol id="sm-c25">
         <name>I$$TOFD</name>
         <value>0x33c72a</value>
         <object_component_ref idref="oc-1e0"/>
      </symbol>
      <symbol id="sm-c35">
         <name>L$$TOFD</name>
         <value>0x33c780</value>
         <object_component_ref idref="oc-1e5"/>
      </symbol>
      <symbol id="sm-c45">
         <name>FS$$TOFD</name>
         <value>0x33c764</value>
         <object_component_ref idref="oc-1ea"/>
      </symbol>
      <symbol id="sm-c5c">
         <name>FD$$DIV</name>
         <value>0x33c1d8</value>
         <object_component_ref idref="oc-1ef"/>
      </symbol>
      <symbol id="sm-c6a">
         <name>___TI_ltoa</name>
         <value>0x33c590</value>
         <object_component_ref idref="oc-254"/>
      </symbol>
      <symbol id="sm-c7f">
         <name>_atoi</name>
         <value>0x33c55f</value>
         <object_component_ref idref="oc-253"/>
      </symbol>
      <symbol id="sm-c88">
         <name>__ctypes_</name>
         <value>0x33c85c</value>
         <object_component_ref idref="oc-25b"/>
      </symbol>
      <symbol id="sm-c97">
         <name>_memccpy</name>
         <value>0x33c7d9</value>
         <object_component_ref idref="oc-259"/>
      </symbol>
      <symbol id="sm-ca7">
         <name>_strchr</name>
         <value>0x33c7f7</value>
         <object_component_ref idref="oc-257"/>
      </symbol>
      <symbol id="sm-cb5">
         <name>_strcpy</name>
         <value>0x33c851</value>
         <object_component_ref idref="oc-258"/>
      </symbol>
      <symbol id="sm-cc0">
         <name>_errno</name>
         <value>0xc9bc</value>
         <object_component_ref idref="oc-211"/>
      </symbol>
      <symbol id="sm-ccd">
         <name>_copysignl</name>
         <value>0x33c663</value>
         <object_component_ref idref="oc-25c"/>
      </symbol>
      <symbol id="sm-cda">
         <name>UL$$MOD</name>
         <value>0x33c60e</value>
         <object_component_ref idref="oc-218"/>
      </symbol>
      <symbol id="sm-cdb">
         <name>L$$MOD</name>
         <value>0x33c5f9</value>
         <object_component_ref idref="oc-218"/>
      </symbol>
      <symbol id="sm-cdc">
         <name>L$$DIV</name>
         <value>0x33c5ea</value>
         <object_component_ref idref="oc-218"/>
      </symbol>
      <symbol id="sm-cdd">
         <name>UL$$DIV</name>
         <value>0x33c607</value>
         <object_component_ref idref="oc-218"/>
      </symbol>
   </symbol_table>
   <title>Link successful</title>
</link_info>
