******************************************************************************
             TMS320C2000 Linker PC v20.2.4                     
******************************************************************************
>> Linked Thu Jun 16 08:41:25 2022

OUTPUT FILE NAME:   <zikuineng.out>
ENTRY POINT SYMBOL: "_c_int00"  address: 0033c4a0


MEMORY CONFIGURATION

         name            origin    length      used     unused   attr    fill
----------------------  --------  ---------  --------  --------  ----  --------
PAGE 0:
  ZONE0                 00004000   00001000  00000000  00001000  RWIX
  RAML0                 00008000   00001000  0000001f  00000fe1  RWIX
  RAML1                 00009000   00001000  00000000  00001000  RWIX
  RAML2                 0000a000   00001000  00000000  00001000  RWIX
  RAML3                 0000b000   00001000  00000000  00001000  RWIX
  ZONE6                 00100000   00100000  00000000  00100000  RWIX
  ZONE7A                00200000   0000fc00  00000000  0000fc00  RWIX
  FLASHH                00300000   00008000  00000000  00008000  RWIX
  FLASHG                00308000   00008000  00000000  00008000  RWIX
  FLASHF                00310000   00008000  00000000  00008000  RWIX
  FLASHE                00318000   00008000  00000000  00008000  RWIX
  FLASHD                00320000   00008000  0000001f  00007fe1  RWIX
  FLASHC                00328000   00008000  00000000  00008000  RWIX
  FLASHA                00338000   00007f80  00004c5d  00003323  RWIX
  CSM_RSVD              0033ff80   00000076  00000076  00000000  RWIX
  BEGIN                 0033fff6   00000002  00000002  00000000  RWIX
  CSM_PWL               0033fff8   00000008  00000008  00000000  RWIX
  ADC_CAL               00380080   00000009  00000007  00000002  RWIX
  OTP                   00380400   00000400  00000000  00000400  RWIX
  IQTABLES              003fe000   00000b50  00000000  00000b50  RWIX
  IQTABLES2             003feb50   0000008c  00000000  0000008c  RWIX
  FPUTABLES             003febdc   000006a0  00000000  000006a0  RWIX
  ROM                   003ff27c   00000d44  00000000  00000d44  RWIX
  RESET                 003fffc0   00000002  00000000  00000002  RWIX
  VECTORS               003fffc2   0000003e  00000000  0000003e  RWIX

PAGE 1:
  BOOT_RSVD             00000000   00000050  00000000  00000050  RWIX
  RAMM0                 00000050   000003b0  00000000  000003b0  RWIX
  RAMM1                 00000400   00000400  00000300  00000100  RWIX
  DEV_EMU               00000880   00000180  000000d0  000000b0  RWIX
  FLASH_REGS            00000a80   00000060  00000008  00000058  RWIX
  CSM                   00000ae0   00000010  00000010  00000000  RWIX
  ADC_MIRROR            00000b00   00000010  00000010  00000000  RWIX
  XINTF                 00000b20   00000020  0000001e  00000002  RWIX
  CPU_TIMER0            00000c00   00000008  00000008  00000000  RWIX
  CPU_TIMER1            00000c08   00000008  00000008  00000000  RWIX
  CPU_TIMER2            00000c10   00000008  00000008  00000000  RWIX
  PIE_CTRL              00000ce0   00000020  0000001a  00000006  RWIX
  PIE_VECT              00000d00   00000100  00000100  00000000  RWIX
  DMA                   00001000   00000200  000000e0  00000120  RWIX
  MCBSPA                00005000   00000040  00000025  0000001b  RWIX
  MCBSPB                00005040   00000040  00000025  0000001b  RWIX
  ECANA                 00006000   00000040  00000034  0000000c  RWIX
  ECANA_LAM             00006040   00000040  00000040  00000000  RWIX
  ECANA_MOTS            00006080   00000040  00000040  00000000  RWIX
  ECANA_MOTO            000060c0   00000040  00000040  00000000  RWIX
  ECANA_MBOX            00006100   00000100  00000100  00000000  RWIX
  ECANB                 00006200   00000040  00000034  0000000c  RWIX
  ECANB_LAM             00006240   00000040  00000040  00000000  RWIX
  ECANB_MOTS            00006280   00000040  00000040  00000000  RWIX
  ECANB_MOTO            000062c0   00000040  00000040  00000000  RWIX
  ECANB_MBOX            00006300   00000100  00000100  00000000  RWIX
  EPWM1                 00006800   00000022  00000022  00000000  RWIX
  EPWM2                 00006840   00000022  00000022  00000000  RWIX
  EPWM3                 00006880   00000022  00000022  00000000  RWIX
  EPWM4                 000068c0   00000022  00000022  00000000  RWIX
  EPWM5                 00006900   00000022  00000022  00000000  RWIX
  EPWM6                 00006940   00000022  00000022  00000000  RWIX
  ECAP1                 00006a00   00000020  00000020  00000000  RWIX
  ECAP2                 00006a20   00000020  00000020  00000000  RWIX
  ECAP3                 00006a40   00000020  00000020  00000000  RWIX
  ECAP4                 00006a60   00000020  00000020  00000000  RWIX
  ECAP5                 00006a80   00000020  00000020  00000000  RWIX
  ECAP6                 00006aa0   00000020  00000020  00000000  RWIX
  EQEP1                 00006b00   00000040  00000040  00000000  RWIX
  EQEP2                 00006b40   00000040  00000040  00000000  RWIX
  GPIOCTRL              00006f80   00000040  0000002e  00000012  RWIX
  GPIODAT               00006fc0   00000020  00000020  00000000  RWIX
  GPIOINT               00006fe0   00000020  0000000a  00000016  RWIX
  SYSTEM                00007010   00000020  00000020  00000000  RWIX
  SPIA                  00007040   00000010  00000010  00000000  RWIX
  SCIA                  00007050   00000010  00000010  00000000  RWIX
  XINTRUPT              00007070   00000010  00000010  00000000  RWIX
  ADC                   00007100   00000020  0000001e  00000002  RWIX
  SCIB                  00007750   00000010  00000010  00000000  RWIX
  SCIC                  00007770   00000010  00000010  00000000  RWIX
  I2CA                  00007900   00000040  00000022  0000001e  RWIX
  RAML4                 0000c000   00001000  00000d38  000002c8  RWIX
  RAML5                 0000d000   00001000  00000000  00001000  RWIX
  RAML6                 0000e000   00001000  00000000  00001000  RWIX
  RAML7                 0000f000   00001000  00000000  00001000  RWIX
  ZONE7B                0020fc00   00000400  00000000  00000400  RWIX
  FLASHB                00330000   00008000  00000000  00008000  RWIX
  CSM_PWL               0033fff8   00000008  00000008  00000000  RWIX
  PARTID                00380090   00000001  00000001  00000000  RWIX


SECTION ALLOCATION MAP

 output                                  attributes/
section   page    origin      length       input sections
--------  ----  ----------  ----------   ----------------
.cinit     0    0033cb6c    000000f1     
                  0033cb6c    0000006d     main.obj (.cinit)
                  0033cbd9    0000001f     time.obj (.cinit)
                  0033cbf8    00000014     RS422.obj (.cinit)
                  0033cc0c    0000000f     spi_ADS1258.obj (.cinit)
                  0033cc1b    0000000e     rts2800_fpu32.lib : exit.c.obj (.cinit)
                  0033cc29    00000005                       : _lock.c.obj (.cinit:__lock)
                  0033cc2e    00000005                       : _lock.c.obj (.cinit:__unlock)
                  0033cc33    00000004     main.obj (.cinit:_adc_buff)
                  0033cc37    00000004     RS422.obj (.cinit:_buff)
                  0033cc3b    00000004     main.obj (.cinit:_eeprom_read_buff)
                  0033cc3f    00000004     main.obj (.cinit:_eeprom_send_buff)
                  0033cc43    00000004     main.obj (.cinit:_eeprom_write_buff)
                  0033cc47    00000004     RS422.obj (.cinit:_revice_buff$1)
                  0033cc4b    00000004     main.obj (.cinit:_sd_read_buff)
                  0033cc4f    00000004     main.obj (.cinit:_sd_write_buff)
                  0033cc53    00000004     rts2800_fpu32.lib : errno.c.obj (.cinit)
                  0033cc57    00000004     sdcard.obj (.cinit)
                  0033cc5b    00000002     --HOLE-- [fill = 0]

csm_rsvd   0    0033ff80    00000076     
                  0033ff80    00000076     DSP2833x_CSMPasswords.obj (csm_rsvd)

DevEmuRegsFile 
*          1    00000880    000000d0     UNINITIALIZED
                  00000880    000000d0     DSP2833x_GlobalVariableDefs.obj (DevEmuRegsFile)

FlashRegsFile 
*          1    00000a80    00000008     UNINITIALIZED
                  00000a80    00000008     DSP2833x_GlobalVariableDefs.obj (FlashRegsFile)

CsmRegsFile 
*          1    00000ae0    00000010     UNINITIALIZED
                  00000ae0    00000010     DSP2833x_GlobalVariableDefs.obj (CsmRegsFile)

AdcMirrorFile 
*          1    00000b00    00000010     UNINITIALIZED
                  00000b00    00000010     DSP2833x_GlobalVariableDefs.obj (AdcMirrorFile)

XintfRegsFile 
*          1    00000b20    0000001e     UNINITIALIZED
                  00000b20    0000001e     DSP2833x_GlobalVariableDefs.obj (XintfRegsFile)

CpuTimer0RegsFile 
*          1    00000c00    00000008     UNINITIALIZED
                  00000c00    00000008     DSP2833x_GlobalVariableDefs.obj (CpuTimer0RegsFile)

CpuTimer1RegsFile 
*          1    00000c08    00000008     UNINITIALIZED
                  00000c08    00000008     DSP2833x_GlobalVariableDefs.obj (CpuTimer1RegsFile)

CpuTimer2RegsFile 
*          1    00000c10    00000008     UNINITIALIZED
                  00000c10    00000008     DSP2833x_GlobalVariableDefs.obj (CpuTimer2RegsFile)

PieCtrlRegsFile 
*          1    00000ce0    0000001a     UNINITIALIZED
                  00000ce0    0000001a     DSP2833x_GlobalVariableDefs.obj (PieCtrlRegsFile)

PieVectTableFile 
*          1    00000d00    00000100     UNINITIALIZED
                  00000d00    00000100     DSP2833x_GlobalVariableDefs.obj (PieVectTableFile)

DmaRegsFile 
*          1    00001000    000000e0     UNINITIALIZED
                  00001000    000000e0     DSP2833x_GlobalVariableDefs.obj (DmaRegsFile)

McbspaRegsFile 
*          1    00005000    00000025     UNINITIALIZED
                  00005000    00000025     DSP2833x_GlobalVariableDefs.obj (McbspaRegsFile)

McbspbRegsFile 
*          1    00005040    00000025     UNINITIALIZED
                  00005040    00000025     DSP2833x_GlobalVariableDefs.obj (McbspbRegsFile)

ECanaRegsFile 
*          1    00006000    00000034     UNINITIALIZED
                  00006000    00000034     DSP2833x_GlobalVariableDefs.obj (ECanaRegsFile)

ECanaLAMRegsFile 
*          1    00006040    00000040     UNINITIALIZED
                  00006040    00000040     DSP2833x_GlobalVariableDefs.obj (ECanaLAMRegsFile)

ECanaMOTSRegsFile 
*          1    00006080    00000040     UNINITIALIZED
                  00006080    00000040     DSP2833x_GlobalVariableDefs.obj (ECanaMOTSRegsFile)

ECanaMOTORegsFile 
*          1    000060c0    00000040     UNINITIALIZED
                  000060c0    00000040     DSP2833x_GlobalVariableDefs.obj (ECanaMOTORegsFile)

ECanaMboxesFile 
*          1    00006100    00000100     UNINITIALIZED
                  00006100    00000100     DSP2833x_GlobalVariableDefs.obj (ECanaMboxesFile)

ECanbRegsFile 
*          1    00006200    00000034     UNINITIALIZED
                  00006200    00000034     DSP2833x_GlobalVariableDefs.obj (ECanbRegsFile)

ECanbLAMRegsFile 
*          1    00006240    00000040     UNINITIALIZED
                  00006240    00000040     DSP2833x_GlobalVariableDefs.obj (ECanbLAMRegsFile)

ECanbMOTSRegsFile 
*          1    00006280    00000040     UNINITIALIZED
                  00006280    00000040     DSP2833x_GlobalVariableDefs.obj (ECanbMOTSRegsFile)

ECanbMOTORegsFile 
*          1    000062c0    00000040     UNINITIALIZED
                  000062c0    00000040     DSP2833x_GlobalVariableDefs.obj (ECanbMOTORegsFile)

ECanbMboxesFile 
*          1    00006300    00000100     UNINITIALIZED
                  00006300    00000100     DSP2833x_GlobalVariableDefs.obj (ECanbMboxesFile)

EPwm1RegsFile 
*          1    00006800    00000022     UNINITIALIZED
                  00006800    00000022     DSP2833x_GlobalVariableDefs.obj (EPwm1RegsFile)

EPwm2RegsFile 
*          1    00006840    00000022     UNINITIALIZED
                  00006840    00000022     DSP2833x_GlobalVariableDefs.obj (EPwm2RegsFile)

EPwm3RegsFile 
*          1    00006880    00000022     UNINITIALIZED
                  00006880    00000022     DSP2833x_GlobalVariableDefs.obj (EPwm3RegsFile)

EPwm4RegsFile 
*          1    000068c0    00000022     UNINITIALIZED
                  000068c0    00000022     DSP2833x_GlobalVariableDefs.obj (EPwm4RegsFile)

EPwm5RegsFile 
*          1    00006900    00000022     UNINITIALIZED
                  00006900    00000022     DSP2833x_GlobalVariableDefs.obj (EPwm5RegsFile)

EPwm6RegsFile 
*          1    00006940    00000022     UNINITIALIZED
                  00006940    00000022     DSP2833x_GlobalVariableDefs.obj (EPwm6RegsFile)

ECap1RegsFile 
*          1    00006a00    00000020     UNINITIALIZED
                  00006a00    00000020     DSP2833x_GlobalVariableDefs.obj (ECap1RegsFile)

ECap2RegsFile 
*          1    00006a20    00000020     UNINITIALIZED
                  00006a20    00000020     DSP2833x_GlobalVariableDefs.obj (ECap2RegsFile)

ECap3RegsFile 
*          1    00006a40    00000020     UNINITIALIZED
                  00006a40    00000020     DSP2833x_GlobalVariableDefs.obj (ECap3RegsFile)

ECap4RegsFile 
*          1    00006a60    00000020     UNINITIALIZED
                  00006a60    00000020     DSP2833x_GlobalVariableDefs.obj (ECap4RegsFile)

ECap5RegsFile 
*          1    00006a80    00000020     UNINITIALIZED
                  00006a80    00000020     DSP2833x_GlobalVariableDefs.obj (ECap5RegsFile)

ECap6RegsFile 
*          1    00006aa0    00000020     UNINITIALIZED
                  00006aa0    00000020     DSP2833x_GlobalVariableDefs.obj (ECap6RegsFile)

EQep1RegsFile 
*          1    00006b00    00000040     UNINITIALIZED
                  00006b00    00000040     DSP2833x_GlobalVariableDefs.obj (EQep1RegsFile)

EQep2RegsFile 
*          1    00006b40    00000040     UNINITIALIZED
                  00006b40    00000040     DSP2833x_GlobalVariableDefs.obj (EQep2RegsFile)

GpioCtrlRegsFile 
*          1    00006f80    0000002e     UNINITIALIZED
                  00006f80    0000002e     DSP2833x_GlobalVariableDefs.obj (GpioCtrlRegsFile)

GpioDataRegsFile 
*          1    00006fc0    00000020     UNINITIALIZED
                  00006fc0    00000020     DSP2833x_GlobalVariableDefs.obj (GpioDataRegsFile)

GpioIntRegsFile 
*          1    00006fe0    0000000a     UNINITIALIZED
                  00006fe0    0000000a     DSP2833x_GlobalVariableDefs.obj (GpioIntRegsFile)

SysCtrlRegsFile 
*          1    00007010    00000020     UNINITIALIZED
                  00007010    00000020     DSP2833x_GlobalVariableDefs.obj (SysCtrlRegsFile)

SpiaRegsFile 
*          1    00007040    00000010     UNINITIALIZED
                  00007040    00000010     DSP2833x_GlobalVariableDefs.obj (SpiaRegsFile)

SciaRegsFile 
*          1    00007050    00000010     UNINITIALIZED
                  00007050    00000010     DSP2833x_GlobalVariableDefs.obj (SciaRegsFile)

XIntruptRegsFile 
*          1    00007070    00000010     UNINITIALIZED
                  00007070    00000010     DSP2833x_GlobalVariableDefs.obj (XIntruptRegsFile)

AdcRegsFile 
*          1    00007100    0000001e     UNINITIALIZED
                  00007100    0000001e     DSP2833x_GlobalVariableDefs.obj (AdcRegsFile)

ScibRegsFile 
*          1    00007750    00000010     UNINITIALIZED
                  00007750    00000010     DSP2833x_GlobalVariableDefs.obj (ScibRegsFile)

ScicRegsFile 
*          1    00007770    00000010     UNINITIALIZED
                  00007770    00000010     DSP2833x_GlobalVariableDefs.obj (ScicRegsFile)

I2caRegsFile 
*          1    00007900    00000022     UNINITIALIZED
                  00007900    00000022     DSP2833x_GlobalVariableDefs.obj (I2caRegsFile)

CsmPwlFile 
*          1    0033fff8    00000008     UNINITIALIZED
                  0033fff8    00000008     DSP2833x_GlobalVariableDefs.obj (CsmPwlFile)

PartIdRegsFile 
*          1    00380090    00000001     UNINITIALIZED
                  00380090    00000001     DSP2833x_GlobalVariableDefs.obj (PartIdRegsFile)

.pinit     0    00338000    00000000     UNINITIALIZED

.text      0    00338000    0000485c     
                  00338000    00001d58     ff.obj (.text)
                  00339d58    00000ce4     rts2800_fpu32.lib : _printfi.c.obj (.text)
                  0033aa3c    00000435     main.obj (.text)
                  0033ae71    00000337     sdcard.obj (.text)
                  0033b1a8    00000316     DSP2833x_DefaultIsr.obj (.text:retain)
                  0033b4be    00000270     RS422.obj (.text)
                  0033b72e    00000215     spi_ADS1258.obj (.text)
                  0033b943    000001d8     EEPROM.obj (.text)
                  0033bb1b    00000132     pwm.obj (.text)
                  0033bc4d    00000107     rts2800_fpu32.lib : ll_div28.asm.obj (.text)
                  0033bd54    000000f8     time.obj (.text:retain)
                  0033be4c    000000db     initialization.obj (.text)
                  0033bf27    000000cb     DSP2833x_SysCtrl.obj (.text)
                  0033bff2    000000ae     rts2800_fpu32.lib : s_scalbn.c.obj (.text)
                  0033c0a0    0000009c     diskio.obj (.text)
                  0033c13c    0000009c     rts2800_fpu32.lib : fd_add28.asm.obj (.text)
                  0033c1d8    0000008b                       : fd_div28.asm.obj (.text)
                  0033c263    00000088                       : fs_div28.asm.obj (.text)
                  0033c2eb    00000083                       : fd_mpy28.asm.obj (.text)
                  0033c36e    00000079     RS422.obj (.text:retain)
                  0033c3e7    0000005f     SPI_SDCard.obj (.text)
                  0033c446    0000005a     rts2800_fpu32.lib : s_frexp.c.obj (.text)
                  0033c4a0    00000056                       : boot28.asm.obj (.text)
                  0033c4f6    00000037     time.obj (.text)
                  0033c52d    00000032     rts2800_fpu32.lib : sprintf.c.obj (.text)
                  0033c55f    00000031                       : atoi.c.obj (.text)
                  0033c590    00000030                       : _ltoa.c.obj (.text)
                  0033c5c0    0000002a                       : fd_cmp28.asm.obj (.text)
                  0033c5ea    0000002a                       : l_div28.asm.obj (.text)
                  0033c614    00000029                       : exit.c.obj (.text)
                  0033c63d    00000026     DSP2833x_PieCtrl.obj (.text)
                  0033c663    00000025     rts2800_fpu32.lib : s_copysign.c.obj (.text)
                  0033c688    00000024                       : cpy_tbl.c.obj (.text)
                  0033c6ac    00000021                       : fd_toi28.asm.obj (.text)
                  0033c6cd    00000020     DSP2833x_PieVect.obj (.text)
                  0033c6ed    0000001f     rts2800_fpu32.lib : fd_tol28.asm.obj (.text)
                  0033c70c    0000001e                       : ll_cmp28.asm.obj (.text)
                  0033c72a    0000001d                       : i_tofd28.asm.obj (.text)
                  0033c747    0000001d                       : memcpy.c.obj (.text)
                  0033c764    0000001c                       : fs_tofdfpu32.asm.obj (.text)
                  0033c780    0000001c                       : l_tofd28.asm.obj (.text)
                  0033c79c    00000018                       : ll_aox28.asm.obj (.text)
                  0033c7b4    00000013     DSP2833x_MemCopy.obj (.text)
                  0033c7c7    00000012     rts2800_fpu32.lib : args_main.c.obj (.text)
                  0033c7d9    00000010                       : memccpy.c.obj (.text)
                  0033c7e9    0000000e                       : fd_sub28.asm.obj (.text)
                  0033c7f7    0000000c                       : strchr.c.obj (.text)
                  0033c803    0000000b                       : u_div28.asm.obj (.text)
                  0033c80e    0000000a                       : strcmp.c.obj (.text)
                  0033c818    00000009                       : _lock.c.obj (.text)
                  0033c821    00000009                       : fd_neg28.asm.obj (.text)
                  0033c82a    00000009                       : wcslen.c.obj (.text)
                  0033c833    00000008     DSP2833x_CodeStartBranch.obj (.text)
                  0033c83b    00000008     rts2800_fpu32.lib : strlen.c.obj (.text)
                  0033c843    00000007     DSP2833x_DisInt.obj (.text)
                  0033c84a    00000007     rts2800_fpu32.lib : memset.c.obj (.text)
                  0033c851    00000005                       : strcpy.c.obj (.text)
                  0033c856    00000003     DSP2833x_DBGIER.obj (.text)
                  0033c859    00000002     rts2800_fpu32.lib : pre_init.c.obj (.text)
                  0033c85b    00000001                       : startup.c.obj (.text)

codestart 
*          0    0033fff6    00000002     
                  0033fff6    00000002     DSP2833x_CodeStartBranch.obj (codestart)

.TI.ramfunc 
*          0    00320000    0000001f     RUN ADDR = 00008000
                  00320000    0000001b     DSP2833x_SysCtrl.obj (.TI.ramfunc)
                  0032001b    00000004     DSP2833x_usDelay.obj (.TI.ramfunc)

csmpasswds 
*          0    0033fff8    00000008     
                  0033fff8    00000008     DSP2833x_CSMPasswords.obj (csmpasswds)

.stack     1    00000400    00000300     UNINITIALIZED
                  00000400    00000300     --HOLE--

.ebss      1    0000c000    00000d38     UNINITIALIZED
                  0000c000    0000049a     main.obj (.ebss)
                  0000c49a    00000018     DSP2833x_CpuTimers.obj (.ebss)
                  0000c4b2    0000000a     time.obj (.ebss)
                  0000c4bc    00000004     ff.obj (.ebss:_FatFs)
                  0000c4c0    00000476     RS422.obj (.ebss)
                  0000c936    00000006     rts2800_fpu32.lib : exit.c.obj (.ebss)
                  0000c93c    00000003     SPI_SDCard.obj (.ebss)
                  0000c93f    00000001     ff.obj (.ebss)
                  0000c940    00000078     main.obj (.ebss:_eeprom_read_buff)
                  0000c9b8    00000002     rts2800_fpu32.lib : _lock.c.obj (.ebss:__lock)
                  0000c9ba    00000002                       : _lock.c.obj (.ebss:__unlock)
                  0000c9bc    00000001                       : errno.c.obj (.ebss)
                  0000c9bd    00000003     --HOLE--
                  0000c9c0    00000078     main.obj (.ebss:_eeprom_send_buff)
                  0000ca38    00000008     --HOLE--
                  0000ca40    00000078     main.obj (.ebss:_eeprom_write_buff)
                  0000cab8    00000008     --HOLE--
                  0000cac0    00000078     main.obj (.ebss:_sd_read_buff)
                  0000cb38    00000008     --HOLE--
                  0000cb40    00000078     main.obj (.ebss:_sd_write_buff)
                  0000cbb8    00000008     --HOLE--
                  0000cbc0    00000064     main.obj (.ebss:_adc_buff)
                  0000cc24    00000018     RS422.obj (.ebss:_revice_buff$1)
                  0000cc3c    00000004     --HOLE--
                  0000cc40    00000064     RS422.obj (.ebss:_buff)
                  0000cca4    0000001c     --HOLE--
                  0000ccc0    00000040     sdcard.obj (.ebss)
                  0000cd00    00000038     spi_ADS1258.obj (.ebss)

.econst    0    0033c85c    00000310     
                  0033c85c    00000101     rts2800_fpu32.lib : ctype.c.obj (.econst:.string:__ctypes_)
                  0033c95d    00000001     --HOLE-- [fill = 0]
                  0033c95e    00000100     DSP2833x_PieVect.obj (.econst:_PieVectTableInit)
                  0033ca5e    0000005a     ff.obj (.econst:.string)
                  0033cab8    00000026     rts2800_fpu32.lib : _printfi.c.obj (.econst:.string)
                  0033cade    00000023     main.obj (.econst:.string)
                  0033cb01    00000001     --HOLE-- [fill = 0]
                  0033cb02    0000001c     rts2800_fpu32.lib : _printfi.c.obj (.econst)
                  0033cb1e    0000001c                       : s_scalbn.c.obj (.econst)
                  0033cb3a    00000012     ff.obj (.econst:.string:_badchr$1)
                  0033cb4c    0000000a     ff.obj (.econst:.string:_DbcTbl)
                  0033cb56    00000008     rts2800_fpu32.lib : s_frexp.c.obj (.econst)
                  0033cb5e    00000007     ff.obj (.econst:_cst$2)
                  0033cb65    00000007     ff.obj (.econst:_cst32$3)

.reset     0    003fffc0    00000002     DSECT
                  003fffc0    00000002     rts2800_fpu32.lib : boot28.asm.obj (.reset)

vectors    0    003fffc2    00000000     DSECT

.adc_cal   0    00380080    00000007     NOLOAD SECTION
                  00380080    00000007     DSP2833x_ADC_cal.obj (.adc_cal)

MODULE SUMMARY

       Module                            code    initialized data   uninitialized data
       ------                            ----    ----------------   ------------------
    .\SOURCE\
       DSP2833x_GlobalVariableDefs.obj   0       0                  2679              
       DSP2833x_DefaultIsr.obj           790     0                  0                 
       DSP2833x_PieVect.obj              32      256                0                 
       DSP2833x_SysCtrl.obj              257     0                  0                 
       DSP2833x_CSMPasswords.obj         0       126                0                 
       DSP2833x_PieCtrl.obj              38      0                  0                 
       DSP2833x_CpuTimers.obj            0       0                  24                
       DSP2833x_MemCopy.obj              19      0                  0                 
       DSP2833x_CodeStartBranch.obj      10      0                  0                 
       DSP2833x_usDelay.obj              8       0                  0                 
       DSP2833x_ADC_cal.obj              7       0                  0                 
       DSP2833x_DisInt.obj               7       0                  0                 
       DSP2833x_DBGIER.obj               3       0                  0                 
    +--+---------------------------------+-------+------------------+--------------------+
       Total:                            1171    382                2703              
                                                                                      
    .\comm\
       ff.obj                            7512    132                5                 
       main.obj                          1077    168                1878              
       RS422.obj                         745     28                 1266              
       sdcard.obj                        823     4                  64                
       spi_ADS1258.obj                   533     15                 56                
       EEPROM.obj                        472     0                  0                 
       time.obj                          303     31                 10                
       pwm.obj                           306     0                  0                 
       initialization.obj                219     0                  0                 
       diskio.obj                        156     0                  0                 
       SPI_SDCard.obj                    95      0                  3                 
    +--+---------------------------------+-------+------------------+--------------------+
       Total:                            12241   378                3282              
                                                                                      
    D:\APP\ti\ccs\tools\compiler\ti-cgt-c2000_20.2.4.LTS\lib\rts2800_fpu32.lib
       _printfi.c.obj                    3300    66                 0                 
       ll_div28.asm.obj                  263     0                  0                 
       ctype.c.obj                       0       257                0                 
       s_scalbn.c.obj                    174     28                 0                 
       fd_add28.asm.obj                  156     0                  0                 
       fd_div28.asm.obj                  139     0                  0                 
       fs_div28.asm.obj                  136     0                  0                 
       fd_mpy28.asm.obj                  131     0                  0                 
       s_frexp.c.obj                     90      8                  0                 
       boot28.asm.obj                    86      0                  0                 
       exit.c.obj                        41      14                 6                 
       sprintf.c.obj                     50      0                  0                 
       atoi.c.obj                        49      0                  0                 
       _ltoa.c.obj                       48      0                  0                 
       fd_cmp28.asm.obj                  42      0                  0                 
       l_div28.asm.obj                   42      0                  0                 
       s_copysign.c.obj                  37      0                  0                 
       cpy_tbl.c.obj                     36      0                  0                 
       fd_toi28.asm.obj                  33      0                  0                 
       fd_tol28.asm.obj                  31      0                  0                 
       ll_cmp28.asm.obj                  30      0                  0                 
       i_tofd28.asm.obj                  29      0                  0                 
       memcpy.c.obj                      29      0                  0                 
       fs_tofdfpu32.asm.obj              28      0                  0                 
       l_tofd28.asm.obj                  28      0                  0                 
       ll_aox28.asm.obj                  24      0                  0                 
       _lock.c.obj                       9       10                 4                 
       args_main.c.obj                   18      0                  0                 
       memccpy.c.obj                     16      0                  0                 
       fd_sub28.asm.obj                  14      0                  0                 
       strchr.c.obj                      12      0                  0                 
       u_div28.asm.obj                   11      0                  0                 
       strcmp.c.obj                      10      0                  0                 
       fd_neg28.asm.obj                  9       0                  0                 
       wcslen.c.obj                      9       0                  0                 
       strlen.c.obj                      8       0                  0                 
       memset.c.obj                      7       0                  0                 
       errno.c.obj                       0       4                  1                 
       strcpy.c.obj                      5       0                  0                 
       pre_init.c.obj                    2       0                  0                 
       startup.c.obj                     1       0                  0                 
    +--+---------------------------------+-------+------------------+--------------------+
       Total:                            5183    387                11                
                                                                                      
       Stack:                            0       0                  768               
    +--+---------------------------------+-------+------------------+--------------------+
       Grand Total:                      18595   1147               6764              


GLOBAL DATA SYMBOLS: SORTED BY DATA PAGE

address     data page           name
--------    ----------------    ----
00000400      10 (00000400)     __stack

00000880      22 (00000880)     _DevEmuRegs

00000a80      2a (00000a80)     _FlashRegs

00000ae0      2b (00000ac0)     _CsmRegs

00000b00      2c (00000b00)     _AdcMirror
00000b20      2c (00000b00)     _XintfRegs

00000c00      30 (00000c00)     _CpuTimer0Regs
00000c08      30 (00000c00)     _CpuTimer1Regs
00000c10      30 (00000c00)     _CpuTimer2Regs

00000ce0      33 (00000cc0)     _PieCtrlRegs

00000d00      34 (00000d00)     _PieVectTable

00001000      40 (00001000)     _DmaRegs

00005000     140 (00005000)     _McbspaRegs

00005040     141 (00005040)     _McbspbRegs

00006000     180 (00006000)     _ECanaRegs

00006040     181 (00006040)     _ECanaLAMRegs

00006080     182 (00006080)     _ECanaMOTSRegs

000060c0     183 (000060c0)     _ECanaMOTORegs

00006100     184 (00006100)     _ECanaMboxes

00006200     188 (00006200)     _ECanbRegs

00006240     189 (00006240)     _ECanbLAMRegs

00006280     18a (00006280)     _ECanbMOTSRegs

000062c0     18b (000062c0)     _ECanbMOTORegs

00006300     18c (00006300)     _ECanbMboxes

00006800     1a0 (00006800)     _EPwm1Regs

00006840     1a1 (00006840)     _EPwm2Regs

00006880     1a2 (00006880)     _EPwm3Regs

000068c0     1a3 (000068c0)     _EPwm4Regs

00006900     1a4 (00006900)     _EPwm5Regs

00006940     1a5 (00006940)     _EPwm6Regs

00006a00     1a8 (00006a00)     _ECap1Regs
00006a20     1a8 (00006a00)     _ECap2Regs

00006a40     1a9 (00006a40)     _ECap3Regs
00006a60     1a9 (00006a40)     _ECap4Regs

00006a80     1aa (00006a80)     _ECap5Regs
00006aa0     1aa (00006a80)     _ECap6Regs

00006b00     1ac (00006b00)     _EQep1Regs

00006b40     1ad (00006b40)     _EQep2Regs

00006f80     1be (00006f80)     _GpioCtrlRegs

00006fc0     1bf (00006fc0)     _GpioDataRegs
00006fe0     1bf (00006fc0)     _GpioIntRegs

00007010     1c0 (00007000)     _SysCtrlRegs

00007040     1c1 (00007040)     _SpiaRegs
00007050     1c1 (00007040)     _SciaRegs
00007070     1c1 (00007040)     _XIntruptRegs

00007100     1c4 (00007100)     _AdcRegs

00007750     1dd (00007740)     _ScibRegs
00007770     1dd (00007740)     _ScicRegs

00007900     1e4 (00007900)     _I2caRegs

0000c000     300 (0000c000)     _test_1
0000c001     300 (0000c000)     _test_2
0000c002     300 (0000c000)     _test_3
0000c003     300 (0000c000)     _test_4
0000c004     300 (0000c000)     _test_5
0000c005     300 (0000c000)     _test_6
0000c006     300 (0000c000)     _test_7
0000c007     300 (0000c000)     _dial_value
0000c008     300 (0000c000)     _num
0000c009     300 (0000c000)     _readlen
0000c00a     300 (0000c000)     _test_sd_read
0000c00b     300 (0000c000)     _test_sd_write
0000c00c     300 (0000c000)     _power_on
0000c00d     300 (0000c000)     _test_eeprom_read
0000c00e     300 (0000c000)     _test_eeprom_write
0000c00f     300 (0000c000)     _i
0000c010     300 (0000c000)     _send_ADC_value
0000c011     300 (0000c000)     _framelen
0000c012     300 (0000c000)     _Rs422_revice
0000c013     300 (0000c000)     _Rs422_revice_type
0000c014     300 (0000c000)     _switch1_on_off
0000c015     300 (0000c000)     _switch2_on_off
0000c016     300 (0000c000)     _switch3_on_off
0000c017     300 (0000c000)     _switch4_on_off
0000c018     300 (0000c000)     _motor1_on_off
0000c019     300 (0000c000)     _motor2_on_off
0000c01a     300 (0000c000)     _test_9

0000c040     301 (0000c040)     _file

0000c280     30a (0000c280)     _fs

0000c49a     312 (0000c480)     _CpuTimer0
0000c4a2     312 (0000c480)     _CpuTimer1
0000c4aa     312 (0000c480)     _CpuTimer2
0000c4b2     312 (0000c480)     _Collection_ADC
0000c4b6     312 (0000c480)     _ADS_count

0000c4c0     313 (0000c4c0)     _RS422_Comm
0000c4c1     313 (0000c4c0)     _Brake_State
0000c4c2     313 (0000c4c0)     _len

0000c500     314 (0000c500)     _RS422_revice

0000c936     324 (0000c900)     ___TI_enable_exit_profile_output
0000c938     324 (0000c900)     ___TI_cleanup_ptr
0000c93a     324 (0000c900)     ___TI_dtors_ptr
0000c93c     324 (0000c900)     _SD_status

0000c940     325 (0000c940)     _eeprom_read_buff

0000c9b8     326 (0000c980)     __lock
0000c9ba     326 (0000c980)     __unlock
0000c9bc     326 (0000c980)     _errno

0000c9c0     327 (0000c9c0)     _eeprom_send_buff

0000ca40     329 (0000ca40)     _eeprom_write_buff

0000cac0     32b (0000cac0)     _sd_read_buff

0000cb40     32d (0000cb40)     _sd_write_buff

0000cbc0     32f (0000cbc0)     _adc_buff

0000cc40     331 (0000cc40)     _buff

0000ccc0     333 (0000ccc0)     _sd_card_status
0000ccc1     333 (0000ccc0)     _SPI_Speed
0000ccc2     333 (0000ccc0)     _SD_Type
0000ccc4     333 (0000ccc0)     _SDCardInfo

0000cd00     334 (0000cd00)     _time
0000cd02     334 (0000cd00)     _readcount
0000cd04     334 (0000cd00)     _timecount
0000cd06     334 (0000cd00)     _ADC_CURRENT_mA

0033c85c    cf21 (0033c840)     __ctypes_

0033c95e    cf25 (0033c940)     _PieVectTableInit

0033fff8    cfff (0033ffc0)     _CsmPwl

00380090    e002 (00380080)     _PartIdRegs


GLOBAL SYMBOLS: SORTED ALPHABETICALLY BY Name 

page  address   name                            
----  -------   ----                            
0     00338000  .text                           
0     0033c614  C$$EXIT                         
0     0033c13c  FD$$ADD                         
0     0033c5c0  FD$$CMP                         
0     0033c1d8  FD$$DIV                         
0     0033c2eb  FD$$MPY                         
0     0033c821  FD$$NEG                         
0     0033c7e9  FD$$SUB                         
0     0033c6ac  FD$$TOI                         
0     0033c6ed  FD$$TOL                         
0     0033c263  FS$$DIV                         
0     0033c764  FS$$TOFD                        
0     0033c72a  I$$TOFD                         
0     0033c5ea  L$$DIV                          
0     0033c5f9  L$$MOD                          
0     0033c780  L$$TOFD                         
0     0033c79c  LL$$AND                         
0     0033c70c  LL$$CMP                         
0     0033bc4d  LL$$DIV                         
0     0033bc89  LL$$MOD                         
0     0033c7a4  LL$$OR                          
0     0033c7ac  LL$$XOR                         
0     0033c803  U$$DIV                          
0     0033c808  U$$MOD                          
0     0033c607  UL$$DIV                         
0     0033c60e  UL$$MOD                         
0     0033c71e  ULL$$CMP                        
0     0033bcc3  ULL$$DIV                        
0     0033bcf2  ULL$$MOD                        
0     0033b28e  _ADCINT_ISR                     
1     0000cd06  _ADC_CURRENT_mA                 
0     0033b917  _ADC_Read                       
0     00380080  _ADC_cal                        
0     0033b763  _ADS1258_Int                    
0     0033b86d  _ADS1258_ReadDate               
0     0033b758  _ADS_CS_H                       
0     0033b753  _ADS_CS_L                       
0     0033b72e  _ADS_SCLK_H                     
0     0033b733  _ADS_SCLK_L                     
0     0033b74e  _ADS_START_H                    
0     0033b749  _ADS_START_L                    
1     0000c4b6  _ADS_count                      
0     0033b901  _AD_Delay                       
0     0033b90d  _AD_Delay1                      
0     0033ba20  _AT24C512_ReadOneByte           
0     0033badf  _AT24C512_ReadString            
0     0033ba7f  _AT24C512_ReadlenByte           
0     0033ba47  _AT24C512_WriteOneByte          
0     0033ba93  _AT24C512_WriteString           
0     0033ba6b  _AT24C512_WritelenByte          
1     00000b00  _AdcMirror                      
1     00007100  _AdcRegs                        
1     0000c4c1  _Brake_State                    
0     0033b5b8  _CRC_Get_Cumulative_Sum         
1     0000c4b2  _Collection_ADC                 
0     0033bee6  _Configuration_Interrupt        
1     0000c49a  _CpuTimer0                      
1     00000c00  _CpuTimer0Regs                  
1     0000c4a2  _CpuTimer1                      
1     00000c08  _CpuTimer1Regs                  
1     0000c4aa  _CpuTimer2                      
1     00000c10  _CpuTimer2Regs                  
1     0033fff8  _CsmPwl                         
1     00000ae0  _CsmRegs                        
0     0033bfc1  _CsmUnlock                      
0     0033b1bc  _DATALOG_ISR                    
0     0033b3b0  _DINTCH1_ISR                    
0     0033b3ba  _DINTCH2_ISR                    
0     0033b3c4  _DINTCH3_ISR                    
0     0033b3ce  _DINTCH4_ISR                    
0     0033b3d8  _DINTCH5_ISR                    
0     0033b3e2  _DINTCH6_ISR                    
0     0033c843  _DSP28x_DisableInt              
0     0033c847  _DSP28x_RestoreInt              
0     0000801b  _DSP28x_usDelay                 
1     00000880  _DevEmuRegs                     
0     0033bf3a  _DisableDog                     
1     00001000  _DmaRegs                        
0     0033b43c  _ECAN0INTA_ISR                  
0     0033b450  _ECAN0INTB_ISR                  
0     0033b446  _ECAN1INTA_ISR                  
0     0033b45a  _ECAN1INTB_ISR                  
0     0033b324  _ECAP1_INT_ISR                  
0     0033b32e  _ECAP2_INT_ISR                  
0     0033b338  _ECAP3_INT_ISR                  
0     0033b342  _ECAP4_INT_ISR                  
0     0033b34c  _ECAP5_INT_ISR                  
0     0033b356  _ECAP6_INT_ISR                  
1     00006040  _ECanaLAMRegs                   
1     000060c0  _ECanaMOTORegs                  
1     00006080  _ECanaMOTSRegs                  
1     00006100  _ECanaMboxes                    
1     00006000  _ECanaRegs                      
1     00006240  _ECanbLAMRegs                   
1     000062c0  _ECanbMOTORegs                  
1     00006280  _ECanbMOTSRegs                  
1     00006300  _ECanbMboxes                    
1     00006200  _ECanbRegs                      
1     00006a00  _ECap1Regs                      
1     00006a20  _ECap2Regs                      
1     00006a40  _ECap3Regs                      
1     00006a60  _ECap4Regs                      
1     00006a80  _ECap5Regs                      
1     00006aa0  _ECap6Regs                      
0     0033b1d0  _EMUINT_ISR                     
0     0033b2e8  _EPWM1_INT_ISR                  
0     0033b2ac  _EPWM1_TZINT_ISR                
0     0033b2f2  _EPWM2_INT_ISR                  
0     0033b2b6  _EPWM2_TZINT_ISR                
0     0033b2fc  _EPWM3_INT_ISR                  
0     0033b2c0  _EPWM3_TZINT_ISR                
0     0033b306  _EPWM4_INT_ISR                  
0     0033b2ca  _EPWM4_TZINT_ISR                
0     0033b310  _EPWM5_INT_ISR                  
0     0033b2d4  _EPWM5_TZINT_ISR                
0     0033b31a  _EPWM6_INT_ISR                  
0     0033b2de  _EPWM6_TZINT_ISR                
1     00006800  _EPwm1Regs                      
1     00006840  _EPwm2Regs                      
1     00006880  _EPwm3Regs                      
1     000068c0  _EPwm4Regs                      
1     00006900  _EPwm5Regs                      
1     00006940  _EPwm6Regs                      
0     0033b360  _EQEP1_INT_ISR                  
0     0033b36a  _EQEP2_INT_ISR                  
1     00006b00  _EQep1Regs                      
1     00006b40  _EQep2Regs                      
0     0033c65a  _EnableInterrupts               
1     00000a80  _FlashRegs                      
0     0033b5c9  _FrameProcess                   
0     0033be4c  _GIOP_Int                       
0     0033b5df  _GetFrameFromQueue              
0     0033bf04  _Get_Dial_Code                  
0     0033b96f  _Get_SDA_status                 
0     0033b742  _Get_SPI_MISO                   
0     0033c40f  _Get_SPI_MISO_Status            
1     00006f80  _GpioCtrlRegs                   
1     00006fc0  _GpioDataRegs                   
1     00006fe0  _GpioIntRegs                    
0     0033b3ec  _I2CINT1A_ISR                   
0     0033b3f6  _I2CINT2A_ISR                   
1     00007900  _I2caRegs                       
0     0033b9b6  _IIC_Ack                        
0     0033b9c7  _IIC_NAck                       
0     0033b9ff  _IIC_Read_Byte                  
0     0033b9d8  _IIC_Send_Byte                  
0     0033b974  _IIC_Start                      
0     0033b985  _IIC_Stop                       
0     0033b996  _IIC_Wait_Ack                   
0     0033b1e4  _ILLEGAL_ISR                    
0     0033b1a8  _INT13_ISR                      
0     0033b1b2  _INT14_ISR                      
0     00008000  _InitFlash                      
0     0033bf93  _InitPeripheralClocks           
0     0033c63d  _InitPieCtrl                    
0     0033c6cd  _InitPieVectTable               
0     0033bf42  _InitPll                        
0     0033bf27  _InitSysCtrl                    
0     0033b4a0  _LUF_ISR                        
0     0033b496  _LVF_ISR                        
0     0033b39c  _MRINTA_ISR                     
0     0033b388  _MRINTB_ISR                     
0     0033b3a6  _MXINTA_ISR                     
0     0033b392  _MXINTB_ISR                     
1     00005000  _McbspaRegs                     
1     00005040  _McbspbRegs                     
0     0033c7b4  _MemCopy                        
0     0033b1da  _NMI_ISR                        
0     0033b4aa  _PIE_RESERVED                   
1     00380090  _PartIdRegs                     
1     00000ce0  _PieCtrlRegs                    
1     00000d00  _PieVectTable                   
0     0033c95e  _PieVectTableInit               
0     0033bb1b  _Pwm1_Switch1_Int               
0     0033bb3c  _Pwm2_Switch2_Int               
0     0033bb5d  _Pwm3_Switch3_Int               
0     0033bb7e  _Pwm4_Switch4_Int               
0     0033bb9f  _Pwm5_Motor1_Int                
0     0033bbc0  _Pwm6_Motor2_Int                
1     0000c4c0  _RS422_Comm                     
0     0033b4be  _RS422_Int                      
0     0033b503  _RS422_Send_Byte                
0     0033b683  _RS422_Send_Data                
0     0033b512  _RS422_Send_String              
1     0000c500  _RS422_revice                   
0     0033b1c6  _RTOSINT_ISR                    
0     0032001f  _RamfuncsLoadEnd                
abs   0000001f  _RamfuncsLoadSize               
0     00320000  _RamfuncsLoadStart              
0     00008000  _RamfuncsRunStart               
0     0033b75d  _Read_ADS_DRDY                  
0     0033b67e  _Rs422_Message_Process          
1     0000c012  _Rs422_revice                   
1     0000c013  _Rs422_revice_type              
0     0033b414  _SCIRXINTA_ISR                  
0     0033b428  _SCIRXINTB_ISR                  
0     0033b400  _SCIRXINTC_ISR                  
0     0033b41e  _SCITXINTA_ISR                  
0     0033b432  _SCITXINTB_ISR                  
0     0033b40a  _SCITXINTC_ISR                  
0     0033b5a1  _SCI_RecvQueueEmpty             
0     0033b523  _SCI_RecvQueueIn                
0     0033b581  _SCI_RecvQueueOut               
1     0000ccc4  _SDCardInfo                     
0     0033b12b  _SD_GetCID                      
0     0033b196  _SD_GetCSD                      
0     0033b13d  _SD_GetCapacity                 
0     0033ae71  _SD_Init                        
0     0033b0c3  _SD_ReadMultiBlock              
0     0033b0a2  _SD_ReadSingleBlock             
0     0033b0f7  _SD_ReceiveData                 
0     0033af9a  _SD_Reset                       
1     0000ccc2  _SD_Type                        
0     0033b08d  _SD_WaitReady                   
0     0033b025  _SD_WriteMultiBlock             
0     0033afca  _SD_WriteSingleBlock            
0     0033af35  _SD_Write_Cmd                   
0     0033af6a  _SD_Write_Cmd_NoDeassert        
1     0000c93c  _SD_status                      
0     0033b266  _SEQ1INT_ISR                    
0     0033b270  _SEQ2INT_ISR                    
0     0033b374  _SPIRXINTA_ISR                  
0     0033b37e  _SPITXINTA_ISR                  
0     0033b828  _SPI_END                        
0     0033b738  _SPI_MOSI_High                  
0     0033b73d  _SPI_MOSI_Low                   
0     0033b850  _SPI_READ_BYTE1                 
0     0033aefb  _SPI_ReadWriteByte              
0     0033b831  _SPI_SEND_BYTE                  
0     0033b81f  _SPI_START                      
1     0000ccc1  _SPI_Speed                      
1     00007050  _SciaRegs                       
1     00007750  _ScibRegs                       
0     0033c36e  _ScibRxInpur                    
1     00007770  _ScicRegs                       
0     0033bf30  _ServiceDog                     
0     0033c856  _SetDBGIER                      
0     0033b943  _Set_SDA_Pin_Input              
0     0033b94f  _Set_SDA_Pin_Output             
0     0033c3e7  _Set_SPI_CLK_High               
0     0033c3ec  _Set_SPI_CLK_Low                
0     0033c405  _Set_SPI_CS_High                
0     0033c40a  _Set_SPI_CS_Low                 
0     0033c3fb  _Set_SPI_MISO_High              
0     0033c400  _Set_SPI_MISO_Low               
0     0033c3f1  _Set_SPI_MOSI_High              
0     0033c3f6  _Set_SPI_MOSI_Low               
1     00007040  _SpiaRegs                       
1     00007010  _SysCtrlRegs                    
0     0033b298  _TINT0_ISR                      
0     0033c4f6  _Time0_Int                      
0     0033bd54  _Time0_Interrupt_Handler        
0     0033b248  _USER10_ISR                     
0     0033b252  _USER11_ISR                     
0     0033b25c  _USER12_ISR                     
0     0033b1ee  _USER1_ISR                      
0     0033b1f8  _USER2_ISR                      
0     0033b202  _USER3_ISR                      
0     0033b20c  _USER4_ISR                      
0     0033b216  _USER5_ISR                      
0     0033b220  _USER6_ISR                      
0     0033b22a  _USER7_ISR                      
0     0033b234  _USER8_ISR                      
0     0033b23e  _USER9_ISR                      
0     0033b2a2  _WAKEINT_ISR                    
0     0033b27a  _XINT1_ISR                      
0     0033b284  _XINT2_ISR                      
0     0033b464  _XINT3_ISR                      
0     0033b46e  _XINT4_ISR                      
0     0033b478  _XINT5_ISR                      
0     0033b482  _XINT6_ISR                      
0     0033b48c  _XINT7_ISR                      
1     00007070  _XIntruptRegs                   
1     00000b20  _XintfRegs                      
1     00000700  __STACK_END                     
abs   00000300  __STACK_SIZE                    
1     0000c938  ___TI_cleanup_ptr               
1     0000c93a  ___TI_dtors_ptr                 
1     0000c936  ___TI_enable_exit_profile_output
0     0033c590  ___TI_ltoa                      
abs   ffffffff  ___TI_pprof_out_hndl            
0     0033a8ab  ___TI_printfi                   
abs   ffffffff  ___TI_prof_data_size            
abs   ffffffff  ___TI_prof_data_start           
abs   ffffffff  ___binit__                      
abs   ffffffff  ___c_args__                     
0     0033cb6c  ___cinit__                      
0     0033c85c  ___etext__                      
abs   ffffffff  ___pinit__                      
0     00338000  ___text__                       
0     0033c7c7  __args_main                     
0     0033c85c  __ctypes_                       
1     0000c9b8  __lock                          
0     0033c820  __nop                           
0     0033c81c  __register_lock                 
0     0033c818  __register_unlock               
1     00000400  __stack                         
0     0033c85b  __system_post_cinit             
0     0033c859  __system_pre_init               
1     0000c9ba  __unlock                        
0     0033c614  _abort                          
1     0000cbc0  _adc_buff                       
0     0033c55f  _atoi                           
1     0000cc40  _buff                           
0     0033c4a0  _c_int00                        
0     0033c688  _copy_in                        
0     0033c663  _copysignl                      
0     0033c434  _delay_ms                       
0     0033c416  _delay_ns                       
0     0033c423  _delay_us                       
1     0000c007  _dial_value                     
0     0033c0a5  _disk_initialize                
0     0033c101  _disk_ioctl                     
0     0033c0b5  _disk_read                      
0     0033c0a0  _disk_status                    
0     0033c0dd  _disk_write                     
1     0000c940  _eeprom_read_buff               
1     0000c9c0  _eeprom_send_buff               
1     0000ca40  _eeprom_write_buff              
1     0000c9bc  _errno                          
0     0033c616  _exit                           
0     00338fc6  _f_close                        
0     00339179  _f_closedir                     
0     003391b5  _f_deldir                       
0     00339250  _f_getfree                      
0     0033956b  _f_getlabel                     
0     00339a5b  _f_gets                         
0     00338fdc  _f_lseek                        
0     003393f2  _f_mkdir                        
0     003396a8  _f_mkfs                         
0     00338b2e  _f_mount                        
0     00338b67  _f_open                         
0     00339131  _f_opendir                      
0     00339b2f  _f_printf                       
0     00339aeb  _f_putc                         
0     00339b09  _f_puts                         
0     00338cad  _f_read                         
0     00339189  _f_readdir                      
0     0033949d  _f_rename                       
0     003395e2  _f_setlabel                     
0     00339228  _f_stat                         
0     00338f5a  _f_sync                         
0     003392f0  _f_truncate                     
0     0033937f  _f_unlink                       
0     00338de4  _f_write                        
1     0000c040  _file                           
1     0000c011  _framelen                       
0     0033c446  _frexpl                         
1     0000c280  _fs                             
0     0033c13a  _get_fattime                    
1     0000c00f  _i                              
0     0033bff2  _ldexpl                         
1     0000c4c2  _len                            
0     0033aa3c  _main                           
0     0033c7d9  _memccpy                        
0     0033c747  _memcpy                         
0     0033c84a  _memset                         
1     0000c018  _motor1_on_off                  
1     0000c019  _motor2_on_off                  
1     0000c008  _num                            
1     0000c00c  _power_on                       
1     0000cd02  _readcount                      
1     0000c009  _readlen                        
0     0033b4b4  _rsvd_ISR                       
0     0033bff2  _scalbnl                        
1     0000ccc0  _sd_card_status                 
1     0000cac0  _sd_read_buff                   
1     0000cb40  _sd_write_buff                  
1     0000c010  _send_ADC_value                 
0     0033b965  _set_IIC_SCL_High               
0     0033b96a  _set_IIC_SCL_Low                
0     0033b95b  _set_IIC_SDA_High               
0     0033b960  _set_IIC_SDA_Low                
0     0033bc29  _set_motor1_status              
0     0033bc3b  _set_motor2_status              
0     0033bbe1  _set_switch1_status             
0     0033bbf3  _set_switch2_status             
0     0033bc05  _set_switch3_status             
0     0033bc17  _set_switch4_status             
0     0033c52d  _sprintf                        
0     0033c7f7  _strchr                         
0     0033c80e  _strcmp                         
0     0033c851  _strcpy                         
0     0033c83b  _strlen                         
1     0000c014  _switch1_on_off                 
1     0000c015  _switch2_on_off                 
1     0000c016  _switch3_on_off                 
1     0000c017  _switch4_on_off                 
0     0033c522  _task_run                       
1     0000c000  _test_1                         
1     0000c001  _test_2                         
1     0000c002  _test_3                         
1     0000c003  _test_4                         
1     0000c004  _test_5                         
1     0000c005  _test_6                         
1     0000c006  _test_7                         
1     0000c01a  _test_9                         
1     0000c00d  _test_eeprom_read               
1     0000c00e  _test_eeprom_write              
1     0000c00a  _test_sd_read                   
1     0000c00b  _test_sd_write                  
1     0000cd00  _time                           
1     0000cd04  _timecount                      
0     0033c82a  _wcslen                         
abs   ffffffff  binit                           
0     0033cb6c  cinit                           
0     0033fff6  code_start                      
0     0033c85c  etext                           
abs   ffffffff  pinit                           


GLOBAL SYMBOLS: SORTED BY Symbol Address 

page  address   name                            
----  -------   ----                            
0     00008000  _InitFlash                      
0     00008000  _RamfuncsRunStart               
0     0000801b  _DSP28x_usDelay                 
0     00320000  _RamfuncsLoadStart              
0     0032001f  _RamfuncsLoadEnd                
0     00338000  .text                           
0     00338000  ___text__                       
0     00338b2e  _f_mount                        
0     00338b67  _f_open                         
0     00338cad  _f_read                         
0     00338de4  _f_write                        
0     00338f5a  _f_sync                         
0     00338fc6  _f_close                        
0     00338fdc  _f_lseek                        
0     00339131  _f_opendir                      
0     00339179  _f_closedir                     
0     00339189  _f_readdir                      
0     003391b5  _f_deldir                       
0     00339228  _f_stat                         
0     00339250  _f_getfree                      
0     003392f0  _f_truncate                     
0     0033937f  _f_unlink                       
0     003393f2  _f_mkdir                        
0     0033949d  _f_rename                       
0     0033956b  _f_getlabel                     
0     003395e2  _f_setlabel                     
0     003396a8  _f_mkfs                         
0     00339a5b  _f_gets                         
0     00339aeb  _f_putc                         
0     00339b09  _f_puts                         
0     00339b2f  _f_printf                       
0     0033a8ab  ___TI_printfi                   
0     0033aa3c  _main                           
0     0033ae71  _SD_Init                        
0     0033aefb  _SPI_ReadWriteByte              
0     0033af35  _SD_Write_Cmd                   
0     0033af6a  _SD_Write_Cmd_NoDeassert        
0     0033af9a  _SD_Reset                       
0     0033afca  _SD_WriteSingleBlock            
0     0033b025  _SD_WriteMultiBlock             
0     0033b08d  _SD_WaitReady                   
0     0033b0a2  _SD_ReadSingleBlock             
0     0033b0c3  _SD_ReadMultiBlock              
0     0033b0f7  _SD_ReceiveData                 
0     0033b12b  _SD_GetCID                      
0     0033b13d  _SD_GetCapacity                 
0     0033b196  _SD_GetCSD                      
0     0033b1a8  _INT13_ISR                      
0     0033b1b2  _INT14_ISR                      
0     0033b1bc  _DATALOG_ISR                    
0     0033b1c6  _RTOSINT_ISR                    
0     0033b1d0  _EMUINT_ISR                     
0     0033b1da  _NMI_ISR                        
0     0033b1e4  _ILLEGAL_ISR                    
0     0033b1ee  _USER1_ISR                      
0     0033b1f8  _USER2_ISR                      
0     0033b202  _USER3_ISR                      
0     0033b20c  _USER4_ISR                      
0     0033b216  _USER5_ISR                      
0     0033b220  _USER6_ISR                      
0     0033b22a  _USER7_ISR                      
0     0033b234  _USER8_ISR                      
0     0033b23e  _USER9_ISR                      
0     0033b248  _USER10_ISR                     
0     0033b252  _USER11_ISR                     
0     0033b25c  _USER12_ISR                     
0     0033b266  _SEQ1INT_ISR                    
0     0033b270  _SEQ2INT_ISR                    
0     0033b27a  _XINT1_ISR                      
0     0033b284  _XINT2_ISR                      
0     0033b28e  _ADCINT_ISR                     
0     0033b298  _TINT0_ISR                      
0     0033b2a2  _WAKEINT_ISR                    
0     0033b2ac  _EPWM1_TZINT_ISR                
0     0033b2b6  _EPWM2_TZINT_ISR                
0     0033b2c0  _EPWM3_TZINT_ISR                
0     0033b2ca  _EPWM4_TZINT_ISR                
0     0033b2d4  _EPWM5_TZINT_ISR                
0     0033b2de  _EPWM6_TZINT_ISR                
0     0033b2e8  _EPWM1_INT_ISR                  
0     0033b2f2  _EPWM2_INT_ISR                  
0     0033b2fc  _EPWM3_INT_ISR                  
0     0033b306  _EPWM4_INT_ISR                  
0     0033b310  _EPWM5_INT_ISR                  
0     0033b31a  _EPWM6_INT_ISR                  
0     0033b324  _ECAP1_INT_ISR                  
0     0033b32e  _ECAP2_INT_ISR                  
0     0033b338  _ECAP3_INT_ISR                  
0     0033b342  _ECAP4_INT_ISR                  
0     0033b34c  _ECAP5_INT_ISR                  
0     0033b356  _ECAP6_INT_ISR                  
0     0033b360  _EQEP1_INT_ISR                  
0     0033b36a  _EQEP2_INT_ISR                  
0     0033b374  _SPIRXINTA_ISR                  
0     0033b37e  _SPITXINTA_ISR                  
0     0033b388  _MRINTB_ISR                     
0     0033b392  _MXINTB_ISR                     
0     0033b39c  _MRINTA_ISR                     
0     0033b3a6  _MXINTA_ISR                     
0     0033b3b0  _DINTCH1_ISR                    
0     0033b3ba  _DINTCH2_ISR                    
0     0033b3c4  _DINTCH3_ISR                    
0     0033b3ce  _DINTCH4_ISR                    
0     0033b3d8  _DINTCH5_ISR                    
0     0033b3e2  _DINTCH6_ISR                    
0     0033b3ec  _I2CINT1A_ISR                   
0     0033b3f6  _I2CINT2A_ISR                   
0     0033b400  _SCIRXINTC_ISR                  
0     0033b40a  _SCITXINTC_ISR                  
0     0033b414  _SCIRXINTA_ISR                  
0     0033b41e  _SCITXINTA_ISR                  
0     0033b428  _SCIRXINTB_ISR                  
0     0033b432  _SCITXINTB_ISR                  
0     0033b43c  _ECAN0INTA_ISR                  
0     0033b446  _ECAN1INTA_ISR                  
0     0033b450  _ECAN0INTB_ISR                  
0     0033b45a  _ECAN1INTB_ISR                  
0     0033b464  _XINT3_ISR                      
0     0033b46e  _XINT4_ISR                      
0     0033b478  _XINT5_ISR                      
0     0033b482  _XINT6_ISR                      
0     0033b48c  _XINT7_ISR                      
0     0033b496  _LVF_ISR                        
0     0033b4a0  _LUF_ISR                        
0     0033b4aa  _PIE_RESERVED                   
0     0033b4b4  _rsvd_ISR                       
0     0033b4be  _RS422_Int                      
0     0033b503  _RS422_Send_Byte                
0     0033b512  _RS422_Send_String              
0     0033b523  _SCI_RecvQueueIn                
0     0033b581  _SCI_RecvQueueOut               
0     0033b5a1  _SCI_RecvQueueEmpty             
0     0033b5b8  _CRC_Get_Cumulative_Sum         
0     0033b5c9  _FrameProcess                   
0     0033b5df  _GetFrameFromQueue              
0     0033b67e  _Rs422_Message_Process          
0     0033b683  _RS422_Send_Data                
0     0033b72e  _ADS_SCLK_H                     
0     0033b733  _ADS_SCLK_L                     
0     0033b738  _SPI_MOSI_High                  
0     0033b73d  _SPI_MOSI_Low                   
0     0033b742  _Get_SPI_MISO                   
0     0033b749  _ADS_START_L                    
0     0033b74e  _ADS_START_H                    
0     0033b753  _ADS_CS_L                       
0     0033b758  _ADS_CS_H                       
0     0033b75d  _Read_ADS_DRDY                  
0     0033b763  _ADS1258_Int                    
0     0033b81f  _SPI_START                      
0     0033b828  _SPI_END                        
0     0033b831  _SPI_SEND_BYTE                  
0     0033b850  _SPI_READ_BYTE1                 
0     0033b86d  _ADS1258_ReadDate               
0     0033b901  _AD_Delay                       
0     0033b90d  _AD_Delay1                      
0     0033b917  _ADC_Read                       
0     0033b943  _Set_SDA_Pin_Input              
0     0033b94f  _Set_SDA_Pin_Output             
0     0033b95b  _set_IIC_SDA_High               
0     0033b960  _set_IIC_SDA_Low                
0     0033b965  _set_IIC_SCL_High               
0     0033b96a  _set_IIC_SCL_Low                
0     0033b96f  _Get_SDA_status                 
0     0033b974  _IIC_Start                      
0     0033b985  _IIC_Stop                       
0     0033b996  _IIC_Wait_Ack                   
0     0033b9b6  _IIC_Ack                        
0     0033b9c7  _IIC_NAck                       
0     0033b9d8  _IIC_Send_Byte                  
0     0033b9ff  _IIC_Read_Byte                  
0     0033ba20  _AT24C512_ReadOneByte           
0     0033ba47  _AT24C512_WriteOneByte          
0     0033ba6b  _AT24C512_WritelenByte          
0     0033ba7f  _AT24C512_ReadlenByte           
0     0033ba93  _AT24C512_WriteString           
0     0033badf  _AT24C512_ReadString            
0     0033bb1b  _Pwm1_Switch1_Int               
0     0033bb3c  _Pwm2_Switch2_Int               
0     0033bb5d  _Pwm3_Switch3_Int               
0     0033bb7e  _Pwm4_Switch4_Int               
0     0033bb9f  _Pwm5_Motor1_Int                
0     0033bbc0  _Pwm6_Motor2_Int                
0     0033bbe1  _set_switch1_status             
0     0033bbf3  _set_switch2_status             
0     0033bc05  _set_switch3_status             
0     0033bc17  _set_switch4_status             
0     0033bc29  _set_motor1_status              
0     0033bc3b  _set_motor2_status              
0     0033bc4d  LL$$DIV                         
0     0033bc89  LL$$MOD                         
0     0033bcc3  ULL$$DIV                        
0     0033bcf2  ULL$$MOD                        
0     0033bd54  _Time0_Interrupt_Handler        
0     0033be4c  _GIOP_Int                       
0     0033bee6  _Configuration_Interrupt        
0     0033bf04  _Get_Dial_Code                  
0     0033bf27  _InitSysCtrl                    
0     0033bf30  _ServiceDog                     
0     0033bf3a  _DisableDog                     
0     0033bf42  _InitPll                        
0     0033bf93  _InitPeripheralClocks           
0     0033bfc1  _CsmUnlock                      
0     0033bff2  _ldexpl                         
0     0033bff2  _scalbnl                        
0     0033c0a0  _disk_status                    
0     0033c0a5  _disk_initialize                
0     0033c0b5  _disk_read                      
0     0033c0dd  _disk_write                     
0     0033c101  _disk_ioctl                     
0     0033c13a  _get_fattime                    
0     0033c13c  FD$$ADD                         
0     0033c1d8  FD$$DIV                         
0     0033c263  FS$$DIV                         
0     0033c2eb  FD$$MPY                         
0     0033c36e  _ScibRxInpur                    
0     0033c3e7  _Set_SPI_CLK_High               
0     0033c3ec  _Set_SPI_CLK_Low                
0     0033c3f1  _Set_SPI_MOSI_High              
0     0033c3f6  _Set_SPI_MOSI_Low               
0     0033c3fb  _Set_SPI_MISO_High              
0     0033c400  _Set_SPI_MISO_Low               
0     0033c405  _Set_SPI_CS_High                
0     0033c40a  _Set_SPI_CS_Low                 
0     0033c40f  _Get_SPI_MISO_Status            
0     0033c416  _delay_ns                       
0     0033c423  _delay_us                       
0     0033c434  _delay_ms                       
0     0033c446  _frexpl                         
0     0033c4a0  _c_int00                        
0     0033c4f6  _Time0_Int                      
0     0033c522  _task_run                       
0     0033c52d  _sprintf                        
0     0033c55f  _atoi                           
0     0033c590  ___TI_ltoa                      
0     0033c5c0  FD$$CMP                         
0     0033c5ea  L$$DIV                          
0     0033c5f9  L$$MOD                          
0     0033c607  UL$$DIV                         
0     0033c60e  UL$$MOD                         
0     0033c614  C$$EXIT                         
0     0033c614  _abort                          
0     0033c616  _exit                           
0     0033c63d  _InitPieCtrl                    
0     0033c65a  _EnableInterrupts               
0     0033c663  _copysignl                      
0     0033c688  _copy_in                        
0     0033c6ac  FD$$TOI                         
0     0033c6cd  _InitPieVectTable               
0     0033c6ed  FD$$TOL                         
0     0033c70c  LL$$CMP                         
0     0033c71e  ULL$$CMP                        
0     0033c72a  I$$TOFD                         
0     0033c747  _memcpy                         
0     0033c764  FS$$TOFD                        
0     0033c780  L$$TOFD                         
0     0033c79c  LL$$AND                         
0     0033c7a4  LL$$OR                          
0     0033c7ac  LL$$XOR                         
0     0033c7b4  _MemCopy                        
0     0033c7c7  __args_main                     
0     0033c7d9  _memccpy                        
0     0033c7e9  FD$$SUB                         
0     0033c7f7  _strchr                         
0     0033c803  U$$DIV                          
0     0033c808  U$$MOD                          
0     0033c80e  _strcmp                         
0     0033c818  __register_unlock               
0     0033c81c  __register_lock                 
0     0033c820  __nop                           
0     0033c821  FD$$NEG                         
0     0033c82a  _wcslen                         
0     0033c83b  _strlen                         
0     0033c843  _DSP28x_DisableInt              
0     0033c847  _DSP28x_RestoreInt              
0     0033c84a  _memset                         
0     0033c851  _strcpy                         
0     0033c856  _SetDBGIER                      
0     0033c859  __system_pre_init               
0     0033c85b  __system_post_cinit             
0     0033c85c  ___etext__                      
0     0033c85c  __ctypes_                       
0     0033c85c  etext                           
0     0033c95e  _PieVectTableInit               
0     0033cb6c  ___cinit__                      
0     0033cb6c  cinit                           
0     0033fff6  code_start                      
0     00380080  _ADC_cal                        
1     00000400  __stack                         
1     00000700  __STACK_END                     
1     00000880  _DevEmuRegs                     
1     00000a80  _FlashRegs                      
1     00000ae0  _CsmRegs                        
1     00000b00  _AdcMirror                      
1     00000b20  _XintfRegs                      
1     00000c00  _CpuTimer0Regs                  
1     00000c08  _CpuTimer1Regs                  
1     00000c10  _CpuTimer2Regs                  
1     00000ce0  _PieCtrlRegs                    
1     00000d00  _PieVectTable                   
1     00001000  _DmaRegs                        
1     00005000  _McbspaRegs                     
1     00005040  _McbspbRegs                     
1     00006000  _ECanaRegs                      
1     00006040  _ECanaLAMRegs                   
1     00006080  _ECanaMOTSRegs                  
1     000060c0  _ECanaMOTORegs                  
1     00006100  _ECanaMboxes                    
1     00006200  _ECanbRegs                      
1     00006240  _ECanbLAMRegs                   
1     00006280  _ECanbMOTSRegs                  
1     000062c0  _ECanbMOTORegs                  
1     00006300  _ECanbMboxes                    
1     00006800  _EPwm1Regs                      
1     00006840  _EPwm2Regs                      
1     00006880  _EPwm3Regs                      
1     000068c0  _EPwm4Regs                      
1     00006900  _EPwm5Regs                      
1     00006940  _EPwm6Regs                      
1     00006a00  _ECap1Regs                      
1     00006a20  _ECap2Regs                      
1     00006a40  _ECap3Regs                      
1     00006a60  _ECap4Regs                      
1     00006a80  _ECap5Regs                      
1     00006aa0  _ECap6Regs                      
1     00006b00  _EQep1Regs                      
1     00006b40  _EQep2Regs                      
1     00006f80  _GpioCtrlRegs                   
1     00006fc0  _GpioDataRegs                   
1     00006fe0  _GpioIntRegs                    
1     00007010  _SysCtrlRegs                    
1     00007040  _SpiaRegs                       
1     00007050  _SciaRegs                       
1     00007070  _XIntruptRegs                   
1     00007100  _AdcRegs                        
1     00007750  _ScibRegs                       
1     00007770  _ScicRegs                       
1     00007900  _I2caRegs                       
1     0000c000  _test_1                         
1     0000c001  _test_2                         
1     0000c002  _test_3                         
1     0000c003  _test_4                         
1     0000c004  _test_5                         
1     0000c005  _test_6                         
1     0000c006  _test_7                         
1     0000c007  _dial_value                     
1     0000c008  _num                            
1     0000c009  _readlen                        
1     0000c00a  _test_sd_read                   
1     0000c00b  _test_sd_write                  
1     0000c00c  _power_on                       
1     0000c00d  _test_eeprom_read               
1     0000c00e  _test_eeprom_write              
1     0000c00f  _i                              
1     0000c010  _send_ADC_value                 
1     0000c011  _framelen                       
1     0000c012  _Rs422_revice                   
1     0000c013  _Rs422_revice_type              
1     0000c014  _switch1_on_off                 
1     0000c015  _switch2_on_off                 
1     0000c016  _switch3_on_off                 
1     0000c017  _switch4_on_off                 
1     0000c018  _motor1_on_off                  
1     0000c019  _motor2_on_off                  
1     0000c01a  _test_9                         
1     0000c040  _file                           
1     0000c280  _fs                             
1     0000c49a  _CpuTimer0                      
1     0000c4a2  _CpuTimer1                      
1     0000c4aa  _CpuTimer2                      
1     0000c4b2  _Collection_ADC                 
1     0000c4b6  _ADS_count                      
1     0000c4c0  _RS422_Comm                     
1     0000c4c1  _Brake_State                    
1     0000c4c2  _len                            
1     0000c500  _RS422_revice                   
1     0000c936  ___TI_enable_exit_profile_output
1     0000c938  ___TI_cleanup_ptr               
1     0000c93a  ___TI_dtors_ptr                 
1     0000c93c  _SD_status                      
1     0000c940  _eeprom_read_buff               
1     0000c9b8  __lock                          
1     0000c9ba  __unlock                        
1     0000c9bc  _errno                          
1     0000c9c0  _eeprom_send_buff               
1     0000ca40  _eeprom_write_buff              
1     0000cac0  _sd_read_buff                   
1     0000cb40  _sd_write_buff                  
1     0000cbc0  _adc_buff                       
1     0000cc40  _buff                           
1     0000ccc0  _sd_card_status                 
1     0000ccc1  _SPI_Speed                      
1     0000ccc2  _SD_Type                        
1     0000ccc4  _SDCardInfo                     
1     0000cd00  _time                           
1     0000cd02  _readcount                      
1     0000cd04  _timecount                      
1     0000cd06  _ADC_CURRENT_mA                 
1     0033fff8  _CsmPwl                         
1     00380090  _PartIdRegs                     
abs   0000001f  _RamfuncsLoadSize               
abs   00000300  __STACK_SIZE                    
abs   ffffffff  ___TI_pprof_out_hndl            
abs   ffffffff  ___TI_prof_data_size            
abs   ffffffff  ___TI_prof_data_start           
abs   ffffffff  ___binit__                      
abs   ffffffff  ___c_args__                     
abs   ffffffff  ___pinit__                      
abs   ffffffff  binit                           
abs   ffffffff  pinit                           

[409 symbols]
