******************************************************************************
             TMS320C2000 Linker PC v20.2.4                     
******************************************************************************
>> Linked Thu Jul 15 15:53:25 2021

OUTPUT FILE NAME:   <zikuineng.out>
ENTRY POINT SYMBOL: "_c_int00"  address: 0033c227


MEMORY CONFIGURATION

         name            origin    length      used     unused   attr    fill
----------------------  --------  ---------  --------  --------  ----  --------
PAGE 0:
  ZONE0                 00004000   00001000  00000000  00001000  RWIX
  RAML0                 00008000   00001000  0000001f  00000fe1  RWIX
  RAML1                 00009000   00001000  00000000  00001000  RWIX
  RAML2                 0000a000   00001000  00000000  00001000  RWIX
  RAML3                 0000b000   00001000  00000000  00001000  RWIX
  ZONE6                 00100000   00100000  00000000  00100000  RWIX
  ZONE7A                00200000   0000fc00  00000000  0000fc00  RWIX
  FLASHH                00300000   00008000  00000000  00008000  RWIX
  FLASHG                00308000   00008000  00000000  00008000  RWIX
  FLASHF                00310000   00008000  00000000  00008000  RWIX
  FLASHE                00318000   00008000  00000000  00008000  RWIX
  FLASHD                00320000   00008000  0000001f  00007fe1  RWIX
  FLASHC                00328000   00008000  00000000  00008000  RWIX
  FLASHA                00338000   00007f80  000049e9  00003597  RWIX
  CSM_RSVD              0033ff80   00000076  00000076  00000000  RWIX
  BEGIN                 0033fff6   00000002  00000002  00000000  RWIX
  CSM_PWL               0033fff8   00000008  00000008  00000000  RWIX
  ADC_CAL               00380080   00000009  00000007  00000002  RWIX
  OTP                   00380400   00000400  00000000  00000400  RWIX
  IQTABLES              003fe000   00000b50  00000000  00000b50  RWIX
  IQTABLES2             003feb50   0000008c  00000000  0000008c  RWIX
  FPUTABLES             003febdc   000006a0  00000000  000006a0  RWIX
  ROM                   003ff27c   00000d44  00000000  00000d44  RWIX
  RESET                 003fffc0   00000002  00000000  00000002  RWIX
  VECTORS               003fffc2   0000003e  00000000  0000003e  RWIX

PAGE 1:
  BOOT_RSVD             00000000   00000050  00000000  00000050  RWIX
  RAMM0                 00000050   000003b0  00000000  000003b0  RWIX
  RAMM1                 00000400   00000400  00000300  00000100  RWIX
  DEV_EMU               00000880   00000180  000000d0  000000b0  RWIX
  FLASH_REGS            00000a80   00000060  00000008  00000058  RWIX
  CSM                   00000ae0   00000010  00000010  00000000  RWIX
  ADC_MIRROR            00000b00   00000010  00000010  00000000  RWIX
  XINTF                 00000b20   00000020  0000001e  00000002  RWIX
  CPU_TIMER0            00000c00   00000008  00000008  00000000  RWIX
  CPU_TIMER1            00000c08   00000008  00000008  00000000  RWIX
  CPU_TIMER2            00000c10   00000008  00000008  00000000  RWIX
  PIE_CTRL              00000ce0   00000020  0000001a  00000006  RWIX
  PIE_VECT              00000d00   00000100  00000100  00000000  RWIX
  DMA                   00001000   00000200  000000e0  00000120  RWIX
  MCBSPA                00005000   00000040  00000025  0000001b  RWIX
  MCBSPB                00005040   00000040  00000025  0000001b  RWIX
  ECANA                 00006000   00000040  00000034  0000000c  RWIX
  ECANA_LAM             00006040   00000040  00000040  00000000  RWIX
  ECANA_MOTS            00006080   00000040  00000040  00000000  RWIX
  ECANA_MOTO            000060c0   00000040  00000040  00000000  RWIX
  ECANA_MBOX            00006100   00000100  00000100  00000000  RWIX
  ECANB                 00006200   00000040  00000034  0000000c  RWIX
  ECANB_LAM             00006240   00000040  00000040  00000000  RWIX
  ECANB_MOTS            00006280   00000040  00000040  00000000  RWIX
  ECANB_MOTO            000062c0   00000040  00000040  00000000  RWIX
  ECANB_MBOX            00006300   00000100  00000100  00000000  RWIX
  EPWM1                 00006800   00000022  00000022  00000000  RWIX
  EPWM2                 00006840   00000022  00000022  00000000  RWIX
  EPWM3                 00006880   00000022  00000022  00000000  RWIX
  EPWM4                 000068c0   00000022  00000022  00000000  RWIX
  EPWM5                 00006900   00000022  00000022  00000000  RWIX
  EPWM6                 00006940   00000022  00000022  00000000  RWIX
  ECAP1                 00006a00   00000020  00000020  00000000  RWIX
  ECAP2                 00006a20   00000020  00000020  00000000  RWIX
  ECAP3                 00006a40   00000020  00000020  00000000  RWIX
  ECAP4                 00006a60   00000020  00000020  00000000  RWIX
  ECAP5                 00006a80   00000020  00000020  00000000  RWIX
  ECAP6                 00006aa0   00000020  00000020  00000000  RWIX
  EQEP1                 00006b00   00000040  00000040  00000000  RWIX
  EQEP2                 00006b40   00000040  00000040  00000000  RWIX
  GPIOCTRL              00006f80   00000040  0000002e  00000012  RWIX
  GPIODAT               00006fc0   00000020  00000020  00000000  RWIX
  GPIOINT               00006fe0   00000020  0000000a  00000016  RWIX
  SYSTEM                00007010   00000020  00000020  00000000  RWIX
  SPIA                  00007040   00000010  00000010  00000000  RWIX
  SCIA                  00007050   00000010  00000010  00000000  RWIX
  XINTRUPT              00007070   00000010  00000010  00000000  RWIX
  ADC                   00007100   00000020  0000001e  00000002  RWIX
  SCIB                  00007750   00000010  00000010  00000000  RWIX
  SCIC                  00007770   00000010  00000010  00000000  RWIX
  I2CA                  00007900   00000040  00000022  0000001e  RWIX
  RAML4                 0000c000   00001000  00000a68  00000598  RWIX
  RAML5                 0000d000   00001000  00000000  00001000  RWIX
  RAML6                 0000e000   00001000  00000000  00001000  RWIX
  RAML7                 0000f000   00001000  00000000  00001000  RWIX
  ZONE7B                0020fc00   00000400  00000000  00000400  RWIX
  FLASHB                00330000   00008000  00000000  00008000  RWIX
  CSM_PWL               0033fff8   00000008  00000008  00000000  RWIX
  PARTID                00380090   00000001  00000001  00000000  RWIX


SECTION ALLOCATION MAP

 output                                  attributes/
section   page    origin      length       input sections
--------  ----  ----------  ----------   ----------------
.cinit     0    0033c936    0000009b     
                  0033c936    00000038     main.obj (.cinit)
                  0033c96e    00000010     RS422.obj (.cinit)
                  0033c97e    0000000f     spi_ADS1258.obj (.cinit)
                  0033c98d    0000000e     rts2800_fpu32.lib : exit.c.obj (.cinit)
                  0033c99b    0000000e     time.obj (.cinit)
                  0033c9a9    00000006     main.obj (.cinit:_eepromreadbuff)
                  0033c9af    00000006     main.obj (.cinit:_readbuff)
                  0033c9b5    00000005     rts2800_fpu32.lib : _lock.c.obj (.cinit:__lock)
                  0033c9ba    00000005                       : _lock.c.obj (.cinit:__unlock)
                  0033c9bf    00000004     RS422.obj (.cinit:_buff)
                  0033c9c3    00000004     RS422.obj (.cinit:_revice_buff$1)
                  0033c9c7    00000004     rts2800_fpu32.lib : errno.c.obj (.cinit)
                  0033c9cb    00000004     sdcard.obj (.cinit)
                  0033c9cf    00000002     --HOLE-- [fill = 0]

csm_rsvd   0    0033ff80    00000076     
                  0033ff80    00000076     DSP2833x_CSMPasswords.obj (csm_rsvd)

DevEmuRegsFile 
*          1    00000880    000000d0     UNINITIALIZED
                  00000880    000000d0     DSP2833x_GlobalVariableDefs.obj (DevEmuRegsFile)

FlashRegsFile 
*          1    00000a80    00000008     UNINITIALIZED
                  00000a80    00000008     DSP2833x_GlobalVariableDefs.obj (FlashRegsFile)

CsmRegsFile 
*          1    00000ae0    00000010     UNINITIALIZED
                  00000ae0    00000010     DSP2833x_GlobalVariableDefs.obj (CsmRegsFile)

AdcMirrorFile 
*          1    00000b00    00000010     UNINITIALIZED
                  00000b00    00000010     DSP2833x_GlobalVariableDefs.obj (AdcMirrorFile)

XintfRegsFile 
*          1    00000b20    0000001e     UNINITIALIZED
                  00000b20    0000001e     DSP2833x_GlobalVariableDefs.obj (XintfRegsFile)

CpuTimer0RegsFile 
*          1    00000c00    00000008     UNINITIALIZED
                  00000c00    00000008     DSP2833x_GlobalVariableDefs.obj (CpuTimer0RegsFile)

CpuTimer1RegsFile 
*          1    00000c08    00000008     UNINITIALIZED
                  00000c08    00000008     DSP2833x_GlobalVariableDefs.obj (CpuTimer1RegsFile)

CpuTimer2RegsFile 
*          1    00000c10    00000008     UNINITIALIZED
                  00000c10    00000008     DSP2833x_GlobalVariableDefs.obj (CpuTimer2RegsFile)

PieCtrlRegsFile 
*          1    00000ce0    0000001a     UNINITIALIZED
                  00000ce0    0000001a     DSP2833x_GlobalVariableDefs.obj (PieCtrlRegsFile)

PieVectTableFile 
*          1    00000d00    00000100     UNINITIALIZED
                  00000d00    00000100     DSP2833x_GlobalVariableDefs.obj (PieVectTableFile)

DmaRegsFile 
*          1    00001000    000000e0     UNINITIALIZED
                  00001000    000000e0     DSP2833x_GlobalVariableDefs.obj (DmaRegsFile)

McbspaRegsFile 
*          1    00005000    00000025     UNINITIALIZED
                  00005000    00000025     DSP2833x_GlobalVariableDefs.obj (McbspaRegsFile)

McbspbRegsFile 
*          1    00005040    00000025     UNINITIALIZED
                  00005040    00000025     DSP2833x_GlobalVariableDefs.obj (McbspbRegsFile)

ECanaRegsFile 
*          1    00006000    00000034     UNINITIALIZED
                  00006000    00000034     DSP2833x_GlobalVariableDefs.obj (ECanaRegsFile)

ECanaLAMRegsFile 
*          1    00006040    00000040     UNINITIALIZED
                  00006040    00000040     DSP2833x_GlobalVariableDefs.obj (ECanaLAMRegsFile)

ECanaMOTSRegsFile 
*          1    00006080    00000040     UNINITIALIZED
                  00006080    00000040     DSP2833x_GlobalVariableDefs.obj (ECanaMOTSRegsFile)

ECanaMOTORegsFile 
*          1    000060c0    00000040     UNINITIALIZED
                  000060c0    00000040     DSP2833x_GlobalVariableDefs.obj (ECanaMOTORegsFile)

ECanaMboxesFile 
*          1    00006100    00000100     UNINITIALIZED
                  00006100    00000100     DSP2833x_GlobalVariableDefs.obj (ECanaMboxesFile)

ECanbRegsFile 
*          1    00006200    00000034     UNINITIALIZED
                  00006200    00000034     DSP2833x_GlobalVariableDefs.obj (ECanbRegsFile)

ECanbLAMRegsFile 
*          1    00006240    00000040     UNINITIALIZED
                  00006240    00000040     DSP2833x_GlobalVariableDefs.obj (ECanbLAMRegsFile)

ECanbMOTSRegsFile 
*          1    00006280    00000040     UNINITIALIZED
                  00006280    00000040     DSP2833x_GlobalVariableDefs.obj (ECanbMOTSRegsFile)

ECanbMOTORegsFile 
*          1    000062c0    00000040     UNINITIALIZED
                  000062c0    00000040     DSP2833x_GlobalVariableDefs.obj (ECanbMOTORegsFile)

ECanbMboxesFile 
*          1    00006300    00000100     UNINITIALIZED
                  00006300    00000100     DSP2833x_GlobalVariableDefs.obj (ECanbMboxesFile)

EPwm1RegsFile 
*          1    00006800    00000022     UNINITIALIZED
                  00006800    00000022     DSP2833x_GlobalVariableDefs.obj (EPwm1RegsFile)

EPwm2RegsFile 
*          1    00006840    00000022     UNINITIALIZED
                  00006840    00000022     DSP2833x_GlobalVariableDefs.obj (EPwm2RegsFile)

EPwm3RegsFile 
*          1    00006880    00000022     UNINITIALIZED
                  00006880    00000022     DSP2833x_GlobalVariableDefs.obj (EPwm3RegsFile)

EPwm4RegsFile 
*          1    000068c0    00000022     UNINITIALIZED
                  000068c0    00000022     DSP2833x_GlobalVariableDefs.obj (EPwm4RegsFile)

EPwm5RegsFile 
*          1    00006900    00000022     UNINITIALIZED
                  00006900    00000022     DSP2833x_GlobalVariableDefs.obj (EPwm5RegsFile)

EPwm6RegsFile 
*          1    00006940    00000022     UNINITIALIZED
                  00006940    00000022     DSP2833x_GlobalVariableDefs.obj (EPwm6RegsFile)

ECap1RegsFile 
*          1    00006a00    00000020     UNINITIALIZED
                  00006a00    00000020     DSP2833x_GlobalVariableDefs.obj (ECap1RegsFile)

ECap2RegsFile 
*          1    00006a20    00000020     UNINITIALIZED
                  00006a20    00000020     DSP2833x_GlobalVariableDefs.obj (ECap2RegsFile)

ECap3RegsFile 
*          1    00006a40    00000020     UNINITIALIZED
                  00006a40    00000020     DSP2833x_GlobalVariableDefs.obj (ECap3RegsFile)

ECap4RegsFile 
*          1    00006a60    00000020     UNINITIALIZED
                  00006a60    00000020     DSP2833x_GlobalVariableDefs.obj (ECap4RegsFile)

ECap5RegsFile 
*          1    00006a80    00000020     UNINITIALIZED
                  00006a80    00000020     DSP2833x_GlobalVariableDefs.obj (ECap5RegsFile)

ECap6RegsFile 
*          1    00006aa0    00000020     UNINITIALIZED
                  00006aa0    00000020     DSP2833x_GlobalVariableDefs.obj (ECap6RegsFile)

EQep1RegsFile 
*          1    00006b00    00000040     UNINITIALIZED
                  00006b00    00000040     DSP2833x_GlobalVariableDefs.obj (EQep1RegsFile)

EQep2RegsFile 
*          1    00006b40    00000040     UNINITIALIZED
                  00006b40    00000040     DSP2833x_GlobalVariableDefs.obj (EQep2RegsFile)

GpioCtrlRegsFile 
*          1    00006f80    0000002e     UNINITIALIZED
                  00006f80    0000002e     DSP2833x_GlobalVariableDefs.obj (GpioCtrlRegsFile)

GpioDataRegsFile 
*          1    00006fc0    00000020     UNINITIALIZED
                  00006fc0    00000020     DSP2833x_GlobalVariableDefs.obj (GpioDataRegsFile)

GpioIntRegsFile 
*          1    00006fe0    0000000a     UNINITIALIZED
                  00006fe0    0000000a     DSP2833x_GlobalVariableDefs.obj (GpioIntRegsFile)

SysCtrlRegsFile 
*          1    00007010    00000020     UNINITIALIZED
                  00007010    00000020     DSP2833x_GlobalVariableDefs.obj (SysCtrlRegsFile)

SpiaRegsFile 
*          1    00007040    00000010     UNINITIALIZED
                  00007040    00000010     DSP2833x_GlobalVariableDefs.obj (SpiaRegsFile)

SciaRegsFile 
*          1    00007050    00000010     UNINITIALIZED
                  00007050    00000010     DSP2833x_GlobalVariableDefs.obj (SciaRegsFile)

XIntruptRegsFile 
*          1    00007070    00000010     UNINITIALIZED
                  00007070    00000010     DSP2833x_GlobalVariableDefs.obj (XIntruptRegsFile)

AdcRegsFile 
*          1    00007100    0000001e     UNINITIALIZED
                  00007100    0000001e     DSP2833x_GlobalVariableDefs.obj (AdcRegsFile)

ScibRegsFile 
*          1    00007750    00000010     UNINITIALIZED
                  00007750    00000010     DSP2833x_GlobalVariableDefs.obj (ScibRegsFile)

ScicRegsFile 
*          1    00007770    00000010     UNINITIALIZED
                  00007770    00000010     DSP2833x_GlobalVariableDefs.obj (ScicRegsFile)

I2caRegsFile 
*          1    00007900    00000022     UNINITIALIZED
                  00007900    00000022     DSP2833x_GlobalVariableDefs.obj (I2caRegsFile)

CsmPwlFile 
*          1    0033fff8    00000008     UNINITIALIZED
                  0033fff8    00000008     DSP2833x_GlobalVariableDefs.obj (CsmPwlFile)

PartIdRegsFile 
*          1    00380090    00000001     UNINITIALIZED
                  00380090    00000001     DSP2833x_GlobalVariableDefs.obj (PartIdRegsFile)

.pinit     0    00338000    00000000     UNINITIALIZED

.text      0    00338000    0000461c     
                  00338000    00001d58     ff.obj (.text)
                  00339d58    00000ce4     rts2800_fpu32.lib : _printfi.c.obj (.text)
                  0033aa3c    00000370     spi_ADS1258.obj (.text)
                  0033adac    00000337     sdcard.obj (.text)
                  0033b0e3    00000316     DSP2833x_DefaultIsr.obj (.text:retain)
                  0033b3f9    00000262     RS422.obj (.text)
                  0033b65b    000001d6     EEPROM.obj (.text)
                  0033b831    0000018f     pwm.obj (.text)
                  0033b9c0    00000107     rts2800_fpu32.lib : ll_div28.asm.obj (.text)
                  0033bac7    000000ea     main.obj (.text)
                  0033bbb1    000000db     initialization.obj (.text)
                  0033bc8c    000000cb     DSP2833x_SysCtrl.obj (.text)
                  0033bd57    000000ae     rts2800_fpu32.lib : s_scalbn.c.obj (.text)
                  0033be05    0000009c     diskio.obj (.text)
                  0033bea1    0000009c     rts2800_fpu32.lib : fd_add28.asm.obj (.text)
                  0033bf3d    0000009b     RS422.obj (.text:retain)
                  0033bfd8    0000008b     rts2800_fpu32.lib : fd_div28.asm.obj (.text)
                  0033c063    00000088                       : fs_div28.asm.obj (.text)
                  0033c0eb    00000083                       : fd_mpy28.asm.obj (.text)
                  0033c16e    0000005f     SPI_SDCard.obj (.text)
                  0033c1cd    0000005a     rts2800_fpu32.lib : s_frexp.c.obj (.text)
                  0033c227    00000056                       : boot28.asm.obj (.text)
                  0033c27d    00000044     time.obj (.text:retain)
                  0033c2c1    00000037     time.obj (.text)
                  0033c2f8    00000032     rts2800_fpu32.lib : sprintf.c.obj (.text)
                  0033c32a    00000031                       : atoi.c.obj (.text)
                  0033c35b    00000030                       : _ltoa.c.obj (.text)
                  0033c38b    0000002a                       : fd_cmp28.asm.obj (.text)
                  0033c3b5    0000002a                       : l_div28.asm.obj (.text)
                  0033c3df    00000029                       : exit.c.obj (.text)
                  0033c408    00000026     DSP2833x_PieCtrl.obj (.text)
                  0033c42e    00000025     rts2800_fpu32.lib : s_copysign.c.obj (.text)
                  0033c453    00000024                       : cpy_tbl.c.obj (.text)
                  0033c477    00000021                       : fd_toi28.asm.obj (.text)
                  0033c498    00000020     DSP2833x_PieVect.obj (.text)
                  0033c4b8    0000001f     rts2800_fpu32.lib : fd_tol28.asm.obj (.text)
                  0033c4d7    0000001e                       : ll_cmp28.asm.obj (.text)
                  0033c4f5    0000001d                       : i_tofd28.asm.obj (.text)
                  0033c512    0000001d                       : memcpy.c.obj (.text)
                  0033c52f    0000001c                       : fs_tofdfpu32.asm.obj (.text)
                  0033c54b    0000001c                       : l_tofd28.asm.obj (.text)
                  0033c567    00000018                       : ll_aox28.asm.obj (.text)
                  0033c57f    00000013     DSP2833x_MemCopy.obj (.text)
                  0033c592    00000012     rts2800_fpu32.lib : args_main.c.obj (.text)
                  0033c5a4    00000010                       : memccpy.c.obj (.text)
                  0033c5b4    0000000e                       : fd_sub28.asm.obj (.text)
                  0033c5c2    0000000c                       : strchr.c.obj (.text)
                  0033c5ce    0000000a                       : strcmp.c.obj (.text)
                  0033c5d8    00000009                       : _lock.c.obj (.text)
                  0033c5e1    00000009                       : fd_neg28.asm.obj (.text)
                  0033c5ea    00000009                       : wcslen.c.obj (.text)
                  0033c5f3    00000008     DSP2833x_CodeStartBranch.obj (.text)
                  0033c5fb    00000008     rts2800_fpu32.lib : strlen.c.obj (.text)
                  0033c603    00000007     DSP2833x_DisInt.obj (.text)
                  0033c60a    00000007     rts2800_fpu32.lib : memset.c.obj (.text)
                  0033c611    00000005                       : strcpy.c.obj (.text)
                  0033c616    00000003     DSP2833x_DBGIER.obj (.text)
                  0033c619    00000002     rts2800_fpu32.lib : pre_init.c.obj (.text)
                  0033c61b    00000001                       : startup.c.obj (.text)

codestart 
*          0    0033fff6    00000002     
                  0033fff6    00000002     DSP2833x_CodeStartBranch.obj (codestart)

.TI.ramfunc 
*          0    00320000    0000001f     RUN ADDR = 00008000
                  00320000    0000001b     DSP2833x_SysCtrl.obj (.TI.ramfunc)
                  0032001b    00000004     DSP2833x_usDelay.obj (.TI.ramfunc)

csmpasswds 
*          0    0033fff8    00000008     
                  0033fff8    00000008     DSP2833x_CSMPasswords.obj (csmpasswds)

.stack     1    00000400    00000300     UNINITIALIZED
                  00000400    00000300     --HOLE--

.ebss      1    0000c000    00000a68     UNINITIALIZED
                  0000c000    0000049a     main.obj (.ebss)
                  0000c49a    00000018     DSP2833x_CpuTimers.obj (.ebss)
                  0000c4b2    00000006     rts2800_fpu32.lib : exit.c.obj (.ebss)
                  0000c4b8    00000006     time.obj (.ebss)
                  0000c4be    00000002     rts2800_fpu32.lib : _lock.c.obj (.ebss:__lock)
                  0000c4c0    00000476     RS422.obj (.ebss)
                  0000c936    00000004     ff.obj (.ebss:_FatFs)
                  0000c93a    00000003     SPI_SDCard.obj (.ebss)
                  0000c93d    00000001     ff.obj (.ebss)
                  0000c93e    00000002     rts2800_fpu32.lib : _lock.c.obj (.ebss:__unlock)
                  0000c940    00000064     RS422.obj (.ebss:_buff)
                  0000c9a4    00000018     RS422.obj (.ebss:_revice_buff$1)
                  0000c9bc    00000001     rts2800_fpu32.lib : errno.c.obj (.ebss)
                  0000c9bd    00000003     --HOLE--
                  0000c9c0    00000040     sdcard.obj (.ebss)
                  0000ca00    00000038     spi_ADS1258.obj (.ebss)
                  0000ca38    00000008     --HOLE--
                  0000ca40    00000014     main.obj (.ebss:_eepromreadbuff)
                  0000ca54    00000014     main.obj (.ebss:_readbuff)

.econst    0    0033c61c    0000031a     
                  0033c61c    00000101     rts2800_fpu32.lib : ctype.c.obj (.econst:.string:__ctypes_)
                  0033c71d    00000001     --HOLE-- [fill = 0]
                  0033c71e    00000100     DSP2833x_PieVect.obj (.econst:_PieVectTableInit)
                  0033c81e    0000005a     ff.obj (.econst:.string)
                  0033c878    00000026     rts2800_fpu32.lib : _printfi.c.obj (.econst:.string)
                  0033c89e    0000001d     main.obj (.econst:.string)
                  0033c8bb    00000001     --HOLE-- [fill = 0]
                  0033c8bc    0000001c     rts2800_fpu32.lib : _printfi.c.obj (.econst)
                  0033c8d8    0000001c                       : s_scalbn.c.obj (.econst)
                  0033c8f4    00000012     ff.obj (.econst:.string:_badchr$1)
                  0033c906    00000010     main.obj (.econst:.string:_$P$T0$1)
                  0033c916    0000000a     ff.obj (.econst:.string:_DbcTbl)
                  0033c920    00000008     rts2800_fpu32.lib : s_frexp.c.obj (.econst)
                  0033c928    00000007     ff.obj (.econst:_cst$2)
                  0033c92f    00000007     ff.obj (.econst:_cst32$3)

.switch    0    0033c9d2    00000018     
                  0033c9d2    00000018     spi_ADS1258.obj (.switch:_ADS1258_ReadDate)

.reset     0    003fffc0    00000002     DSECT
                  003fffc0    00000002     rts2800_fpu32.lib : boot28.asm.obj (.reset)

vectors    0    003fffc2    00000000     DSECT

.adc_cal   0    00380080    00000007     NOLOAD SECTION
                  00380080    00000007     DSP2833x_ADC_cal.obj (.adc_cal)

MODULE SUMMARY

       Module                            code    initialized data   uninitialized data
       ------                            ----    ----------------   ------------------
    .\SOURCE\
       DSP2833x_GlobalVariableDefs.obj   0       0                  2679              
       DSP2833x_DefaultIsr.obj           790     0                  0                 
       DSP2833x_PieVect.obj              32      256                0                 
       DSP2833x_SysCtrl.obj              257     0                  0                 
       DSP2833x_CSMPasswords.obj         0       126                0                 
       DSP2833x_PieCtrl.obj              38      0                  0                 
       DSP2833x_CpuTimers.obj            0       0                  24                
       DSP2833x_MemCopy.obj              19      0                  0                 
       DSP2833x_CodeStartBranch.obj      10      0                  0                 
       DSP2833x_usDelay.obj              8       0                  0                 
       DSP2833x_ADC_cal.obj              7       0                  0                 
       DSP2833x_DisInt.obj               7       0                  0                 
       DSP2833x_DBGIER.obj               3       0                  0                 
    +--+---------------------------------+-------+------------------+--------------------+
       Total:                            1171    382                2703              
                                                                                      
    .\comm\
       ff.obj                            7512    132                5                 
       RS422.obj                         765     24                 1266              
       main.obj                          234     113                1218              
       spi_ADS1258.obj                   880     39                 56                
       sdcard.obj                        823     4                  64                
       EEPROM.obj                        470     0                  0                 
       pwm.obj                           399     0                  0                 
       initialization.obj                219     0                  0                 
       diskio.obj                        156     0                  0                 
       time.obj                          123     14                 6                 
       SPI_SDCard.obj                    95      0                  3                 
    +--+---------------------------------+-------+------------------+--------------------+
       Total:                            11676   326                2618              
                                                                                      
    C:\limingwei\app\ccs\tools\compiler\ti-cgt-c2000_20.2.4.LTS\lib\rts2800_fpu32.lib
       _printfi.c.obj                    3300    66                 0                 
       ll_div28.asm.obj                  263     0                  0                 
       ctype.c.obj                       0       257                0                 
       s_scalbn.c.obj                    174     28                 0                 
       fd_add28.asm.obj                  156     0                  0                 
       fd_div28.asm.obj                  139     0                  0                 
       fs_div28.asm.obj                  136     0                  0                 
       fd_mpy28.asm.obj                  131     0                  0                 
       s_frexp.c.obj                     90      8                  0                 
       boot28.asm.obj                    86      0                  0                 
       exit.c.obj                        41      14                 6                 
       sprintf.c.obj                     50      0                  0                 
       atoi.c.obj                        49      0                  0                 
       _ltoa.c.obj                       48      0                  0                 
       fd_cmp28.asm.obj                  42      0                  0                 
       l_div28.asm.obj                   42      0                  0                 
       s_copysign.c.obj                  37      0                  0                 
       cpy_tbl.c.obj                     36      0                  0                 
       fd_toi28.asm.obj                  33      0                  0                 
       fd_tol28.asm.obj                  31      0                  0                 
       ll_cmp28.asm.obj                  30      0                  0                 
       i_tofd28.asm.obj                  29      0                  0                 
       memcpy.c.obj                      29      0                  0                 
       fs_tofdfpu32.asm.obj              28      0                  0                 
       l_tofd28.asm.obj                  28      0                  0                 
       ll_aox28.asm.obj                  24      0                  0                 
       _lock.c.obj                       9       10                 4                 
       args_main.c.obj                   18      0                  0                 
       memccpy.c.obj                     16      0                  0                 
       fd_sub28.asm.obj                  14      0                  0                 
       strchr.c.obj                      12      0                  0                 
       strcmp.c.obj                      10      0                  0                 
       fd_neg28.asm.obj                  9       0                  0                 
       wcslen.c.obj                      9       0                  0                 
       strlen.c.obj                      8       0                  0                 
       memset.c.obj                      7       0                  0                 
       errno.c.obj                       0       4                  1                 
       strcpy.c.obj                      5       0                  0                 
       pre_init.c.obj                    2       0                  0                 
       startup.c.obj                     1       0                  0                 
    +--+---------------------------------+-------+------------------+--------------------+
       Total:                            5172    387                11                
                                                                                      
       Stack:                            0       0                  768               
    +--+---------------------------------+-------+------------------+--------------------+
       Grand Total:                      18019   1095               6100              


GLOBAL DATA SYMBOLS: SORTED BY DATA PAGE

address     data page           name
--------    ----------------    ----
00000400      10 (00000400)     __stack

00000880      22 (00000880)     _DevEmuRegs

00000a80      2a (00000a80)     _FlashRegs

00000ae0      2b (00000ac0)     _CsmRegs

00000b00      2c (00000b00)     _AdcMirror
00000b20      2c (00000b00)     _XintfRegs

00000c00      30 (00000c00)     _CpuTimer0Regs
00000c08      30 (00000c00)     _CpuTimer1Regs
00000c10      30 (00000c00)     _CpuTimer2Regs

00000ce0      33 (00000cc0)     _PieCtrlRegs

00000d00      34 (00000d00)     _PieVectTable

00001000      40 (00001000)     _DmaRegs

00005000     140 (00005000)     _McbspaRegs

00005040     141 (00005040)     _McbspbRegs

00006000     180 (00006000)     _ECanaRegs

00006040     181 (00006040)     _ECanaLAMRegs

00006080     182 (00006080)     _ECanaMOTSRegs

000060c0     183 (000060c0)     _ECanaMOTORegs

00006100     184 (00006100)     _ECanaMboxes

00006200     188 (00006200)     _ECanbRegs

00006240     189 (00006240)     _ECanbLAMRegs

00006280     18a (00006280)     _ECanbMOTSRegs

000062c0     18b (000062c0)     _ECanbMOTORegs

00006300     18c (00006300)     _ECanbMboxes

00006800     1a0 (00006800)     _EPwm1Regs

00006840     1a1 (00006840)     _EPwm2Regs

00006880     1a2 (00006880)     _EPwm3Regs

000068c0     1a3 (000068c0)     _EPwm4Regs

00006900     1a4 (00006900)     _EPwm5Regs

00006940     1a5 (00006940)     _EPwm6Regs

00006a00     1a8 (00006a00)     _ECap1Regs
00006a20     1a8 (00006a00)     _ECap2Regs

00006a40     1a9 (00006a40)     _ECap3Regs
00006a60     1a9 (00006a40)     _ECap4Regs

00006a80     1aa (00006a80)     _ECap5Regs
00006aa0     1aa (00006a80)     _ECap6Regs

00006b00     1ac (00006b00)     _EQep1Regs

00006b40     1ad (00006b40)     _EQep2Regs

00006f80     1be (00006f80)     _GpioCtrlRegs

00006fc0     1bf (00006fc0)     _GpioDataRegs
00006fe0     1bf (00006fc0)     _GpioIntRegs

00007010     1c0 (00007000)     _SysCtrlRegs

00007040     1c1 (00007040)     _SpiaRegs
00007050     1c1 (00007040)     _SciaRegs
00007070     1c1 (00007040)     _XIntruptRegs

00007100     1c4 (00007100)     _AdcRegs

00007750     1dd (00007740)     _ScibRegs
00007770     1dd (00007740)     _ScicRegs

00007900     1e4 (00007900)     _I2caRegs

0000c000     300 (0000c000)     _test_1
0000c001     300 (0000c000)     _test_2
0000c002     300 (0000c000)     _test_3
0000c003     300 (0000c000)     _test_4
0000c004     300 (0000c000)     _test_5
0000c005     300 (0000c000)     _test_6
0000c006     300 (0000c000)     _test_7
0000c007     300 (0000c000)     _test_sd
0000c008     300 (0000c000)     _test_9
0000c009     300 (0000c000)     _num
0000c00a     300 (0000c000)     _test_eeprom
0000c00b     300 (0000c000)     _readlen
0000c00c     300 (0000c000)     _test_sd_read
0000c00d     300 (0000c000)     _test_sd_write

0000c040     301 (0000c040)     _file

0000c280     30a (0000c280)     _fs

0000c49a     312 (0000c480)     _CpuTimer0
0000c4a2     312 (0000c480)     _CpuTimer1
0000c4aa     312 (0000c480)     _CpuTimer2
0000c4b2     312 (0000c480)     ___TI_enable_exit_profile_output
0000c4b4     312 (0000c480)     ___TI_cleanup_ptr
0000c4b6     312 (0000c480)     ___TI_dtors_ptr
0000c4b8     312 (0000c480)     _Collection_ADC
0000c4ba     312 (0000c480)     _ADS_count
0000c4be     312 (0000c480)     __lock

0000c4c0     313 (0000c4c0)     _RS422_Comm
0000c4c1     313 (0000c4c0)     _Brake_State
0000c4c2     313 (0000c4c0)     _len

0000c500     314 (0000c500)     _RS422_revice

0000c93a     324 (0000c900)     _SD_status
0000c93e     324 (0000c900)     __unlock

0000c940     325 (0000c940)     _buff

0000c9bc     326 (0000c980)     _errno

0000c9c0     327 (0000c9c0)     _sd_card_status
0000c9c1     327 (0000c9c0)     _SPI_Speed
0000c9c2     327 (0000c9c0)     _SD_Type
0000c9c4     327 (0000c9c0)     _SDCardInfo

0000ca00     328 (0000ca00)     _time
0000ca02     328 (0000ca00)     _readcount
0000ca04     328 (0000ca00)     _timecount
0000ca06     328 (0000ca00)     _ADC_CURRENT_mA

0000ca40     329 (0000ca40)     _eepromreadbuff
0000ca54     329 (0000ca40)     _readbuff

0033c61c    cf18 (0033c600)     __ctypes_

0033c71e    cf1c (0033c700)     _PieVectTableInit

0033fff8    cfff (0033ffc0)     _CsmPwl

00380090    e002 (00380080)     _PartIdRegs


GLOBAL SYMBOLS: SORTED ALPHABETICALLY BY Name 

page  address   name                            
----  -------   ----                            
0     00338000  .text                           
0     0033c3df  C$$EXIT                         
0     0033bea1  FD$$ADD                         
0     0033c38b  FD$$CMP                         
0     0033bfd8  FD$$DIV                         
0     0033c0eb  FD$$MPY                         
0     0033c5e1  FD$$NEG                         
0     0033c5b4  FD$$SUB                         
0     0033c477  FD$$TOI                         
0     0033c4b8  FD$$TOL                         
0     0033c063  FS$$DIV                         
0     0033c52f  FS$$TOFD                        
0     0033c4f5  I$$TOFD                         
0     0033c3b5  L$$DIV                          
0     0033c3c4  L$$MOD                          
0     0033c54b  L$$TOFD                         
0     0033c567  LL$$AND                         
0     0033c4d7  LL$$CMP                         
0     0033b9c0  LL$$DIV                         
0     0033b9fc  LL$$MOD                         
0     0033c56f  LL$$OR                          
0     0033c577  LL$$XOR                         
0     0033c3d2  UL$$DIV                         
0     0033c3d9  UL$$MOD                         
0     0033c4e9  ULL$$CMP                        
0     0033ba36  ULL$$DIV                        
0     0033ba65  ULL$$MOD                        
0     0033b1c9  _ADCINT_ISR                     
1     0000ca06  _ADC_CURRENT_mA                 
0     0033ad85  _ADC_Read                       
0     00380080  _ADC_cal                        
0     0033aa71  _ADS1258_Int                    
0     0033ab67  _ADS1258_ReadDate               
0     0033aa66  _ADS_CS_H                       
0     0033aa61  _ADS_CS_L                       
0     0033aa3c  _ADS_SCLK_H                     
0     0033aa41  _ADS_SCLK_L                     
0     0033aa5c  _ADS_START_H                    
0     0033aa57  _ADS_START_L                    
1     0000c4ba  _ADS_count                      
0     0033ad6f  _AD_Delay                       
0     0033ad7b  _AD_Delay1                      
0     0033b738  _AT24C512_ReadOneByte           
0     0033b7f5  _AT24C512_ReadString            
0     0033b797  _AT24C512_ReadlenByte           
0     0033b75f  _AT24C512_WriteOneByte          
0     0033b7ab  _AT24C512_WriteString           
0     0033b783  _AT24C512_WritelenByte          
1     00000b00  _AdcMirror                      
1     00007100  _AdcRegs                        
1     0000c4c1  _Brake_State                    
0     0033b4f3  _CRC_Get_Cumulative_Sum         
1     0000c4b8  _Collection_ADC                 
0     0033bc4b  _Configuration_Interrupt        
1     0000c49a  _CpuTimer0                      
1     00000c00  _CpuTimer0Regs                  
1     0000c4a2  _CpuTimer1                      
1     00000c08  _CpuTimer1Regs                  
1     0000c4aa  _CpuTimer2                      
1     00000c10  _CpuTimer2Regs                  
1     0033fff8  _CsmPwl                         
1     00000ae0  _CsmRegs                        
0     0033bd26  _CsmUnlock                      
0     0033b0f7  _DATALOG_ISR                    
0     0033b2eb  _DINTCH1_ISR                    
0     0033b2f5  _DINTCH2_ISR                    
0     0033b2ff  _DINTCH3_ISR                    
0     0033b309  _DINTCH4_ISR                    
0     0033b313  _DINTCH5_ISR                    
0     0033b31d  _DINTCH6_ISR                    
0     0033c603  _DSP28x_DisableInt              
0     0033c607  _DSP28x_RestoreInt              
0     0000801b  _DSP28x_usDelay                 
1     00000880  _DevEmuRegs                     
0     0033bc9f  _DisableDog                     
1     00001000  _DmaRegs                        
0     0033b377  _ECAN0INTA_ISR                  
0     0033b38b  _ECAN0INTB_ISR                  
0     0033b381  _ECAN1INTA_ISR                  
0     0033b395  _ECAN1INTB_ISR                  
0     0033b25f  _ECAP1_INT_ISR                  
0     0033b269  _ECAP2_INT_ISR                  
0     0033b273  _ECAP3_INT_ISR                  
0     0033b27d  _ECAP4_INT_ISR                  
0     0033b287  _ECAP5_INT_ISR                  
0     0033b291  _ECAP6_INT_ISR                  
1     00006040  _ECanaLAMRegs                   
1     000060c0  _ECanaMOTORegs                  
1     00006080  _ECanaMOTSRegs                  
1     00006100  _ECanaMboxes                    
1     00006000  _ECanaRegs                      
1     00006240  _ECanbLAMRegs                   
1     000062c0  _ECanbMOTORegs                  
1     00006280  _ECanbMOTSRegs                  
1     00006300  _ECanbMboxes                    
1     00006200  _ECanbRegs                      
1     00006a00  _ECap1Regs                      
1     00006a20  _ECap2Regs                      
1     00006a40  _ECap3Regs                      
1     00006a60  _ECap4Regs                      
1     00006a80  _ECap5Regs                      
1     00006aa0  _ECap6Regs                      
0     0033b10b  _EMUINT_ISR                     
0     0033b223  _EPWM1_INT_ISR                  
0     0033b1e7  _EPWM1_TZINT_ISR                
0     0033b22d  _EPWM2_INT_ISR                  
0     0033b1f1  _EPWM2_TZINT_ISR                
0     0033b237  _EPWM3_INT_ISR                  
0     0033b1fb  _EPWM3_TZINT_ISR                
0     0033b241  _EPWM4_INT_ISR                  
0     0033b205  _EPWM4_TZINT_ISR                
0     0033b24b  _EPWM5_INT_ISR                  
0     0033b20f  _EPWM5_TZINT_ISR                
0     0033b255  _EPWM6_INT_ISR                  
0     0033b219  _EPWM6_TZINT_ISR                
1     00006800  _EPwm1Regs                      
1     00006840  _EPwm2Regs                      
1     00006880  _EPwm3Regs                      
1     000068c0  _EPwm4Regs                      
1     00006900  _EPwm5Regs                      
1     00006940  _EPwm6Regs                      
0     0033b29b  _EQEP1_INT_ISR                  
0     0033b2a5  _EQEP2_INT_ISR                  
1     00006b00  _EQep1Regs                      
1     00006b40  _EQep2Regs                      
0     0033c425  _EnableInterrupts               
1     00000a80  _FlashRegs                      
0     0033b504  _FrameProcess                   
0     0033bbb1  _GIOP_Int                       
0     0033b51a  _GetFrameFromQueue              
0     0033bc69  _Get_Dial_Code                  
0     0033b687  _Get_SDA_status                 
0     0033aa50  _Get_SPI_MISO                   
0     0033c196  _Get_SPI_MISO_Status            
1     00006f80  _GpioCtrlRegs                   
1     00006fc0  _GpioDataRegs                   
1     00006fe0  _GpioIntRegs                    
0     0033b327  _I2CINT1A_ISR                   
0     0033b331  _I2CINT2A_ISR                   
1     00007900  _I2caRegs                       
0     0033b6ce  _IIC_Ack                        
0     0033b6df  _IIC_NAck                       
0     0033b717  _IIC_Read_Byte                  
0     0033b6f0  _IIC_Send_Byte                  
0     0033b68c  _IIC_Start                      
0     0033b69d  _IIC_Stop                       
0     0033b6ae  _IIC_Wait_Ack                   
0     0033b11f  _ILLEGAL_ISR                    
0     0033b0e3  _INT13_ISR                      
0     0033b0ed  _INT14_ISR                      
0     00008000  _InitFlash                      
0     0033bcf8  _InitPeripheralClocks           
0     0033c408  _InitPieCtrl                    
0     0033c498  _InitPieVectTable               
0     0033bca7  _InitPll                        
0     0033bc8c  _InitSysCtrl                    
0     0033b3db  _LUF_ISR                        
0     0033b3d1  _LVF_ISR                        
0     0033b2d7  _MRINTA_ISR                     
0     0033b2c3  _MRINTB_ISR                     
0     0033b2e1  _MXINTA_ISR                     
0     0033b2cd  _MXINTB_ISR                     
1     00005000  _McbspaRegs                     
1     00005040  _McbspbRegs                     
0     0033c57f  _MemCopy                        
0     0033b115  _NMI_ISR                        
0     0033b3e5  _PIE_RESERVED                   
1     00380090  _PartIdRegs                     
1     00000ce0  _PieCtrlRegs                    
1     00000d00  _PieVectTable                   
0     0033c71e  _PieVectTableInit               
0     0033b831  _Pwm1_Switch1_Int               
0     0033b852  _Pwm2_Switch2_Int               
0     0033b883  _Pwm3_Switch3_Int               
0     0033b8b6  _Pwm4_Switch4_Int               
0     0033b8e9  _Pwm5_Motor1_Int                
0     0033b91c  _Pwm6_Motor2_Int                
1     0000c4c0  _RS422_Comm                     
0     0033b3f9  _RS422_Int                      
0     0033b43e  _RS422_Send_Byte                
0     0033b5be  _RS422_Send_Data                
0     0033b44d  _RS422_Send_String              
1     0000c500  _RS422_revice                   
0     0033b101  _RTOSINT_ISR                    
0     0032001f  _RamfuncsLoadEnd                
abs   0000001f  _RamfuncsLoadSize               
0     00320000  _RamfuncsLoadStart              
0     00008000  _RamfuncsRunStart               
0     0033aa6b  _Read_ADS_DRDY                  
0     0033b5b9  _Rs422_Message_Process          
0     0033b34f  _SCIRXINTA_ISR                  
0     0033b363  _SCIRXINTB_ISR                  
0     0033b33b  _SCIRXINTC_ISR                  
0     0033b359  _SCITXINTA_ISR                  
0     0033b36d  _SCITXINTB_ISR                  
0     0033b345  _SCITXINTC_ISR                  
0     0033b4dc  _SCI_RecvQueueEmpty             
0     0033b45e  _SCI_RecvQueueIn                
0     0033b4bc  _SCI_RecvQueueOut               
1     0000c9c4  _SDCardInfo                     
0     0033b066  _SD_GetCID                      
0     0033b0d1  _SD_GetCSD                      
0     0033b078  _SD_GetCapacity                 
0     0033adac  _SD_Init                        
0     0033affe  _SD_ReadMultiBlock              
0     0033afdd  _SD_ReadSingleBlock             
0     0033b032  _SD_ReceiveData                 
0     0033aed5  _SD_Reset                       
1     0000c9c2  _SD_Type                        
0     0033afc8  _SD_WaitReady                   
0     0033af60  _SD_WriteMultiBlock             
0     0033af05  _SD_WriteSingleBlock            
0     0033ae70  _SD_Write_Cmd                   
0     0033aea5  _SD_Write_Cmd_NoDeassert        
1     0000c93a  _SD_status                      
0     0033b1a1  _SEQ1INT_ISR                    
0     0033b1ab  _SEQ2INT_ISR                    
0     0033b2af  _SPIRXINTA_ISR                  
0     0033b2b9  _SPITXINTA_ISR                  
0     0033ab2a  _SPI_END                        
0     0033aa46  _SPI_MOSI_High                  
0     0033aa4b  _SPI_MOSI_Low                   
0     0033ab4e  _SPI_READ_BYTE1                 
0     0033ae36  _SPI_ReadWriteByte              
0     0033ab33  _SPI_SEND_BYTE                  
0     0033ab21  _SPI_START                      
1     0000c9c1  _SPI_Speed                      
1     00007050  _SciaRegs                       
1     00007750  _ScibRegs                       
0     0033bf3d  _ScibRxInpur                    
1     00007770  _ScicRegs                       
0     0033bc95  _ServiceDog                     
0     0033c616  _SetDBGIER                      
0     0033b65b  _Set_SDA_Pin_Input              
0     0033b667  _Set_SDA_Pin_Output             
0     0033c16e  _Set_SPI_CLK_High               
0     0033c173  _Set_SPI_CLK_Low                
0     0033c18c  _Set_SPI_CS_High                
0     0033c191  _Set_SPI_CS_Low                 
0     0033c182  _Set_SPI_MISO_High              
0     0033c187  _Set_SPI_MISO_Low               
0     0033c178  _Set_SPI_MOSI_High              
0     0033c17d  _Set_SPI_MOSI_Low               
1     00007040  _SpiaRegs                       
1     00007010  _SysCtrlRegs                    
0     0033b1d3  _TINT0_ISR                      
0     0033c2c1  _Time0_Int                      
0     0033c27d  _Time0_Interrupt_Handler        
0     0033b183  _USER10_ISR                     
0     0033b18d  _USER11_ISR                     
0     0033b197  _USER12_ISR                     
0     0033b129  _USER1_ISR                      
0     0033b133  _USER2_ISR                      
0     0033b13d  _USER3_ISR                      
0     0033b147  _USER4_ISR                      
0     0033b151  _USER5_ISR                      
0     0033b15b  _USER6_ISR                      
0     0033b165  _USER7_ISR                      
0     0033b16f  _USER8_ISR                      
0     0033b179  _USER9_ISR                      
0     0033b1dd  _WAKEINT_ISR                    
0     0033b1b5  _XINT1_ISR                      
0     0033b1bf  _XINT2_ISR                      
0     0033b39f  _XINT3_ISR                      
0     0033b3a9  _XINT4_ISR                      
0     0033b3b3  _XINT5_ISR                      
0     0033b3bd  _XINT6_ISR                      
0     0033b3c7  _XINT7_ISR                      
1     00007070  _XIntruptRegs                   
1     00000b20  _XintfRegs                      
1     00000700  __STACK_END                     
abs   00000300  __STACK_SIZE                    
1     0000c4b4  ___TI_cleanup_ptr               
1     0000c4b6  ___TI_dtors_ptr                 
1     0000c4b2  ___TI_enable_exit_profile_output
0     0033c35b  ___TI_ltoa                      
abs   ffffffff  ___TI_pprof_out_hndl            
0     0033a8ab  ___TI_printfi                   
abs   ffffffff  ___TI_prof_data_size            
abs   ffffffff  ___TI_prof_data_start           
abs   ffffffff  ___binit__                      
abs   ffffffff  ___c_args__                     
0     0033c936  ___cinit__                      
0     0033c61c  ___etext__                      
abs   ffffffff  ___pinit__                      
0     00338000  ___text__                       
0     0033c592  __args_main                     
0     0033c61c  __ctypes_                       
1     0000c4be  __lock                          
0     0033c5e0  __nop                           
0     0033c5dc  __register_lock                 
0     0033c5d8  __register_unlock               
1     00000400  __stack                         
0     0033c61b  __system_post_cinit             
0     0033c619  __system_pre_init               
1     0000c93e  __unlock                        
0     0033c3df  _abort                          
0     0033c32a  _atoi                           
1     0000c940  _buff                           
0     0033c227  _c_int00                        
0     0033c453  _copy_in                        
0     0033c42e  _copysignl                      
0     0033c1bb  _delay_ms                       
0     0033c19d  _delay_ns                       
0     0033c1aa  _delay_us                       
0     0033be0a  _disk_initialize                
0     0033be66  _disk_ioctl                     
0     0033be1a  _disk_read                      
0     0033be05  _disk_status                    
0     0033be42  _disk_write                     
1     0000ca40  _eepromreadbuff                 
1     0000c9bc  _errno                          
0     0033c3e1  _exit                           
0     00338fc6  _f_close                        
0     00339179  _f_closedir                     
0     003391b5  _f_deldir                       
0     00339250  _f_getfree                      
0     0033956b  _f_getlabel                     
0     00339a5b  _f_gets                         
0     00338fdc  _f_lseek                        
0     003393f2  _f_mkdir                        
0     003396a8  _f_mkfs                         
0     00338b2e  _f_mount                        
0     00338b67  _f_open                         
0     00339131  _f_opendir                      
0     00339b2f  _f_printf                       
0     00339aeb  _f_putc                         
0     00339b09  _f_puts                         
0     00338cad  _f_read                         
0     00339189  _f_readdir                      
0     0033949d  _f_rename                       
0     003395e2  _f_setlabel                     
0     00339228  _f_stat                         
0     00338f5a  _f_sync                         
0     003392f0  _f_truncate                     
0     0033937f  _f_unlink                       
0     00338de4  _f_write                        
1     0000c040  _file                           
0     0033c1cd  _frexpl                         
1     0000c280  _fs                             
0     0033be9f  _get_fattime                    
0     0033bd57  _ldexpl                         
1     0000c4c2  _len                            
0     0033bac7  _main                           
0     0033c5a4  _memccpy                        
0     0033c512  _memcpy                         
0     0033c60a  _memset                         
1     0000c009  _num                            
1     0000ca54  _readbuff                       
1     0000ca02  _readcount                      
1     0000c00b  _readlen                        
0     0033b3ef  _rsvd_ISR                       
0     0033bd57  _scalbnl                        
1     0000c9c0  _sd_card_status                 
0     0033b67d  _set_IIC_SCL_High               
0     0033b682  _set_IIC_SCL_Low                
0     0033b673  _set_IIC_SDA_High               
0     0033b678  _set_IIC_SDA_Low                
0     0033b99a  _set_motor1_status              
0     0033b9ad  _set_motor2_status              
0     0033b94f  _set_switch1_status             
0     0033b961  _set_switch2_status             
0     0033b974  _set_switch3_status             
0     0033b987  _set_switch4_status             
0     0033c2f8  _sprintf                        
0     0033c5c2  _strchr                         
0     0033c5ce  _strcmp                         
0     0033c611  _strcpy                         
0     0033c5fb  _strlen                         
0     0033c2ed  _task_run                       
1     0000c000  _test_1                         
1     0000c001  _test_2                         
1     0000c002  _test_3                         
1     0000c003  _test_4                         
1     0000c004  _test_5                         
1     0000c005  _test_6                         
1     0000c006  _test_7                         
1     0000c008  _test_9                         
1     0000c00a  _test_eeprom                    
1     0000c007  _test_sd                        
1     0000c00c  _test_sd_read                   
1     0000c00d  _test_sd_write                  
1     0000ca00  _time                           
1     0000ca04  _timecount                      
0     0033c5ea  _wcslen                         
abs   ffffffff  binit                           
0     0033c936  cinit                           
0     0033fff6  code_start                      
0     0033c61c  etext                           
abs   ffffffff  pinit                           


GLOBAL SYMBOLS: SORTED BY Symbol Address 

page  address   name                            
----  -------   ----                            
0     00008000  _InitFlash                      
0     00008000  _RamfuncsRunStart               
0     0000801b  _DSP28x_usDelay                 
0     00320000  _RamfuncsLoadStart              
0     0032001f  _RamfuncsLoadEnd                
0     00338000  .text                           
0     00338000  ___text__                       
0     00338b2e  _f_mount                        
0     00338b67  _f_open                         
0     00338cad  _f_read                         
0     00338de4  _f_write                        
0     00338f5a  _f_sync                         
0     00338fc6  _f_close                        
0     00338fdc  _f_lseek                        
0     00339131  _f_opendir                      
0     00339179  _f_closedir                     
0     00339189  _f_readdir                      
0     003391b5  _f_deldir                       
0     00339228  _f_stat                         
0     00339250  _f_getfree                      
0     003392f0  _f_truncate                     
0     0033937f  _f_unlink                       
0     003393f2  _f_mkdir                        
0     0033949d  _f_rename                       
0     0033956b  _f_getlabel                     
0     003395e2  _f_setlabel                     
0     003396a8  _f_mkfs                         
0     00339a5b  _f_gets                         
0     00339aeb  _f_putc                         
0     00339b09  _f_puts                         
0     00339b2f  _f_printf                       
0     0033a8ab  ___TI_printfi                   
0     0033aa3c  _ADS_SCLK_H                     
0     0033aa41  _ADS_SCLK_L                     
0     0033aa46  _SPI_MOSI_High                  
0     0033aa4b  _SPI_MOSI_Low                   
0     0033aa50  _Get_SPI_MISO                   
0     0033aa57  _ADS_START_L                    
0     0033aa5c  _ADS_START_H                    
0     0033aa61  _ADS_CS_L                       
0     0033aa66  _ADS_CS_H                       
0     0033aa6b  _Read_ADS_DRDY                  
0     0033aa71  _ADS1258_Int                    
0     0033ab21  _SPI_START                      
0     0033ab2a  _SPI_END                        
0     0033ab33  _SPI_SEND_BYTE                  
0     0033ab4e  _SPI_READ_BYTE1                 
0     0033ab67  _ADS1258_ReadDate               
0     0033ad6f  _AD_Delay                       
0     0033ad7b  _AD_Delay1                      
0     0033ad85  _ADC_Read                       
0     0033adac  _SD_Init                        
0     0033ae36  _SPI_ReadWriteByte              
0     0033ae70  _SD_Write_Cmd                   
0     0033aea5  _SD_Write_Cmd_NoDeassert        
0     0033aed5  _SD_Reset                       
0     0033af05  _SD_WriteSingleBlock            
0     0033af60  _SD_WriteMultiBlock             
0     0033afc8  _SD_WaitReady                   
0     0033afdd  _SD_ReadSingleBlock             
0     0033affe  _SD_ReadMultiBlock              
0     0033b032  _SD_ReceiveData                 
0     0033b066  _SD_GetCID                      
0     0033b078  _SD_GetCapacity                 
0     0033b0d1  _SD_GetCSD                      
0     0033b0e3  _INT13_ISR                      
0     0033b0ed  _INT14_ISR                      
0     0033b0f7  _DATALOG_ISR                    
0     0033b101  _RTOSINT_ISR                    
0     0033b10b  _EMUINT_ISR                     
0     0033b115  _NMI_ISR                        
0     0033b11f  _ILLEGAL_ISR                    
0     0033b129  _USER1_ISR                      
0     0033b133  _USER2_ISR                      
0     0033b13d  _USER3_ISR                      
0     0033b147  _USER4_ISR                      
0     0033b151  _USER5_ISR                      
0     0033b15b  _USER6_ISR                      
0     0033b165  _USER7_ISR                      
0     0033b16f  _USER8_ISR                      
0     0033b179  _USER9_ISR                      
0     0033b183  _USER10_ISR                     
0     0033b18d  _USER11_ISR                     
0     0033b197  _USER12_ISR                     
0     0033b1a1  _SEQ1INT_ISR                    
0     0033b1ab  _SEQ2INT_ISR                    
0     0033b1b5  _XINT1_ISR                      
0     0033b1bf  _XINT2_ISR                      
0     0033b1c9  _ADCINT_ISR                     
0     0033b1d3  _TINT0_ISR                      
0     0033b1dd  _WAKEINT_ISR                    
0     0033b1e7  _EPWM1_TZINT_ISR                
0     0033b1f1  _EPWM2_TZINT_ISR                
0     0033b1fb  _EPWM3_TZINT_ISR                
0     0033b205  _EPWM4_TZINT_ISR                
0     0033b20f  _EPWM5_TZINT_ISR                
0     0033b219  _EPWM6_TZINT_ISR                
0     0033b223  _EPWM1_INT_ISR                  
0     0033b22d  _EPWM2_INT_ISR                  
0     0033b237  _EPWM3_INT_ISR                  
0     0033b241  _EPWM4_INT_ISR                  
0     0033b24b  _EPWM5_INT_ISR                  
0     0033b255  _EPWM6_INT_ISR                  
0     0033b25f  _ECAP1_INT_ISR                  
0     0033b269  _ECAP2_INT_ISR                  
0     0033b273  _ECAP3_INT_ISR                  
0     0033b27d  _ECAP4_INT_ISR                  
0     0033b287  _ECAP5_INT_ISR                  
0     0033b291  _ECAP6_INT_ISR                  
0     0033b29b  _EQEP1_INT_ISR                  
0     0033b2a5  _EQEP2_INT_ISR                  
0     0033b2af  _SPIRXINTA_ISR                  
0     0033b2b9  _SPITXINTA_ISR                  
0     0033b2c3  _MRINTB_ISR                     
0     0033b2cd  _MXINTB_ISR                     
0     0033b2d7  _MRINTA_ISR                     
0     0033b2e1  _MXINTA_ISR                     
0     0033b2eb  _DINTCH1_ISR                    
0     0033b2f5  _DINTCH2_ISR                    
0     0033b2ff  _DINTCH3_ISR                    
0     0033b309  _DINTCH4_ISR                    
0     0033b313  _DINTCH5_ISR                    
0     0033b31d  _DINTCH6_ISR                    
0     0033b327  _I2CINT1A_ISR                   
0     0033b331  _I2CINT2A_ISR                   
0     0033b33b  _SCIRXINTC_ISR                  
0     0033b345  _SCITXINTC_ISR                  
0     0033b34f  _SCIRXINTA_ISR                  
0     0033b359  _SCITXINTA_ISR                  
0     0033b363  _SCIRXINTB_ISR                  
0     0033b36d  _SCITXINTB_ISR                  
0     0033b377  _ECAN0INTA_ISR                  
0     0033b381  _ECAN1INTA_ISR                  
0     0033b38b  _ECAN0INTB_ISR                  
0     0033b395  _ECAN1INTB_ISR                  
0     0033b39f  _XINT3_ISR                      
0     0033b3a9  _XINT4_ISR                      
0     0033b3b3  _XINT5_ISR                      
0     0033b3bd  _XINT6_ISR                      
0     0033b3c7  _XINT7_ISR                      
0     0033b3d1  _LVF_ISR                        
0     0033b3db  _LUF_ISR                        
0     0033b3e5  _PIE_RESERVED                   
0     0033b3ef  _rsvd_ISR                       
0     0033b3f9  _RS422_Int                      
0     0033b43e  _RS422_Send_Byte                
0     0033b44d  _RS422_Send_String              
0     0033b45e  _SCI_RecvQueueIn                
0     0033b4bc  _SCI_RecvQueueOut               
0     0033b4dc  _SCI_RecvQueueEmpty             
0     0033b4f3  _CRC_Get_Cumulative_Sum         
0     0033b504  _FrameProcess                   
0     0033b51a  _GetFrameFromQueue              
0     0033b5b9  _Rs422_Message_Process          
0     0033b5be  _RS422_Send_Data                
0     0033b65b  _Set_SDA_Pin_Input              
0     0033b667  _Set_SDA_Pin_Output             
0     0033b673  _set_IIC_SDA_High               
0     0033b678  _set_IIC_SDA_Low                
0     0033b67d  _set_IIC_SCL_High               
0     0033b682  _set_IIC_SCL_Low                
0     0033b687  _Get_SDA_status                 
0     0033b68c  _IIC_Start                      
0     0033b69d  _IIC_Stop                       
0     0033b6ae  _IIC_Wait_Ack                   
0     0033b6ce  _IIC_Ack                        
0     0033b6df  _IIC_NAck                       
0     0033b6f0  _IIC_Send_Byte                  
0     0033b717  _IIC_Read_Byte                  
0     0033b738  _AT24C512_ReadOneByte           
0     0033b75f  _AT24C512_WriteOneByte          
0     0033b783  _AT24C512_WritelenByte          
0     0033b797  _AT24C512_ReadlenByte           
0     0033b7ab  _AT24C512_WriteString           
0     0033b7f5  _AT24C512_ReadString            
0     0033b831  _Pwm1_Switch1_Int               
0     0033b852  _Pwm2_Switch2_Int               
0     0033b883  _Pwm3_Switch3_Int               
0     0033b8b6  _Pwm4_Switch4_Int               
0     0033b8e9  _Pwm5_Motor1_Int                
0     0033b91c  _Pwm6_Motor2_Int                
0     0033b94f  _set_switch1_status             
0     0033b961  _set_switch2_status             
0     0033b974  _set_switch3_status             
0     0033b987  _set_switch4_status             
0     0033b99a  _set_motor1_status              
0     0033b9ad  _set_motor2_status              
0     0033b9c0  LL$$DIV                         
0     0033b9fc  LL$$MOD                         
0     0033ba36  ULL$$DIV                        
0     0033ba65  ULL$$MOD                        
0     0033bac7  _main                           
0     0033bbb1  _GIOP_Int                       
0     0033bc4b  _Configuration_Interrupt        
0     0033bc69  _Get_Dial_Code                  
0     0033bc8c  _InitSysCtrl                    
0     0033bc95  _ServiceDog                     
0     0033bc9f  _DisableDog                     
0     0033bca7  _InitPll                        
0     0033bcf8  _InitPeripheralClocks           
0     0033bd26  _CsmUnlock                      
0     0033bd57  _ldexpl                         
0     0033bd57  _scalbnl                        
0     0033be05  _disk_status                    
0     0033be0a  _disk_initialize                
0     0033be1a  _disk_read                      
0     0033be42  _disk_write                     
0     0033be66  _disk_ioctl                     
0     0033be9f  _get_fattime                    
0     0033bea1  FD$$ADD                         
0     0033bf3d  _ScibRxInpur                    
0     0033bfd8  FD$$DIV                         
0     0033c063  FS$$DIV                         
0     0033c0eb  FD$$MPY                         
0     0033c16e  _Set_SPI_CLK_High               
0     0033c173  _Set_SPI_CLK_Low                
0     0033c178  _Set_SPI_MOSI_High              
0     0033c17d  _Set_SPI_MOSI_Low               
0     0033c182  _Set_SPI_MISO_High              
0     0033c187  _Set_SPI_MISO_Low               
0     0033c18c  _Set_SPI_CS_High                
0     0033c191  _Set_SPI_CS_Low                 
0     0033c196  _Get_SPI_MISO_Status            
0     0033c19d  _delay_ns                       
0     0033c1aa  _delay_us                       
0     0033c1bb  _delay_ms                       
0     0033c1cd  _frexpl                         
0     0033c227  _c_int00                        
0     0033c27d  _Time0_Interrupt_Handler        
0     0033c2c1  _Time0_Int                      
0     0033c2ed  _task_run                       
0     0033c2f8  _sprintf                        
0     0033c32a  _atoi                           
0     0033c35b  ___TI_ltoa                      
0     0033c38b  FD$$CMP                         
0     0033c3b5  L$$DIV                          
0     0033c3c4  L$$MOD                          
0     0033c3d2  UL$$DIV                         
0     0033c3d9  UL$$MOD                         
0     0033c3df  C$$EXIT                         
0     0033c3df  _abort                          
0     0033c3e1  _exit                           
0     0033c408  _InitPieCtrl                    
0     0033c425  _EnableInterrupts               
0     0033c42e  _copysignl                      
0     0033c453  _copy_in                        
0     0033c477  FD$$TOI                         
0     0033c498  _InitPieVectTable               
0     0033c4b8  FD$$TOL                         
0     0033c4d7  LL$$CMP                         
0     0033c4e9  ULL$$CMP                        
0     0033c4f5  I$$TOFD                         
0     0033c512  _memcpy                         
0     0033c52f  FS$$TOFD                        
0     0033c54b  L$$TOFD                         
0     0033c567  LL$$AND                         
0     0033c56f  LL$$OR                          
0     0033c577  LL$$XOR                         
0     0033c57f  _MemCopy                        
0     0033c592  __args_main                     
0     0033c5a4  _memccpy                        
0     0033c5b4  FD$$SUB                         
0     0033c5c2  _strchr                         
0     0033c5ce  _strcmp                         
0     0033c5d8  __register_unlock               
0     0033c5dc  __register_lock                 
0     0033c5e0  __nop                           
0     0033c5e1  FD$$NEG                         
0     0033c5ea  _wcslen                         
0     0033c5fb  _strlen                         
0     0033c603  _DSP28x_DisableInt              
0     0033c607  _DSP28x_RestoreInt              
0     0033c60a  _memset                         
0     0033c611  _strcpy                         
0     0033c616  _SetDBGIER                      
0     0033c619  __system_pre_init               
0     0033c61b  __system_post_cinit             
0     0033c61c  ___etext__                      
0     0033c61c  __ctypes_                       
0     0033c61c  etext                           
0     0033c71e  _PieVectTableInit               
0     0033c936  ___cinit__                      
0     0033c936  cinit                           
0     0033fff6  code_start                      
0     00380080  _ADC_cal                        
1     00000400  __stack                         
1     00000700  __STACK_END                     
1     00000880  _DevEmuRegs                     
1     00000a80  _FlashRegs                      
1     00000ae0  _CsmRegs                        
1     00000b00  _AdcMirror                      
1     00000b20  _XintfRegs                      
1     00000c00  _CpuTimer0Regs                  
1     00000c08  _CpuTimer1Regs                  
1     00000c10  _CpuTimer2Regs                  
1     00000ce0  _PieCtrlRegs                    
1     00000d00  _PieVectTable                   
1     00001000  _DmaRegs                        
1     00005000  _McbspaRegs                     
1     00005040  _McbspbRegs                     
1     00006000  _ECanaRegs                      
1     00006040  _ECanaLAMRegs                   
1     00006080  _ECanaMOTSRegs                  
1     000060c0  _ECanaMOTORegs                  
1     00006100  _ECanaMboxes                    
1     00006200  _ECanbRegs                      
1     00006240  _ECanbLAMRegs                   
1     00006280  _ECanbMOTSRegs                  
1     000062c0  _ECanbMOTORegs                  
1     00006300  _ECanbMboxes                    
1     00006800  _EPwm1Regs                      
1     00006840  _EPwm2Regs                      
1     00006880  _EPwm3Regs                      
1     000068c0  _EPwm4Regs                      
1     00006900  _EPwm5Regs                      
1     00006940  _EPwm6Regs                      
1     00006a00  _ECap1Regs                      
1     00006a20  _ECap2Regs                      
1     00006a40  _ECap3Regs                      
1     00006a60  _ECap4Regs                      
1     00006a80  _ECap5Regs                      
1     00006aa0  _ECap6Regs                      
1     00006b00  _EQep1Regs                      
1     00006b40  _EQep2Regs                      
1     00006f80  _GpioCtrlRegs                   
1     00006fc0  _GpioDataRegs                   
1     00006fe0  _GpioIntRegs                    
1     00007010  _SysCtrlRegs                    
1     00007040  _SpiaRegs                       
1     00007050  _SciaRegs                       
1     00007070  _XIntruptRegs                   
1     00007100  _AdcRegs                        
1     00007750  _ScibRegs                       
1     00007770  _ScicRegs                       
1     00007900  _I2caRegs                       
1     0000c000  _test_1                         
1     0000c001  _test_2                         
1     0000c002  _test_3                         
1     0000c003  _test_4                         
1     0000c004  _test_5                         
1     0000c005  _test_6                         
1     0000c006  _test_7                         
1     0000c007  _test_sd                        
1     0000c008  _test_9                         
1     0000c009  _num                            
1     0000c00a  _test_eeprom                    
1     0000c00b  _readlen                        
1     0000c00c  _test_sd_read                   
1     0000c00d  _test_sd_write                  
1     0000c040  _file                           
1     0000c280  _fs                             
1     0000c49a  _CpuTimer0                      
1     0000c4a2  _CpuTimer1                      
1     0000c4aa  _CpuTimer2                      
1     0000c4b2  ___TI_enable_exit_profile_output
1     0000c4b4  ___TI_cleanup_ptr               
1     0000c4b6  ___TI_dtors_ptr                 
1     0000c4b8  _Collection_ADC                 
1     0000c4ba  _ADS_count                      
1     0000c4be  __lock                          
1     0000c4c0  _RS422_Comm                     
1     0000c4c1  _Brake_State                    
1     0000c4c2  _len                            
1     0000c500  _RS422_revice                   
1     0000c93a  _SD_status                      
1     0000c93e  __unlock                        
1     0000c940  _buff                           
1     0000c9bc  _errno                          
1     0000c9c0  _sd_card_status                 
1     0000c9c1  _SPI_Speed                      
1     0000c9c2  _SD_Type                        
1     0000c9c4  _SDCardInfo                     
1     0000ca00  _time                           
1     0000ca02  _readcount                      
1     0000ca04  _timecount                      
1     0000ca06  _ADC_CURRENT_mA                 
1     0000ca40  _eepromreadbuff                 
1     0000ca54  _readbuff                       
1     0033fff8  _CsmPwl                         
1     00380090  _PartIdRegs                     
abs   0000001f  _RamfuncsLoadSize               
abs   00000300  __STACK_SIZE                    
abs   ffffffff  ___TI_pprof_out_hndl            
abs   ffffffff  ___TI_prof_data_size            
abs   ffffffff  ___TI_prof_data_start           
abs   ffffffff  ___binit__                      
abs   ffffffff  ___c_args__                     
abs   ffffffff  ___pinit__                      
abs   ffffffff  binit                           
abs   ffffffff  pinit                           

[390 symbols]
