<?xml version="1.0" encoding="ISO-8859-1" ?>
<link_info>
   <banner>TMS320C2000 Linker PC v20.2.4.LTS</banner>
   <copyright>Copyright (c) 1996-2018 Texas Instruments Incorporated</copyright>
   <link_time>0x60efe975</link_time>
   <link_errors>0x0</link_errors>
   <output_file>zikuineng.out</output_file>
   <entry_point>
      <name>_c_int00</name>
      <address>0x33c227</address>
   </entry_point>
   <input_file_list>
      <input_file id="fl-2">
         <path>.\SOURCE\</path>
         <kind>object</kind>
         <file>DSP2833x_ADC_cal.obj</file>
         <name>DSP2833x_ADC_cal.obj</name>
      </input_file>
      <input_file id="fl-3">
         <path>.\SOURCE\</path>
         <kind>object</kind>
         <file>DSP2833x_Adc.obj</file>
         <name>DSP2833x_Adc.obj</name>
      </input_file>
      <input_file id="fl-4">
         <path>.\SOURCE\</path>
         <kind>object</kind>
         <file>DSP2833x_CSMPasswords.obj</file>
         <name>DSP2833x_CSMPasswords.obj</name>
      </input_file>
      <input_file id="fl-5">
         <path>.\SOURCE\</path>
         <kind>object</kind>
         <file>DSP2833x_CodeStartBranch.obj</file>
         <name>DSP2833x_CodeStartBranch.obj</name>
      </input_file>
      <input_file id="fl-6">
         <path>.\SOURCE\</path>
         <kind>object</kind>
         <file>DSP2833x_CpuTimers.obj</file>
         <name>DSP2833x_CpuTimers.obj</name>
      </input_file>
      <input_file id="fl-7">
         <path>.\SOURCE\</path>
         <kind>object</kind>
         <file>DSP2833x_DBGIER.obj</file>
         <name>DSP2833x_DBGIER.obj</name>
      </input_file>
      <input_file id="fl-8">
         <path>.\SOURCE\</path>
         <kind>object</kind>
         <file>DSP2833x_DMA.obj</file>
         <name>DSP2833x_DMA.obj</name>
      </input_file>
      <input_file id="fl-9">
         <path>.\SOURCE\</path>
         <kind>object</kind>
         <file>DSP2833x_DefaultIsr.obj</file>
         <name>DSP2833x_DefaultIsr.obj</name>
      </input_file>
      <input_file id="fl-a">
         <path>.\SOURCE\</path>
         <kind>object</kind>
         <file>DSP2833x_DisInt.obj</file>
         <name>DSP2833x_DisInt.obj</name>
      </input_file>
      <input_file id="fl-b">
         <path>.\SOURCE\</path>
         <kind>object</kind>
         <file>DSP2833x_ECan.obj</file>
         <name>DSP2833x_ECan.obj</name>
      </input_file>
      <input_file id="fl-c">
         <path>.\SOURCE\</path>
         <kind>object</kind>
         <file>DSP2833x_ECap.obj</file>
         <name>DSP2833x_ECap.obj</name>
      </input_file>
      <input_file id="fl-d">
         <path>.\SOURCE\</path>
         <kind>object</kind>
         <file>DSP2833x_EPwm.obj</file>
         <name>DSP2833x_EPwm.obj</name>
      </input_file>
      <input_file id="fl-e">
         <path>.\SOURCE\</path>
         <kind>object</kind>
         <file>DSP2833x_EQep.obj</file>
         <name>DSP2833x_EQep.obj</name>
      </input_file>
      <input_file id="fl-f">
         <path>.\SOURCE\</path>
         <kind>object</kind>
         <file>DSP2833x_GlobalVariableDefs.obj</file>
         <name>DSP2833x_GlobalVariableDefs.obj</name>
      </input_file>
      <input_file id="fl-10">
         <path>.\SOURCE\</path>
         <kind>object</kind>
         <file>DSP2833x_Gpio.obj</file>
         <name>DSP2833x_Gpio.obj</name>
      </input_file>
      <input_file id="fl-11">
         <path>.\SOURCE\</path>
         <kind>object</kind>
         <file>DSP2833x_I2C.obj</file>
         <name>DSP2833x_I2C.obj</name>
      </input_file>
      <input_file id="fl-12">
         <path>.\SOURCE\</path>
         <kind>object</kind>
         <file>DSP2833x_Mcbsp.obj</file>
         <name>DSP2833x_Mcbsp.obj</name>
      </input_file>
      <input_file id="fl-13">
         <path>.\SOURCE\</path>
         <kind>object</kind>
         <file>DSP2833x_MemCopy.obj</file>
         <name>DSP2833x_MemCopy.obj</name>
      </input_file>
      <input_file id="fl-14">
         <path>.\SOURCE\</path>
         <kind>object</kind>
         <file>DSP2833x_PieCtrl.obj</file>
         <name>DSP2833x_PieCtrl.obj</name>
      </input_file>
      <input_file id="fl-15">
         <path>.\SOURCE\</path>
         <kind>object</kind>
         <file>DSP2833x_PieVect.obj</file>
         <name>DSP2833x_PieVect.obj</name>
      </input_file>
      <input_file id="fl-16">
         <path>.\SOURCE\</path>
         <kind>object</kind>
         <file>DSP2833x_Sci.obj</file>
         <name>DSP2833x_Sci.obj</name>
      </input_file>
      <input_file id="fl-17">
         <path>.\SOURCE\</path>
         <kind>object</kind>
         <file>DSP2833x_Spi.obj</file>
         <name>DSP2833x_Spi.obj</name>
      </input_file>
      <input_file id="fl-18">
         <path>.\SOURCE\</path>
         <kind>object</kind>
         <file>DSP2833x_SysCtrl.obj</file>
         <name>DSP2833x_SysCtrl.obj</name>
      </input_file>
      <input_file id="fl-19">
         <path>.\SOURCE\</path>
         <kind>object</kind>
         <file>DSP2833x_Xintf.obj</file>
         <name>DSP2833x_Xintf.obj</name>
      </input_file>
      <input_file id="fl-1a">
         <path>.\SOURCE\</path>
         <kind>object</kind>
         <file>DSP2833x_usDelay.obj</file>
         <name>DSP2833x_usDelay.obj</name>
      </input_file>
      <input_file id="fl-1b">
         <path>.\comm\</path>
         <kind>object</kind>
         <file>EEPROM.obj</file>
         <name>EEPROM.obj</name>
      </input_file>
      <input_file id="fl-1c">
         <path>.\comm\</path>
         <kind>object</kind>
         <file>RS422.obj</file>
         <name>RS422.obj</name>
      </input_file>
      <input_file id="fl-1d">
         <path>.\comm\</path>
         <kind>object</kind>
         <file>SPI_SDCard.obj</file>
         <name>SPI_SDCard.obj</name>
      </input_file>
      <input_file id="fl-1e">
         <path>.\comm\</path>
         <kind>object</kind>
         <file>diskio.obj</file>
         <name>diskio.obj</name>
      </input_file>
      <input_file id="fl-1f">
         <path>.\comm\</path>
         <kind>object</kind>
         <file>ff.obj</file>
         <name>ff.obj</name>
      </input_file>
      <input_file id="fl-20">
         <path>.\comm\</path>
         <kind>object</kind>
         <file>ffsystem.obj</file>
         <name>ffsystem.obj</name>
      </input_file>
      <input_file id="fl-21">
         <path>.\comm\</path>
         <kind>object</kind>
         <file>ffunicode.obj</file>
         <name>ffunicode.obj</name>
      </input_file>
      <input_file id="fl-22">
         <path>.\comm\</path>
         <kind>object</kind>
         <file>initialization.obj</file>
         <name>initialization.obj</name>
      </input_file>
      <input_file id="fl-23">
         <path>.\comm\</path>
         <kind>object</kind>
         <file>main.obj</file>
         <name>main.obj</name>
      </input_file>
      <input_file id="fl-24">
         <path>.\comm\</path>
         <kind>object</kind>
         <file>pwm.obj</file>
         <name>pwm.obj</name>
      </input_file>
      <input_file id="fl-25">
         <path>.\comm\</path>
         <kind>object</kind>
         <file>sdcard.obj</file>
         <name>sdcard.obj</name>
      </input_file>
      <input_file id="fl-26">
         <path>.\comm\</path>
         <kind>object</kind>
         <file>spi_ADS1258.obj</file>
         <name>spi_ADS1258.obj</name>
      </input_file>
      <input_file id="fl-27">
         <path>.\comm\</path>
         <kind>object</kind>
         <file>time.obj</file>
         <name>time.obj</name>
      </input_file>
      <input_file id="fl-2c">
         <kind>object</kind>
         <file>&lt;internal&gt;</file>
         <name>&lt;internal&gt;</name>
      </input_file>
      <input_file id="fl-38">
         <path>C:\limingwei\app\ccs\tools\compiler\ti-cgt-c2000_20.2.4.LTS\lib\</path>
         <kind>archive</kind>
         <file>rts2800_fpu32.lib</file>
         <name>sprintf.c.obj</name>
      </input_file>
      <input_file id="fl-39">
         <path>C:\limingwei\app\ccs\tools\compiler\ti-cgt-c2000_20.2.4.LTS\lib\</path>
         <kind>archive</kind>
         <file>rts2800_fpu32.lib</file>
         <name>boot28.asm.obj</name>
      </input_file>
      <input_file id="fl-3a">
         <path>C:\limingwei\app\ccs\tools\compiler\ti-cgt-c2000_20.2.4.LTS\lib\</path>
         <kind>archive</kind>
         <file>rts2800_fpu32.lib</file>
         <name>fs_div28.asm.obj</name>
      </input_file>
      <input_file id="fl-3b">
         <path>C:\limingwei\app\ccs\tools\compiler\ti-cgt-c2000_20.2.4.LTS\lib\</path>
         <kind>archive</kind>
         <file>rts2800_fpu32.lib</file>
         <name>cpy_tbl.c.obj</name>
      </input_file>
      <input_file id="fl-3c">
         <path>C:\limingwei\app\ccs\tools\compiler\ti-cgt-c2000_20.2.4.LTS\lib\</path>
         <kind>archive</kind>
         <file>rts2800_fpu32.lib</file>
         <name>memcpy.c.obj</name>
      </input_file>
      <input_file id="fl-3d">
         <path>C:\limingwei\app\ccs\tools\compiler\ti-cgt-c2000_20.2.4.LTS\lib\</path>
         <kind>archive</kind>
         <file>rts2800_fpu32.lib</file>
         <name>pre_init.c.obj</name>
      </input_file>
      <input_file id="fl-3e">
         <path>C:\limingwei\app\ccs\tools\compiler\ti-cgt-c2000_20.2.4.LTS\lib\</path>
         <kind>archive</kind>
         <file>rts2800_fpu32.lib</file>
         <name>startup.c.obj</name>
      </input_file>
      <input_file id="fl-3f">
         <path>C:\limingwei\app\ccs\tools\compiler\ti-cgt-c2000_20.2.4.LTS\lib\</path>
         <kind>archive</kind>
         <file>rts2800_fpu32.lib</file>
         <name>exit.c.obj</name>
      </input_file>
      <input_file id="fl-40">
         <path>C:\limingwei\app\ccs\tools\compiler\ti-cgt-c2000_20.2.4.LTS\lib\</path>
         <kind>archive</kind>
         <file>rts2800_fpu32.lib</file>
         <name>_lock.c.obj</name>
      </input_file>
      <input_file id="fl-41">
         <path>C:\limingwei\app\ccs\tools\compiler\ti-cgt-c2000_20.2.4.LTS\lib\</path>
         <kind>archive</kind>
         <file>rts2800_fpu32.lib</file>
         <name>args_main.c.obj</name>
      </input_file>
      <input_file id="fl-42">
         <path>C:\limingwei\app\ccs\tools\compiler\ti-cgt-c2000_20.2.4.LTS\lib\</path>
         <kind>archive</kind>
         <file>rts2800_fpu32.lib</file>
         <name>memset.c.obj</name>
      </input_file>
      <input_file id="fl-43">
         <path>C:\limingwei\app\ccs\tools\compiler\ti-cgt-c2000_20.2.4.LTS\lib\</path>
         <kind>archive</kind>
         <file>rts2800_fpu32.lib</file>
         <name>strcmp.c.obj</name>
      </input_file>
      <input_file id="fl-44">
         <path>C:\limingwei\app\ccs\tools\compiler\ti-cgt-c2000_20.2.4.LTS\lib\</path>
         <kind>archive</kind>
         <file>rts2800_fpu32.lib</file>
         <name>strlen.c.obj</name>
      </input_file>
      <input_file id="fl-45">
         <path>C:\limingwei\app\ccs\tools\compiler\ti-cgt-c2000_20.2.4.LTS\lib\</path>
         <kind>archive</kind>
         <file>rts2800_fpu32.lib</file>
         <name>_printfi.c.obj</name>
      </input_file>
      <input_file id="fl-46">
         <path>C:\limingwei\app\ccs\tools\compiler\ti-cgt-c2000_20.2.4.LTS\lib\</path>
         <kind>archive</kind>
         <file>rts2800_fpu32.lib</file>
         <name>wcslen.c.obj</name>
      </input_file>
      <input_file id="fl-47">
         <path>C:\limingwei\app\ccs\tools\compiler\ti-cgt-c2000_20.2.4.LTS\lib\</path>
         <kind>archive</kind>
         <file>rts2800_fpu32.lib</file>
         <name>s_frexp.c.obj</name>
      </input_file>
      <input_file id="fl-48">
         <path>C:\limingwei\app\ccs\tools\compiler\ti-cgt-c2000_20.2.4.LTS\lib\</path>
         <kind>archive</kind>
         <file>rts2800_fpu32.lib</file>
         <name>s_scalbn.c.obj</name>
      </input_file>
      <input_file id="fl-49">
         <path>C:\limingwei\app\ccs\tools\compiler\ti-cgt-c2000_20.2.4.LTS\lib\</path>
         <kind>archive</kind>
         <file>rts2800_fpu32.lib</file>
         <name>fd_add28.asm.obj</name>
      </input_file>
      <input_file id="fl-4a">
         <path>C:\limingwei\app\ccs\tools\compiler\ti-cgt-c2000_20.2.4.LTS\lib\</path>
         <kind>archive</kind>
         <file>rts2800_fpu32.lib</file>
         <name>fd_cmp28.asm.obj</name>
      </input_file>
      <input_file id="fl-4b">
         <path>C:\limingwei\app\ccs\tools\compiler\ti-cgt-c2000_20.2.4.LTS\lib\</path>
         <kind>archive</kind>
         <file>rts2800_fpu32.lib</file>
         <name>fd_mpy28.asm.obj</name>
      </input_file>
      <input_file id="fl-4c">
         <path>C:\limingwei\app\ccs\tools\compiler\ti-cgt-c2000_20.2.4.LTS\lib\</path>
         <kind>archive</kind>
         <file>rts2800_fpu32.lib</file>
         <name>fd_neg28.asm.obj</name>
      </input_file>
      <input_file id="fl-4d">
         <path>C:\limingwei\app\ccs\tools\compiler\ti-cgt-c2000_20.2.4.LTS\lib\</path>
         <kind>archive</kind>
         <file>rts2800_fpu32.lib</file>
         <name>fd_sub28.asm.obj</name>
      </input_file>
      <input_file id="fl-4e">
         <path>C:\limingwei\app\ccs\tools\compiler\ti-cgt-c2000_20.2.4.LTS\lib\</path>
         <kind>archive</kind>
         <file>rts2800_fpu32.lib</file>
         <name>fd_toi28.asm.obj</name>
      </input_file>
      <input_file id="fl-4f">
         <path>C:\limingwei\app\ccs\tools\compiler\ti-cgt-c2000_20.2.4.LTS\lib\</path>
         <kind>archive</kind>
         <file>rts2800_fpu32.lib</file>
         <name>fd_tol28.asm.obj</name>
      </input_file>
      <input_file id="fl-50">
         <path>C:\limingwei\app\ccs\tools\compiler\ti-cgt-c2000_20.2.4.LTS\lib\</path>
         <kind>archive</kind>
         <file>rts2800_fpu32.lib</file>
         <name>ll_aox28.asm.obj</name>
      </input_file>
      <input_file id="fl-51">
         <path>C:\limingwei\app\ccs\tools\compiler\ti-cgt-c2000_20.2.4.LTS\lib\</path>
         <kind>archive</kind>
         <file>rts2800_fpu32.lib</file>
         <name>ll_cmp28.asm.obj</name>
      </input_file>
      <input_file id="fl-52">
         <path>C:\limingwei\app\ccs\tools\compiler\ti-cgt-c2000_20.2.4.LTS\lib\</path>
         <kind>archive</kind>
         <file>rts2800_fpu32.lib</file>
         <name>ll_div28.asm.obj</name>
      </input_file>
      <input_file id="fl-53">
         <path>C:\limingwei\app\ccs\tools\compiler\ti-cgt-c2000_20.2.4.LTS\lib\</path>
         <kind>archive</kind>
         <file>rts2800_fpu32.lib</file>
         <name>i_tofd28.asm.obj</name>
      </input_file>
      <input_file id="fl-54">
         <path>C:\limingwei\app\ccs\tools\compiler\ti-cgt-c2000_20.2.4.LTS\lib\</path>
         <kind>archive</kind>
         <file>rts2800_fpu32.lib</file>
         <name>l_tofd28.asm.obj</name>
      </input_file>
      <input_file id="fl-55">
         <path>C:\limingwei\app\ccs\tools\compiler\ti-cgt-c2000_20.2.4.LTS\lib\</path>
         <kind>archive</kind>
         <file>rts2800_fpu32.lib</file>
         <name>fs_tofdfpu32.asm.obj</name>
      </input_file>
      <input_file id="fl-56">
         <path>C:\limingwei\app\ccs\tools\compiler\ti-cgt-c2000_20.2.4.LTS\lib\</path>
         <kind>archive</kind>
         <file>rts2800_fpu32.lib</file>
         <name>fd_div28.asm.obj</name>
      </input_file>
      <input_file id="fl-57">
         <path>C:\limingwei\app\ccs\tools\compiler\ti-cgt-c2000_20.2.4.LTS\lib\</path>
         <kind>archive</kind>
         <file>rts2800_fpu32.lib</file>
         <name>_ltoa.c.obj</name>
      </input_file>
      <input_file id="fl-58">
         <path>C:\limingwei\app\ccs\tools\compiler\ti-cgt-c2000_20.2.4.LTS\lib\</path>
         <kind>archive</kind>
         <file>rts2800_fpu32.lib</file>
         <name>atoi.c.obj</name>
      </input_file>
      <input_file id="fl-59">
         <path>C:\limingwei\app\ccs\tools\compiler\ti-cgt-c2000_20.2.4.LTS\lib\</path>
         <kind>archive</kind>
         <file>rts2800_fpu32.lib</file>
         <name>ctype.c.obj</name>
      </input_file>
      <input_file id="fl-5a">
         <path>C:\limingwei\app\ccs\tools\compiler\ti-cgt-c2000_20.2.4.LTS\lib\</path>
         <kind>archive</kind>
         <file>rts2800_fpu32.lib</file>
         <name>memccpy.c.obj</name>
      </input_file>
      <input_file id="fl-5b">
         <path>C:\limingwei\app\ccs\tools\compiler\ti-cgt-c2000_20.2.4.LTS\lib\</path>
         <kind>archive</kind>
         <file>rts2800_fpu32.lib</file>
         <name>strchr.c.obj</name>
      </input_file>
      <input_file id="fl-5c">
         <path>C:\limingwei\app\ccs\tools\compiler\ti-cgt-c2000_20.2.4.LTS\lib\</path>
         <kind>archive</kind>
         <file>rts2800_fpu32.lib</file>
         <name>strcpy.c.obj</name>
      </input_file>
      <input_file id="fl-5d">
         <path>C:\limingwei\app\ccs\tools\compiler\ti-cgt-c2000_20.2.4.LTS\lib\</path>
         <kind>archive</kind>
         <file>rts2800_fpu32.lib</file>
         <name>errno.c.obj</name>
      </input_file>
      <input_file id="fl-5e">
         <path>C:\limingwei\app\ccs\tools\compiler\ti-cgt-c2000_20.2.4.LTS\lib\</path>
         <kind>archive</kind>
         <file>rts2800_fpu32.lib</file>
         <name>s_copysign.c.obj</name>
      </input_file>
      <input_file id="fl-5f">
         <path>C:\limingwei\app\ccs\tools\compiler\ti-cgt-c2000_20.2.4.LTS\lib\</path>
         <kind>archive</kind>
         <file>rts2800_fpu32.lib</file>
         <name>l_div28.asm.obj</name>
      </input_file>
   </input_file_list>
   <object_component_list>
      <object_component id="oc-c9">
         <name>PieVectTableFile</name>
         <uninitialized>true</uninitialized>
         <run_address>0xd00</run_address>
         <size>0x100</size>
         <input_file_ref idref="fl-f"/>
      </object_component>
      <object_component id="oc-c5">
         <name>DevEmuRegsFile</name>
         <uninitialized>true</uninitialized>
         <run_address>0x880</run_address>
         <size>0xd0</size>
         <input_file_ref idref="fl-f"/>
      </object_component>
      <object_component id="oc-9d">
         <name>FlashRegsFile</name>
         <uninitialized>true</uninitialized>
         <run_address>0xa80</run_address>
         <size>0x8</size>
         <input_file_ref idref="fl-f"/>
      </object_component>
      <object_component id="oc-a0">
         <name>CsmRegsFile</name>
         <uninitialized>true</uninitialized>
         <run_address>0xae0</run_address>
         <size>0x10</size>
         <input_file_ref idref="fl-f"/>
      </object_component>
      <object_component id="oc-9f">
         <name>AdcMirrorFile</name>
         <uninitialized>true</uninitialized>
         <run_address>0xb00</run_address>
         <size>0x10</size>
         <input_file_ref idref="fl-f"/>
      </object_component>
      <object_component id="oc-a8">
         <name>XintfRegsFile</name>
         <uninitialized>true</uninitialized>
         <run_address>0xb20</run_address>
         <size>0x1e</size>
         <input_file_ref idref="fl-f"/>
      </object_component>
      <object_component id="oc-99">
         <name>CpuTimer0RegsFile</name>
         <uninitialized>true</uninitialized>
         <run_address>0xc00</run_address>
         <size>0x8</size>
         <input_file_ref idref="fl-f"/>
      </object_component>
      <object_component id="oc-9a">
         <name>CpuTimer1RegsFile</name>
         <uninitialized>true</uninitialized>
         <run_address>0xc08</run_address>
         <size>0x8</size>
         <input_file_ref idref="fl-f"/>
      </object_component>
      <object_component id="oc-9b">
         <name>CpuTimer2RegsFile</name>
         <uninitialized>true</uninitialized>
         <run_address>0xc10</run_address>
         <size>0x8</size>
         <input_file_ref idref="fl-f"/>
      </object_component>
      <object_component id="oc-a6">
         <name>PieCtrlRegsFile</name>
         <uninitialized>true</uninitialized>
         <run_address>0xce0</run_address>
         <size>0x1a</size>
         <input_file_ref idref="fl-f"/>
      </object_component>
      <object_component id="oc-c6">
         <name>DmaRegsFile</name>
         <uninitialized>true</uninitialized>
         <run_address>0x1000</run_address>
         <size>0xe0</size>
         <input_file_ref idref="fl-f"/>
      </object_component>
      <object_component id="oc-b8">
         <name>McbspaRegsFile</name>
         <uninitialized>true</uninitialized>
         <run_address>0x5000</run_address>
         <size>0x25</size>
         <input_file_ref idref="fl-f"/>
      </object_component>
      <object_component id="oc-b9">
         <name>McbspbRegsFile</name>
         <uninitialized>true</uninitialized>
         <run_address>0x5040</run_address>
         <size>0x25</size>
         <input_file_ref idref="fl-f"/>
      </object_component>
      <object_component id="oc-bb">
         <name>ECanaRegsFile</name>
         <uninitialized>true</uninitialized>
         <run_address>0x6000</run_address>
         <size>0x34</size>
         <input_file_ref idref="fl-f"/>
      </object_component>
      <object_component id="oc-bd">
         <name>ECanaLAMRegsFile</name>
         <uninitialized>true</uninitialized>
         <run_address>0x6040</run_address>
         <size>0x40</size>
         <input_file_ref idref="fl-f"/>
      </object_component>
      <object_component id="oc-c7">
         <name>ECanaMboxesFile</name>
         <uninitialized>true</uninitialized>
         <run_address>0x6100</run_address>
         <size>0x100</size>
         <input_file_ref idref="fl-f"/>
      </object_component>
      <object_component id="oc-be">
         <name>ECanaMOTSRegsFile</name>
         <uninitialized>true</uninitialized>
         <run_address>0x6080</run_address>
         <size>0x40</size>
         <input_file_ref idref="fl-f"/>
      </object_component>
      <object_component id="oc-bf">
         <name>ECanaMOTORegsFile</name>
         <uninitialized>true</uninitialized>
         <run_address>0x60c0</run_address>
         <size>0x40</size>
         <input_file_ref idref="fl-f"/>
      </object_component>
      <object_component id="oc-bc">
         <name>ECanbRegsFile</name>
         <uninitialized>true</uninitialized>
         <run_address>0x6200</run_address>
         <size>0x34</size>
         <input_file_ref idref="fl-f"/>
      </object_component>
      <object_component id="oc-c0">
         <name>ECanbLAMRegsFile</name>
         <uninitialized>true</uninitialized>
         <run_address>0x6240</run_address>
         <size>0x40</size>
         <input_file_ref idref="fl-f"/>
      </object_component>
      <object_component id="oc-c8">
         <name>ECanbMboxesFile</name>
         <uninitialized>true</uninitialized>
         <run_address>0x6300</run_address>
         <size>0x100</size>
         <input_file_ref idref="fl-f"/>
      </object_component>
      <object_component id="oc-c1">
         <name>ECanbMOTSRegsFile</name>
         <uninitialized>true</uninitialized>
         <run_address>0x6280</run_address>
         <size>0x40</size>
         <input_file_ref idref="fl-f"/>
      </object_component>
      <object_component id="oc-c2">
         <name>ECanbMOTORegsFile</name>
         <uninitialized>true</uninitialized>
         <run_address>0x62c0</run_address>
         <size>0x40</size>
         <input_file_ref idref="fl-f"/>
      </object_component>
      <object_component id="oc-b1">
         <name>EPwm1RegsFile</name>
         <uninitialized>true</uninitialized>
         <run_address>0x6800</run_address>
         <size>0x22</size>
         <input_file_ref idref="fl-f"/>
      </object_component>
      <object_component id="oc-b2">
         <name>EPwm2RegsFile</name>
         <uninitialized>true</uninitialized>
         <run_address>0x6840</run_address>
         <size>0x22</size>
         <input_file_ref idref="fl-f"/>
      </object_component>
      <object_component id="oc-b3">
         <name>EPwm3RegsFile</name>
         <uninitialized>true</uninitialized>
         <run_address>0x6880</run_address>
         <size>0x22</size>
         <input_file_ref idref="fl-f"/>
      </object_component>
      <object_component id="oc-b4">
         <name>EPwm4RegsFile</name>
         <uninitialized>true</uninitialized>
         <run_address>0x68c0</run_address>
         <size>0x22</size>
         <input_file_ref idref="fl-f"/>
      </object_component>
      <object_component id="oc-b5">
         <name>EPwm5RegsFile</name>
         <uninitialized>true</uninitialized>
         <run_address>0x6900</run_address>
         <size>0x22</size>
         <input_file_ref idref="fl-f"/>
      </object_component>
      <object_component id="oc-b6">
         <name>EPwm6RegsFile</name>
         <uninitialized>true</uninitialized>
         <run_address>0x6940</run_address>
         <size>0x22</size>
         <input_file_ref idref="fl-f"/>
      </object_component>
      <object_component id="oc-a9">
         <name>ECap1RegsFile</name>
         <uninitialized>true</uninitialized>
         <run_address>0x6a00</run_address>
         <size>0x20</size>
         <input_file_ref idref="fl-f"/>
      </object_component>
      <object_component id="oc-aa">
         <name>ECap2RegsFile</name>
         <uninitialized>true</uninitialized>
         <run_address>0x6a20</run_address>
         <size>0x20</size>
         <input_file_ref idref="fl-f"/>
      </object_component>
      <object_component id="oc-ab">
         <name>ECap3RegsFile</name>
         <uninitialized>true</uninitialized>
         <run_address>0x6a40</run_address>
         <size>0x20</size>
         <input_file_ref idref="fl-f"/>
      </object_component>
      <object_component id="oc-ac">
         <name>ECap4RegsFile</name>
         <uninitialized>true</uninitialized>
         <run_address>0x6a60</run_address>
         <size>0x20</size>
         <input_file_ref idref="fl-f"/>
      </object_component>
      <object_component id="oc-ad">
         <name>ECap5RegsFile</name>
         <uninitialized>true</uninitialized>
         <run_address>0x6a80</run_address>
         <size>0x20</size>
         <input_file_ref idref="fl-f"/>
      </object_component>
      <object_component id="oc-ae">
         <name>ECap6RegsFile</name>
         <uninitialized>true</uninitialized>
         <run_address>0x6aa0</run_address>
         <size>0x20</size>
         <input_file_ref idref="fl-f"/>
      </object_component>
      <object_component id="oc-c3">
         <name>EQep1RegsFile</name>
         <uninitialized>true</uninitialized>
         <run_address>0x6b00</run_address>
         <size>0x40</size>
         <input_file_ref idref="fl-f"/>
      </object_component>
      <object_component id="oc-c4">
         <name>EQep2RegsFile</name>
         <uninitialized>true</uninitialized>
         <run_address>0x6b40</run_address>
         <size>0x40</size>
         <input_file_ref idref="fl-f"/>
      </object_component>
      <object_component id="oc-ba">
         <name>GpioCtrlRegsFile</name>
         <uninitialized>true</uninitialized>
         <run_address>0x6f80</run_address>
         <size>0x2e</size>
         <input_file_ref idref="fl-f"/>
      </object_component>
      <object_component id="oc-af">
         <name>GpioDataRegsFile</name>
         <uninitialized>true</uninitialized>
         <run_address>0x6fc0</run_address>
         <size>0x20</size>
         <input_file_ref idref="fl-f"/>
      </object_component>
      <object_component id="oc-9e">
         <name>GpioIntRegsFile</name>
         <uninitialized>true</uninitialized>
         <run_address>0x6fe0</run_address>
         <size>0xa</size>
         <input_file_ref idref="fl-f"/>
      </object_component>
      <object_component id="oc-b0">
         <name>SysCtrlRegsFile</name>
         <uninitialized>true</uninitialized>
         <run_address>0x7010</run_address>
         <size>0x20</size>
         <input_file_ref idref="fl-f"/>
      </object_component>
      <object_component id="oc-a4">
         <name>SpiaRegsFile</name>
         <uninitialized>true</uninitialized>
         <run_address>0x7040</run_address>
         <size>0x10</size>
         <input_file_ref idref="fl-f"/>
      </object_component>
      <object_component id="oc-a1">
         <name>SciaRegsFile</name>
         <uninitialized>true</uninitialized>
         <run_address>0x7050</run_address>
         <size>0x10</size>
         <input_file_ref idref="fl-f"/>
      </object_component>
      <object_component id="oc-a5">
         <name>XIntruptRegsFile</name>
         <uninitialized>true</uninitialized>
         <run_address>0x7070</run_address>
         <size>0x10</size>
         <input_file_ref idref="fl-f"/>
      </object_component>
      <object_component id="oc-a7">
         <name>AdcRegsFile</name>
         <uninitialized>true</uninitialized>
         <run_address>0x7100</run_address>
         <size>0x1e</size>
         <input_file_ref idref="fl-f"/>
      </object_component>
      <object_component id="oc-a2">
         <name>ScibRegsFile</name>
         <uninitialized>true</uninitialized>
         <run_address>0x7750</run_address>
         <size>0x10</size>
         <input_file_ref idref="fl-f"/>
      </object_component>
      <object_component id="oc-a3">
         <name>ScicRegsFile</name>
         <uninitialized>true</uninitialized>
         <run_address>0x7770</run_address>
         <size>0x10</size>
         <input_file_ref idref="fl-f"/>
      </object_component>
      <object_component id="oc-b7">
         <name>I2caRegsFile</name>
         <uninitialized>true</uninitialized>
         <run_address>0x7900</run_address>
         <size>0x22</size>
         <input_file_ref idref="fl-f"/>
      </object_component>
      <object_component id="oc-9c">
         <name>CsmPwlFile</name>
         <uninitialized>true</uninitialized>
         <run_address>0x33fff8</run_address>
         <size>0x8</size>
         <input_file_ref idref="fl-f"/>
      </object_component>
      <object_component id="oc-98">
         <name>PartIdRegsFile</name>
         <uninitialized>true</uninitialized>
         <run_address>0x380090</run_address>
         <size>0x1</size>
         <input_file_ref idref="fl-f"/>
      </object_component>
      <object_component id="oc-12b">
         <name>.cinit</name>
         <load_address>0x33c936</load_address>
         <run_address>0x33c936</run_address>
         <size>0x38</size>
         <input_file_ref idref="fl-23"/>
      </object_component>
      <object_component id="oc-108">
         <name>.cinit</name>
         <load_address>0x33c96e</load_address>
         <run_address>0x33c96e</run_address>
         <size>0x10</size>
         <input_file_ref idref="fl-1c"/>
      </object_component>
      <object_component id="oc-13f">
         <name>.cinit</name>
         <load_address>0x33c97e</load_address>
         <run_address>0x33c97e</run_address>
         <size>0xf</size>
         <input_file_ref idref="fl-26"/>
      </object_component>
      <object_component id="oc-172">
         <name>.cinit</name>
         <load_address>0x33c98d</load_address>
         <run_address>0x33c98d</run_address>
         <size>0xe</size>
         <input_file_ref idref="fl-3f"/>
      </object_component>
      <object_component id="oc-146">
         <name>.cinit</name>
         <load_address>0x33c99b</load_address>
         <run_address>0x33c99b</run_address>
         <size>0xe</size>
         <input_file_ref idref="fl-27"/>
      </object_component>
      <object_component id="oc-232">
         <name>.cinit:_eepromreadbuff</name>
         <load_address>0x33c9a9</load_address>
         <run_address>0x33c9a9</run_address>
         <size>0x6</size>
         <input_file_ref idref="fl-23"/>
      </object_component>
      <object_component id="oc-235">
         <name>.cinit:_readbuff</name>
         <load_address>0x33c9af</load_address>
         <run_address>0x33c9af</run_address>
         <size>0x6</size>
         <input_file_ref idref="fl-23"/>
      </object_component>
      <object_component id="oc-225">
         <name>.cinit:__lock</name>
         <load_address>0x33c9b5</load_address>
         <run_address>0x33c9b5</run_address>
         <size>0x5</size>
         <input_file_ref idref="fl-40"/>
      </object_component>
      <object_component id="oc-237">
         <name>.cinit:__unlock</name>
         <load_address>0x33c9ba</load_address>
         <run_address>0x33c9ba</run_address>
         <size>0x5</size>
         <input_file_ref idref="fl-40"/>
      </object_component>
      <object_component id="oc-21e">
         <name>.cinit:_buff</name>
         <load_address>0x33c9bf</load_address>
         <run_address>0x33c9bf</run_address>
         <size>0x4</size>
         <input_file_ref idref="fl-1c"/>
      </object_component>
      <object_component id="oc-220">
         <name>.cinit:_revice_buff$1</name>
         <load_address>0x33c9c3</load_address>
         <run_address>0x33c9c3</run_address>
         <size>0x4</size>
         <input_file_ref idref="fl-1c"/>
      </object_component>
      <object_component id="oc-20b">
         <name>.cinit</name>
         <load_address>0x33c9c7</load_address>
         <run_address>0x33c9c7</run_address>
         <size>0x4</size>
         <input_file_ref idref="fl-5d"/>
      </object_component>
      <object_component id="oc-138">
         <name>.cinit</name>
         <load_address>0x33c9cb</load_address>
         <run_address>0x33c9cb</run_address>
         <size>0x4</size>
         <input_file_ref idref="fl-25"/>
      </object_component>
      <object_component id="oc-233">
         <name>.text</name>
         <load_address>0x338000</load_address>
         <run_address>0x338000</run_address>
         <size>0x1d58</size>
         <input_file_ref idref="fl-1f"/>
      </object_component>
      <object_component id="oc-246">
         <name>.text</name>
         <load_address>0x339d58</load_address>
         <run_address>0x339d58</run_address>
         <size>0xce4</size>
         <input_file_ref idref="fl-45"/>
      </object_component>
      <object_component id="oc-22e">
         <name>.text</name>
         <load_address>0x33aa3c</load_address>
         <run_address>0x33aa3c</run_address>
         <size>0x370</size>
         <input_file_ref idref="fl-26"/>
      </object_component>
      <object_component id="oc-245">
         <name>.text</name>
         <load_address>0x33adac</load_address>
         <run_address>0x33adac</run_address>
         <size>0x337</size>
         <input_file_ref idref="fl-25"/>
      </object_component>
      <object_component id="oc-79">
         <name>.text:retain</name>
         <load_address>0x33b0e3</load_address>
         <run_address>0x33b0e3</run_address>
         <size>0x316</size>
         <input_file_ref idref="fl-9"/>
      </object_component>
      <object_component id="oc-221">
         <name>.text</name>
         <load_address>0x33b3f9</load_address>
         <run_address>0x33b3f9</run_address>
         <size>0x262</size>
         <input_file_ref idref="fl-1c"/>
      </object_component>
      <object_component id="oc-230">
         <name>.text</name>
         <load_address>0x33b65b</load_address>
         <run_address>0x33b65b</run_address>
         <size>0x1d6</size>
         <input_file_ref idref="fl-1b"/>
      </object_component>
      <object_component id="oc-22d">
         <name>.text</name>
         <load_address>0x33b831</load_address>
         <run_address>0x33b831</run_address>
         <size>0x18f</size>
         <input_file_ref idref="fl-24"/>
      </object_component>
      <object_component id="oc-1d6">
         <name>.text</name>
         <load_address>0x33b9c0</load_address>
         <run_address>0x33b9c0</run_address>
         <size>0x107</size>
         <input_file_ref idref="fl-52"/>
      </object_component>
      <object_component id="oc-223">
         <name>.text</name>
         <load_address>0x33bac7</load_address>
         <run_address>0x33bac7</run_address>
         <size>0xea</size>
         <input_file_ref idref="fl-23"/>
      </object_component>
      <object_component id="oc-229">
         <name>.text</name>
         <load_address>0x33bbb1</load_address>
         <run_address>0x33bbb1</run_address>
         <size>0xdb</size>
         <input_file_ref idref="fl-22"/>
      </object_component>
      <object_component id="oc-228">
         <name>.text</name>
         <load_address>0x33bc8c</load_address>
         <run_address>0x33bc8c</run_address>
         <size>0xcb</size>
         <input_file_ref idref="fl-18"/>
      </object_component>
      <object_component id="oc-24b">
         <name>.text</name>
         <load_address>0x33bd57</load_address>
         <run_address>0x33bd57</run_address>
         <size>0xae</size>
         <input_file_ref idref="fl-48"/>
      </object_component>
      <object_component id="oc-23b">
         <name>.text</name>
         <load_address>0x33be05</load_address>
         <run_address>0x33be05</run_address>
         <size>0x9c</size>
         <input_file_ref idref="fl-1e"/>
      </object_component>
      <object_component id="oc-1a9">
         <name>.text</name>
         <load_address>0x33bea1</load_address>
         <run_address>0x33bea1</run_address>
         <size>0x9c</size>
         <input_file_ref idref="fl-49"/>
      </object_component>
      <object_component id="oc-10a">
         <name>.text:retain</name>
         <load_address>0x33bf3d</load_address>
         <run_address>0x33bf3d</run_address>
         <size>0x9b</size>
         <input_file_ref idref="fl-1c"/>
      </object_component>
      <object_component id="oc-1ea">
         <name>.text</name>
         <load_address>0x33bfd8</load_address>
         <run_address>0x33bfd8</run_address>
         <size>0x8b</size>
         <input_file_ref idref="fl-56"/>
      </object_component>
      <object_component id="oc-158">
         <name>.text</name>
         <load_address>0x33c063</load_address>
         <run_address>0x33c063</run_address>
         <size>0x88</size>
         <input_file_ref idref="fl-3a"/>
      </object_component>
      <object_component id="oc-1b3">
         <name>.text</name>
         <load_address>0x33c0eb</load_address>
         <run_address>0x33c0eb</run_address>
         <size>0x83</size>
         <input_file_ref idref="fl-4b"/>
      </object_component>
      <object_component id="oc-247">
         <name>.text</name>
         <load_address>0x33c16e</load_address>
         <run_address>0x33c16e</run_address>
         <size>0x5f</size>
         <input_file_ref idref="fl-1d"/>
      </object_component>
      <object_component id="oc-24a">
         <name>.text</name>
         <load_address>0x33c1cd</load_address>
         <run_address>0x33c1cd</run_address>
         <size>0x5a</size>
         <input_file_ref idref="fl-47"/>
      </object_component>
      <object_component id="oc-55">
         <name>.text</name>
         <load_address>0x33c227</load_address>
         <run_address>0x33c227</run_address>
         <size>0x56</size>
         <input_file_ref idref="fl-39"/>
      </object_component>
      <object_component id="oc-148">
         <name>.text:retain</name>
         <load_address>0x33c27d</load_address>
         <run_address>0x33c27d</run_address>
         <size>0x44</size>
         <input_file_ref idref="fl-27"/>
      </object_component>
      <object_component id="oc-22c">
         <name>.text</name>
         <load_address>0x33c2c1</load_address>
         <run_address>0x33c2c1</run_address>
         <size>0x37</size>
         <input_file_ref idref="fl-27"/>
      </object_component>
      <object_component id="oc-240">
         <name>.text</name>
         <load_address>0x33c2f8</load_address>
         <run_address>0x33c2f8</run_address>
         <size>0x32</size>
         <input_file_ref idref="fl-38"/>
      </object_component>
      <object_component id="oc-248">
         <name>.text</name>
         <load_address>0x33c32a</load_address>
         <run_address>0x33c32a</run_address>
         <size>0x31</size>
         <input_file_ref idref="fl-58"/>
      </object_component>
      <object_component id="oc-249">
         <name>.text</name>
         <load_address>0x33c35b</load_address>
         <run_address>0x33c35b</run_address>
         <size>0x30</size>
         <input_file_ref idref="fl-57"/>
      </object_component>
      <object_component id="oc-1ae">
         <name>.text</name>
         <load_address>0x33c38b</load_address>
         <run_address>0x33c38b</run_address>
         <size>0x2a</size>
         <input_file_ref idref="fl-4a"/>
      </object_component>
      <object_component id="oc-213">
         <name>.text</name>
         <load_address>0x33c3b5</load_address>
         <run_address>0x33c3b5</run_address>
         <size>0x2a</size>
         <input_file_ref idref="fl-5f"/>
      </object_component>
      <object_component id="oc-21c">
         <name>.text</name>
         <load_address>0x33c3df</load_address>
         <run_address>0x33c3df</run_address>
         <size>0x29</size>
         <input_file_ref idref="fl-3f"/>
      </object_component>
      <object_component id="oc-22a">
         <name>.text</name>
         <load_address>0x33c408</load_address>
         <run_address>0x33c408</run_address>
         <size>0x26</size>
         <input_file_ref idref="fl-14"/>
      </object_component>
      <object_component id="oc-251">
         <name>.text</name>
         <load_address>0x33c42e</load_address>
         <run_address>0x33c42e</run_address>
         <size>0x25</size>
         <input_file_ref idref="fl-5e"/>
      </object_component>
      <object_component id="oc-219">
         <name>.text</name>
         <load_address>0x33c453</load_address>
         <run_address>0x33c453</run_address>
         <size>0x24</size>
         <input_file_ref idref="fl-3b"/>
      </object_component>
      <object_component id="oc-1c2">
         <name>.text</name>
         <load_address>0x33c477</load_address>
         <run_address>0x33c477</run_address>
         <size>0x21</size>
         <input_file_ref idref="fl-4e"/>
      </object_component>
      <object_component id="oc-22b">
         <name>.text</name>
         <load_address>0x33c498</load_address>
         <run_address>0x33c498</run_address>
         <size>0x20</size>
         <input_file_ref idref="fl-15"/>
      </object_component>
      <object_component id="oc-1c7">
         <name>.text</name>
         <load_address>0x33c4b8</load_address>
         <run_address>0x33c4b8</run_address>
         <size>0x1f</size>
         <input_file_ref idref="fl-4f"/>
      </object_component>
      <object_component id="oc-1d1">
         <name>.text</name>
         <load_address>0x33c4d7</load_address>
         <run_address>0x33c4d7</run_address>
         <size>0x1e</size>
         <input_file_ref idref="fl-51"/>
      </object_component>
      <object_component id="oc-1db">
         <name>.text</name>
         <load_address>0x33c4f5</load_address>
         <run_address>0x33c4f5</run_address>
         <size>0x1d</size>
         <input_file_ref idref="fl-53"/>
      </object_component>
      <object_component id="oc-222">
         <name>.text</name>
         <load_address>0x33c512</load_address>
         <run_address>0x33c512</run_address>
         <size>0x1d</size>
         <input_file_ref idref="fl-3c"/>
      </object_component>
      <object_component id="oc-1e5">
         <name>.text</name>
         <load_address>0x33c52f</load_address>
         <run_address>0x33c52f</run_address>
         <size>0x1c</size>
         <input_file_ref idref="fl-55"/>
      </object_component>
      <object_component id="oc-1e0">
         <name>.text</name>
         <load_address>0x33c54b</load_address>
         <run_address>0x33c54b</run_address>
         <size>0x1c</size>
         <input_file_ref idref="fl-54"/>
      </object_component>
      <object_component id="oc-1cc">
         <name>.text</name>
         <load_address>0x33c567</load_address>
         <run_address>0x33c567</run_address>
         <size>0x18</size>
         <input_file_ref idref="fl-50"/>
      </object_component>
      <object_component id="oc-226">
         <name>.text</name>
         <load_address>0x33c57f</load_address>
         <run_address>0x33c57f</run_address>
         <size>0x13</size>
         <input_file_ref idref="fl-13"/>
      </object_component>
      <object_component id="oc-21b">
         <name>.text</name>
         <load_address>0x33c592</load_address>
         <run_address>0x33c592</run_address>
         <size>0x12</size>
         <input_file_ref idref="fl-41"/>
      </object_component>
      <object_component id="oc-24e">
         <name>.text</name>
         <load_address>0x33c5a4</load_address>
         <run_address>0x33c5a4</run_address>
         <size>0x10</size>
         <input_file_ref idref="fl-5a"/>
      </object_component>
      <object_component id="oc-1bd">
         <name>.text</name>
         <load_address>0x33c5b4</load_address>
         <run_address>0x33c5b4</run_address>
         <size>0xe</size>
         <input_file_ref idref="fl-4d"/>
      </object_component>
      <object_component id="oc-24c">
         <name>.text</name>
         <load_address>0x33c5c2</load_address>
         <run_address>0x33c5c2</run_address>
         <size>0xc</size>
         <input_file_ref idref="fl-5b"/>
      </object_component>
      <object_component id="oc-23f">
         <name>.text</name>
         <load_address>0x33c5ce</load_address>
         <run_address>0x33c5ce</run_address>
         <size>0xa</size>
         <input_file_ref idref="fl-43"/>
      </object_component>
      <object_component id="oc-236">
         <name>.text</name>
         <load_address>0x33c5d8</load_address>
         <run_address>0x33c5d8</run_address>
         <size>0x9</size>
         <input_file_ref idref="fl-40"/>
      </object_component>
      <object_component id="oc-1b8">
         <name>.text</name>
         <load_address>0x33c5e1</load_address>
         <run_address>0x33c5e1</run_address>
         <size>0x9</size>
         <input_file_ref idref="fl-4c"/>
      </object_component>
      <object_component id="oc-24f">
         <name>.text</name>
         <load_address>0x33c5ea</load_address>
         <run_address>0x33c5ea</run_address>
         <size>0x9</size>
         <input_file_ref idref="fl-46"/>
      </object_component>
      <object_component id="oc-62">
         <name>.text</name>
         <load_address>0x33c5f3</load_address>
         <run_address>0x33c5f3</run_address>
         <size>0x8</size>
         <input_file_ref idref="fl-5"/>
      </object_component>
      <object_component id="oc-23e">
         <name>.text</name>
         <load_address>0x33c5fb</load_address>
         <run_address>0x33c5fb</run_address>
         <size>0x8</size>
         <input_file_ref idref="fl-44"/>
      </object_component>
      <object_component id="oc-7e">
         <name>.text</name>
         <load_address>0x33c603</load_address>
         <run_address>0x33c603</run_address>
         <size>0x7</size>
         <input_file_ref idref="fl-a"/>
      </object_component>
      <object_component id="oc-23d">
         <name>.text</name>
         <load_address>0x33c60a</load_address>
         <run_address>0x33c60a</run_address>
         <size>0x7</size>
         <input_file_ref idref="fl-42"/>
      </object_component>
      <object_component id="oc-24d">
         <name>.text</name>
         <load_address>0x33c611</load_address>
         <run_address>0x33c611</run_address>
         <size>0x5</size>
         <input_file_ref idref="fl-5c"/>
      </object_component>
      <object_component id="oc-6e">
         <name>.text</name>
         <load_address>0x33c616</load_address>
         <run_address>0x33c616</run_address>
         <size>0x3</size>
         <input_file_ref idref="fl-7"/>
      </object_component>
      <object_component id="oc-218">
         <name>.text</name>
         <load_address>0x33c619</load_address>
         <run_address>0x33c619</run_address>
         <size>0x2</size>
         <input_file_ref idref="fl-3d"/>
      </object_component>
      <object_component id="oc-21a">
         <name>.text</name>
         <load_address>0x33c61b</load_address>
         <run_address>0x33c61b</run_address>
         <size>0x1</size>
         <input_file_ref idref="fl-3e"/>
      </object_component>
      <object_component id="oc-63">
         <name>codestart</name>
         <load_address>0x33fff6</load_address>
         <run_address>0x33fff6</run_address>
         <size>0x2</size>
         <input_file_ref idref="fl-5"/>
      </object_component>
      <object_component id="oc-227">
         <name>.TI.ramfunc</name>
         <load_address>0x320000</load_address>
         <run_address>0x8000</run_address>
         <size>0x1b</size>
         <input_file_ref idref="fl-18"/>
      </object_component>
      <object_component id="oc-fd">
         <name>.TI.ramfunc</name>
         <load_address>0x32001b</load_address>
         <run_address>0x801b</run_address>
         <size>0x4</size>
         <input_file_ref idref="fl-1a"/>
      </object_component>
      <object_component id="oc-60">
         <name>csmpasswds</name>
         <load_address>0x33fff8</load_address>
         <run_address>0x33fff8</run_address>
         <size>0x8</size>
         <input_file_ref idref="fl-4"/>
      </object_component>
      <object_component id="oc-61">
         <name>csm_rsvd</name>
         <load_address>0x33ff80</load_address>
         <run_address>0x33ff80</run_address>
         <size>0x76</size>
         <input_file_ref idref="fl-4"/>
      </object_component>
      <object_component id="oc-152">
         <name>.stack</name>
         <uninitialized>true</uninitialized>
         <run_address>0x400</run_address>
         <size>0x0</size>
         <input_file_ref idref="fl-39"/>
      </object_component>
      <object_component id="oc-2b0">
         <name>.stack</name>
         <uninitialized>true</uninitialized>
         <run_address>0x400</run_address>
         <size>0x0</size>
      </object_component>
      <object_component id="oc-69">
         <name>.ebss</name>
         <uninitialized>true</uninitialized>
         <run_address>0xc49a</run_address>
         <size>0x18</size>
         <input_file_ref idref="fl-6"/>
      </object_component>
      <object_component id="oc-109">
         <name>.ebss</name>
         <uninitialized>true</uninitialized>
         <run_address>0xc4c0</run_address>
         <size>0x476</size>
         <input_file_ref idref="fl-1c"/>
      </object_component>
      <object_component id="oc-21f">
         <name>.ebss:_revice_buff$1</name>
         <uninitialized>true</uninitialized>
         <run_address>0xc9a4</run_address>
         <size>0x18</size>
         <input_file_ref idref="fl-1c"/>
      </object_component>
      <object_component id="oc-21d">
         <name>.ebss:_buff</name>
         <uninitialized>true</uninitialized>
         <run_address>0xc940</run_address>
         <size>0x64</size>
         <input_file_ref idref="fl-1c"/>
      </object_component>
      <object_component id="oc-110">
         <name>.ebss</name>
         <uninitialized>true</uninitialized>
         <run_address>0xc93a</run_address>
         <size>0x3</size>
         <input_file_ref idref="fl-1d"/>
      </object_component>
      <object_component id="oc-11b">
         <name>.ebss</name>
         <uninitialized>true</uninitialized>
         <run_address>0xc93d</run_address>
         <size>0x1</size>
         <input_file_ref idref="fl-1f"/>
      </object_component>
      <object_component id="oc-23c">
         <name>.ebss:_FatFs</name>
         <uninitialized>true</uninitialized>
         <run_address>0xc936</run_address>
         <size>0x4</size>
         <input_file_ref idref="fl-1f"/>
      </object_component>
      <object_component id="oc-12c">
         <name>.ebss</name>
         <uninitialized>true</uninitialized>
         <run_address>0xc000</run_address>
         <size>0x49a</size>
         <input_file_ref idref="fl-23"/>
      </object_component>
      <object_component id="oc-234">
         <name>.ebss:_readbuff</name>
         <uninitialized>true</uninitialized>
         <run_address>0xca54</run_address>
         <size>0x14</size>
         <input_file_ref idref="fl-23"/>
      </object_component>
      <object_component id="oc-231">
         <name>.ebss:_eepromreadbuff</name>
         <uninitialized>true</uninitialized>
         <run_address>0xca40</run_address>
         <size>0x14</size>
         <input_file_ref idref="fl-23"/>
      </object_component>
      <object_component id="oc-139">
         <name>.ebss</name>
         <uninitialized>true</uninitialized>
         <run_address>0xc9c0</run_address>
         <size>0x40</size>
         <input_file_ref idref="fl-25"/>
      </object_component>
      <object_component id="oc-140">
         <name>.ebss</name>
         <uninitialized>true</uninitialized>
         <run_address>0xca00</run_address>
         <size>0x38</size>
         <input_file_ref idref="fl-26"/>
      </object_component>
      <object_component id="oc-147">
         <name>.ebss</name>
         <uninitialized>true</uninitialized>
         <run_address>0xc4b8</run_address>
         <size>0x6</size>
         <input_file_ref idref="fl-27"/>
      </object_component>
      <object_component id="oc-173">
         <name>.ebss</name>
         <uninitialized>true</uninitialized>
         <run_address>0xc4b2</run_address>
         <size>0x6</size>
         <input_file_ref idref="fl-3f"/>
      </object_component>
      <object_component id="oc-224">
         <name>.ebss:__lock</name>
         <uninitialized>true</uninitialized>
         <run_address>0xc4be</run_address>
         <size>0x2</size>
         <input_file_ref idref="fl-40"/>
      </object_component>
      <object_component id="oc-244">
         <name>.ebss:__unlock</name>
         <uninitialized>true</uninitialized>
         <run_address>0xc93e</run_address>
         <size>0x2</size>
         <input_file_ref idref="fl-40"/>
      </object_component>
      <object_component id="oc-20c">
         <name>.ebss</name>
         <uninitialized>true</uninitialized>
         <run_address>0xc9bc</run_address>
         <size>0x1</size>
         <input_file_ref idref="fl-5d"/>
      </object_component>
      <object_component id="oc-250">
         <name>.econst:.string:__ctypes_</name>
         <load_address>0x33c61c</load_address>
         <run_address>0x33c61c</run_address>
         <size>0x101</size>
         <input_file_ref idref="fl-59"/>
      </object_component>
      <object_component id="oc-238">
         <name>.econst:_PieVectTableInit</name>
         <load_address>0x33c71e</load_address>
         <run_address>0x33c71e</run_address>
         <size>0x100</size>
         <input_file_ref idref="fl-15"/>
      </object_component>
      <object_component id="oc-11c">
         <name>.econst:.string</name>
         <load_address>0x33c81e</load_address>
         <run_address>0x33c81e</run_address>
         <size>0x5a</size>
         <input_file_ref idref="fl-1f"/>
      </object_component>
      <object_component id="oc-193">
         <name>.econst:.string</name>
         <load_address>0x33c878</load_address>
         <run_address>0x33c878</run_address>
         <size>0x26</size>
         <input_file_ref idref="fl-45"/>
      </object_component>
      <object_component id="oc-12d">
         <name>.econst:.string</name>
         <load_address>0x33c89e</load_address>
         <run_address>0x33c89e</run_address>
         <size>0x1d</size>
         <input_file_ref idref="fl-23"/>
      </object_component>
      <object_component id="oc-192">
         <name>.econst</name>
         <load_address>0x33c8bc</load_address>
         <run_address>0x33c8bc</run_address>
         <size>0x1c</size>
         <input_file_ref idref="fl-45"/>
      </object_component>
      <object_component id="oc-1a4">
         <name>.econst</name>
         <load_address>0x33c8d8</load_address>
         <run_address>0x33c8d8</run_address>
         <size>0x1c</size>
         <input_file_ref idref="fl-48"/>
      </object_component>
      <object_component id="oc-241">
         <name>.econst:.string:_badchr$1</name>
         <load_address>0x33c8f4</load_address>
         <run_address>0x33c8f4</run_address>
         <size>0x12</size>
         <input_file_ref idref="fl-1f"/>
      </object_component>
      <object_component id="oc-22f">
         <name>.econst:.string:_$P$T0$1</name>
         <load_address>0x33c906</load_address>
         <run_address>0x33c906</run_address>
         <size>0x10</size>
         <input_file_ref idref="fl-23"/>
      </object_component>
      <object_component id="oc-23a">
         <name>.econst:.string:_DbcTbl</name>
         <load_address>0x33c916</load_address>
         <run_address>0x33c916</run_address>
         <size>0xa</size>
         <input_file_ref idref="fl-1f"/>
      </object_component>
      <object_component id="oc-19e">
         <name>.econst</name>
         <load_address>0x33c920</load_address>
         <run_address>0x33c920</run_address>
         <size>0x8</size>
         <input_file_ref idref="fl-47"/>
      </object_component>
      <object_component id="oc-243">
         <name>.econst:_cst$2</name>
         <load_address>0x33c928</load_address>
         <run_address>0x33c928</run_address>
         <size>0x7</size>
         <input_file_ref idref="fl-1f"/>
      </object_component>
      <object_component id="oc-242">
         <name>.econst:_cst32$3</name>
         <load_address>0x33c92f</load_address>
         <run_address>0x33c92f</run_address>
         <size>0x7</size>
         <input_file_ref idref="fl-1f"/>
      </object_component>
      <object_component id="oc-239">
         <name>.switch:_ADS1258_ReadDate</name>
         <load_address>0x33c9d2</load_address>
         <run_address>0x33c9d2</run_address>
         <size>0x18</size>
         <input_file_ref idref="fl-26"/>
      </object_component>
      <object_component id="oc-153">
         <name>.reset</name>
         <load_address>0x3fffc0</load_address>
         <run_address>0x3fffc0</run_address>
         <size>0x2</size>
         <input_file_ref idref="fl-39"/>
      </object_component>
      <object_component id="oc-56">
         <name>.adc_cal</name>
         <load_address>0x380080</load_address>
         <run_address>0x380080</run_address>
         <size>0x7</size>
         <input_file_ref idref="fl-2"/>
      </object_component>
      <object_component id="oc-57">
         <name>.debug_line</name>
         <load_address>0x0</load_address>
         <run_address>0x0</run_address>
         <size>0x50</size>
         <input_file_ref idref="fl-2"/>
      </object_component>
      <object_component id="oc-5d">
         <name>.debug_line</name>
         <load_address>0x50</load_address>
         <run_address>0x50</run_address>
         <size>0x39</size>
         <input_file_ref idref="fl-3"/>
      </object_component>
      <object_component id="oc-64">
         <name>.debug_line</name>
         <load_address>0x89</load_address>
         <run_address>0x89</run_address>
         <size>0x6e</size>
         <input_file_ref idref="fl-5"/>
      </object_component>
      <object_component id="oc-6b">
         <name>.debug_line</name>
         <load_address>0xf7</load_address>
         <run_address>0xf7</run_address>
         <size>0x3f</size>
         <input_file_ref idref="fl-6"/>
      </object_component>
      <object_component id="oc-6f">
         <name>.debug_line</name>
         <load_address>0x136</load_address>
         <run_address>0x136</run_address>
         <size>0x4e</size>
         <input_file_ref idref="fl-7"/>
      </object_component>
      <object_component id="oc-75">
         <name>.debug_line</name>
         <load_address>0x184</load_address>
         <run_address>0x184</run_address>
         <size>0x39</size>
         <input_file_ref idref="fl-8"/>
      </object_component>
      <object_component id="oc-7b">
         <name>.debug_line</name>
         <load_address>0x1bd</load_address>
         <run_address>0x1bd</run_address>
         <size>0x759</size>
         <input_file_ref idref="fl-9"/>
      </object_component>
      <object_component id="oc-7f">
         <name>.debug_line</name>
         <load_address>0x916</load_address>
         <run_address>0x916</run_address>
         <size>0x52</size>
         <input_file_ref idref="fl-a"/>
      </object_component>
      <object_component id="oc-85">
         <name>.debug_line</name>
         <load_address>0x968</load_address>
         <run_address>0x968</run_address>
         <size>0x3a</size>
         <input_file_ref idref="fl-b"/>
      </object_component>
      <object_component id="oc-8a">
         <name>.debug_line</name>
         <load_address>0x9a2</load_address>
         <run_address>0x9a2</run_address>
         <size>0x3a</size>
         <input_file_ref idref="fl-c"/>
      </object_component>
      <object_component id="oc-8f">
         <name>.debug_line</name>
         <load_address>0x9dc</load_address>
         <run_address>0x9dc</run_address>
         <size>0x3a</size>
         <input_file_ref idref="fl-d"/>
      </object_component>
      <object_component id="oc-94">
         <name>.debug_line</name>
         <load_address>0xa16</load_address>
         <run_address>0xa16</run_address>
         <size>0x3a</size>
         <input_file_ref idref="fl-e"/>
      </object_component>
      <object_component id="oc-cd">
         <name>.debug_line</name>
         <load_address>0xa50</load_address>
         <run_address>0xa50</run_address>
         <size>0x3a</size>
         <input_file_ref idref="fl-10"/>
      </object_component>
      <object_component id="oc-d2">
         <name>.debug_line</name>
         <load_address>0xa8a</load_address>
         <run_address>0xa8a</run_address>
         <size>0x39</size>
         <input_file_ref idref="fl-11"/>
      </object_component>
      <object_component id="oc-d7">
         <name>.debug_line</name>
         <load_address>0xac3</load_address>
         <run_address>0xac3</run_address>
         <size>0x3b</size>
         <input_file_ref idref="fl-12"/>
      </object_component>
      <object_component id="oc-dc">
         <name>.debug_line</name>
         <load_address>0xafe</load_address>
         <run_address>0xafe</run_address>
         <size>0x5f</size>
         <input_file_ref idref="fl-13"/>
      </object_component>
      <object_component id="oc-e1">
         <name>.debug_line</name>
         <load_address>0xb5d</load_address>
         <run_address>0xb5d</run_address>
         <size>0x8c</size>
         <input_file_ref idref="fl-14"/>
      </object_component>
      <object_component id="oc-e6">
         <name>.debug_line</name>
         <load_address>0xbe9</load_address>
         <run_address>0xbe9</run_address>
         <size>0x6f</size>
         <input_file_ref idref="fl-15"/>
      </object_component>
      <object_component id="oc-eb">
         <name>.debug_line</name>
         <load_address>0xc58</load_address>
         <run_address>0xc58</run_address>
         <size>0x39</size>
         <input_file_ref idref="fl-16"/>
      </object_component>
      <object_component id="oc-f0">
         <name>.debug_line</name>
         <load_address>0xc91</load_address>
         <run_address>0xc91</run_address>
         <size>0x39</size>
         <input_file_ref idref="fl-17"/>
      </object_component>
      <object_component id="oc-f5">
         <name>.debug_line</name>
         <load_address>0xcca</load_address>
         <run_address>0xcca</run_address>
         <size>0x159</size>
         <input_file_ref idref="fl-18"/>
      </object_component>
      <object_component id="oc-fa">
         <name>.debug_line</name>
         <load_address>0xe23</load_address>
         <run_address>0xe23</run_address>
         <size>0x3b</size>
         <input_file_ref idref="fl-19"/>
      </object_component>
      <object_component id="oc-fe">
         <name>.debug_line</name>
         <load_address>0xe5e</load_address>
         <run_address>0xe5e</run_address>
         <size>0x52</size>
         <input_file_ref idref="fl-1a"/>
      </object_component>
      <object_component id="oc-104">
         <name>.debug_line</name>
         <load_address>0xeb0</load_address>
         <run_address>0xeb0</run_address>
         <size>0x315</size>
         <input_file_ref idref="fl-1b"/>
      </object_component>
      <object_component id="oc-10c">
         <name>.debug_line</name>
         <load_address>0x11c5</load_address>
         <run_address>0x11c5</run_address>
         <size>0x27f</size>
         <input_file_ref idref="fl-1c"/>
      </object_component>
      <object_component id="oc-112">
         <name>.debug_line</name>
         <load_address>0x1444</load_address>
         <run_address>0x1444</run_address>
         <size>0x15c</size>
         <input_file_ref idref="fl-1d"/>
      </object_component>
      <object_component id="oc-117">
         <name>.debug_line</name>
         <load_address>0x15a0</load_address>
         <run_address>0x15a0</run_address>
         <size>0x148</size>
         <input_file_ref idref="fl-1e"/>
      </object_component>
      <object_component id="oc-11e">
         <name>.debug_line</name>
         <load_address>0x16e8</load_address>
         <run_address>0x16e8</run_address>
         <size>0x1be1</size>
         <input_file_ref idref="fl-1f"/>
      </object_component>
      <object_component id="oc-127">
         <name>.debug_line</name>
         <load_address>0x32c9</load_address>
         <run_address>0x32c9</run_address>
         <size>0xe7</size>
         <input_file_ref idref="fl-22"/>
      </object_component>
      <object_component id="oc-12f">
         <name>.debug_line</name>
         <load_address>0x33b0</load_address>
         <run_address>0x33b0</run_address>
         <size>0xe5</size>
         <input_file_ref idref="fl-23"/>
      </object_component>
      <object_component id="oc-134">
         <name>.debug_line</name>
         <load_address>0x3495</load_address>
         <run_address>0x3495</run_address>
         <size>0x1f7</size>
         <input_file_ref idref="fl-24"/>
      </object_component>
      <object_component id="oc-13b">
         <name>.debug_line</name>
         <load_address>0x368c</load_address>
         <run_address>0x368c</run_address>
         <size>0x3a3</size>
         <input_file_ref idref="fl-25"/>
      </object_component>
      <object_component id="oc-142">
         <name>.debug_line</name>
         <load_address>0x3a2f</load_address>
         <run_address>0x3a2f</run_address>
         <size>0x3df</size>
         <input_file_ref idref="fl-26"/>
      </object_component>
      <object_component id="oc-14a">
         <name>.debug_line</name>
         <load_address>0x3e0e</load_address>
         <run_address>0x3e0e</run_address>
         <size>0x9c</size>
         <input_file_ref idref="fl-27"/>
      </object_component>
      <object_component id="oc-14f">
         <name>.debug_line</name>
         <load_address>0x3eaa</load_address>
         <run_address>0x3eaa</run_address>
         <size>0x7e</size>
         <input_file_ref idref="fl-38"/>
      </object_component>
      <object_component id="oc-155">
         <name>.debug_line</name>
         <load_address>0x3f28</load_address>
         <run_address>0x3f28</run_address>
         <size>0x7e</size>
         <input_file_ref idref="fl-39"/>
      </object_component>
      <object_component id="oc-15a">
         <name>.debug_line</name>
         <load_address>0x3fa6</load_address>
         <run_address>0x3fa6</run_address>
         <size>0xad</size>
         <input_file_ref idref="fl-3a"/>
      </object_component>
      <object_component id="oc-15f">
         <name>.debug_line</name>
         <load_address>0x4053</load_address>
         <run_address>0x4053</run_address>
         <size>0x50</size>
         <input_file_ref idref="fl-3b"/>
      </object_component>
      <object_component id="oc-164">
         <name>.debug_line</name>
         <load_address>0x40a3</load_address>
         <run_address>0x40a3</run_address>
         <size>0x62</size>
         <input_file_ref idref="fl-3c"/>
      </object_component>
      <object_component id="oc-169">
         <name>.debug_line</name>
         <load_address>0x4105</load_address>
         <run_address>0x4105</run_address>
         <size>0x3e</size>
         <input_file_ref idref="fl-3d"/>
      </object_component>
      <object_component id="oc-16e">
         <name>.debug_line</name>
         <load_address>0x4143</load_address>
         <run_address>0x4143</run_address>
         <size>0x3a</size>
         <input_file_ref idref="fl-3e"/>
      </object_component>
      <object_component id="oc-175">
         <name>.debug_line</name>
         <load_address>0x417d</load_address>
         <run_address>0x417d</run_address>
         <size>0x65</size>
         <input_file_ref idref="fl-3f"/>
      </object_component>
      <object_component id="oc-17a">
         <name>.debug_line</name>
         <load_address>0x41e2</load_address>
         <run_address>0x41e2</run_address>
         <size>0x5e</size>
         <input_file_ref idref="fl-40"/>
      </object_component>
      <object_component id="oc-17f">
         <name>.debug_line</name>
         <load_address>0x4240</load_address>
         <run_address>0x4240</run_address>
         <size>0x4f</size>
         <input_file_ref idref="fl-41"/>
      </object_component>
      <object_component id="oc-184">
         <name>.debug_line</name>
         <load_address>0x428f</load_address>
         <run_address>0x428f</run_address>
         <size>0xb1</size>
         <input_file_ref idref="fl-42"/>
      </object_component>
      <object_component id="oc-189">
         <name>.debug_line</name>
         <load_address>0x4340</load_address>
         <run_address>0x4340</run_address>
         <size>0xaf</size>
         <input_file_ref idref="fl-43"/>
      </object_component>
      <object_component id="oc-18e">
         <name>.debug_line</name>
         <load_address>0x43ef</load_address>
         <run_address>0x43ef</run_address>
         <size>0xae</size>
         <input_file_ref idref="fl-44"/>
      </object_component>
      <object_component id="oc-195">
         <name>.debug_line</name>
         <load_address>0x449d</load_address>
         <run_address>0x449d</run_address>
         <size>0xd46</size>
         <input_file_ref idref="fl-45"/>
      </object_component>
      <object_component id="oc-19a">
         <name>.debug_line</name>
         <load_address>0x51e3</load_address>
         <run_address>0x51e3</run_address>
         <size>0x40</size>
         <input_file_ref idref="fl-46"/>
      </object_component>
      <object_component id="oc-1a0">
         <name>.debug_line</name>
         <load_address>0x5223</load_address>
         <run_address>0x5223</run_address>
         <size>0x58</size>
         <input_file_ref idref="fl-47"/>
      </object_component>
      <object_component id="oc-1a6">
         <name>.debug_line</name>
         <load_address>0x527b</load_address>
         <run_address>0x527b</run_address>
         <size>0x72</size>
         <input_file_ref idref="fl-48"/>
      </object_component>
      <object_component id="oc-1ab">
         <name>.debug_line</name>
         <load_address>0x52ed</load_address>
         <run_address>0x52ed</run_address>
         <size>0xc4</size>
         <input_file_ref idref="fl-49"/>
      </object_component>
      <object_component id="oc-1b0">
         <name>.debug_line</name>
         <load_address>0x53b1</load_address>
         <run_address>0x53b1</run_address>
         <size>0x60</size>
         <input_file_ref idref="fl-4a"/>
      </object_component>
      <object_component id="oc-1b5">
         <name>.debug_line</name>
         <load_address>0x5411</load_address>
         <run_address>0x5411</run_address>
         <size>0xa2</size>
         <input_file_ref idref="fl-4b"/>
      </object_component>
      <object_component id="oc-1ba">
         <name>.debug_line</name>
         <load_address>0x54b3</load_address>
         <run_address>0x54b3</run_address>
         <size>0x45</size>
         <input_file_ref idref="fl-4c"/>
      </object_component>
      <object_component id="oc-1bf">
         <name>.debug_line</name>
         <load_address>0x54f8</load_address>
         <run_address>0x54f8</run_address>
         <size>0x49</size>
         <input_file_ref idref="fl-4d"/>
      </object_component>
      <object_component id="oc-1c4">
         <name>.debug_line</name>
         <load_address>0x5541</load_address>
         <run_address>0x5541</run_address>
         <size>0x59</size>
         <input_file_ref idref="fl-4e"/>
      </object_component>
      <object_component id="oc-1c9">
         <name>.debug_line</name>
         <load_address>0x559a</load_address>
         <run_address>0x559a</run_address>
         <size>0x58</size>
         <input_file_ref idref="fl-4f"/>
      </object_component>
      <object_component id="oc-1ce">
         <name>.debug_line</name>
         <load_address>0x55f2</load_address>
         <run_address>0x55f2</run_address>
         <size>0x6c</size>
         <input_file_ref idref="fl-50"/>
      </object_component>
      <object_component id="oc-1d3">
         <name>.debug_line</name>
         <load_address>0x565e</load_address>
         <run_address>0x565e</run_address>
         <size>0x63</size>
         <input_file_ref idref="fl-51"/>
      </object_component>
      <object_component id="oc-1d8">
         <name>.debug_line</name>
         <load_address>0x56c1</load_address>
         <run_address>0x56c1</run_address>
         <size>0x16b</size>
         <input_file_ref idref="fl-52"/>
      </object_component>
      <object_component id="oc-1dd">
         <name>.debug_line</name>
         <load_address>0x582c</load_address>
         <run_address>0x582c</run_address>
         <size>0x57</size>
         <input_file_ref idref="fl-53"/>
      </object_component>
      <object_component id="oc-1e2">
         <name>.debug_line</name>
         <load_address>0x5883</load_address>
         <run_address>0x5883</run_address>
         <size>0x56</size>
         <input_file_ref idref="fl-54"/>
      </object_component>
      <object_component id="oc-1e7">
         <name>.debug_line</name>
         <load_address>0x58d9</load_address>
         <run_address>0x58d9</run_address>
         <size>0x58</size>
         <input_file_ref idref="fl-55"/>
      </object_component>
      <object_component id="oc-1ec">
         <name>.debug_line</name>
         <load_address>0x5931</load_address>
         <run_address>0x5931</run_address>
         <size>0xb3</size>
         <input_file_ref idref="fl-56"/>
      </object_component>
      <object_component id="oc-1f1">
         <name>.debug_line</name>
         <load_address>0x59e4</load_address>
         <run_address>0x59e4</run_address>
         <size>0x60</size>
         <input_file_ref idref="fl-57"/>
      </object_component>
      <object_component id="oc-1f6">
         <name>.debug_line</name>
         <load_address>0x5a44</load_address>
         <run_address>0x5a44</run_address>
         <size>0x6a</size>
         <input_file_ref idref="fl-58"/>
      </object_component>
      <object_component id="oc-1fd">
         <name>.debug_line</name>
         <load_address>0x5aae</load_address>
         <run_address>0x5aae</run_address>
         <size>0x54</size>
         <input_file_ref idref="fl-5a"/>
      </object_component>
      <object_component id="oc-202">
         <name>.debug_line</name>
         <load_address>0x5b02</load_address>
         <run_address>0x5b02</run_address>
         <size>0xaf</size>
         <input_file_ref idref="fl-5b"/>
      </object_component>
      <object_component id="oc-207">
         <name>.debug_line</name>
         <load_address>0x5bb1</load_address>
         <run_address>0x5bb1</run_address>
         <size>0xa8</size>
         <input_file_ref idref="fl-5c"/>
      </object_component>
      <object_component id="oc-210">
         <name>.debug_line</name>
         <load_address>0x5c59</load_address>
         <run_address>0x5c59</run_address>
         <size>0x42</size>
         <input_file_ref idref="fl-5e"/>
      </object_component>
      <object_component id="oc-215">
         <name>.debug_line</name>
         <load_address>0x5c9b</load_address>
         <run_address>0x5c9b</run_address>
         <size>0x8e</size>
         <input_file_ref idref="fl-5f"/>
      </object_component>
      <object_component id="oc-58">
         <name>.debug_info</name>
         <load_address>0x0</load_address>
         <run_address>0x0</run_address>
         <size>0xf9</size>
         <input_file_ref idref="fl-2"/>
      </object_component>
      <object_component id="oc-5b">
         <name>.debug_info</name>
         <load_address>0xf9</load_address>
         <run_address>0xf9</run_address>
         <size>0x1e68</size>
         <input_file_ref idref="fl-3"/>
      </object_component>
      <object_component id="oc-65">
         <name>.debug_info</name>
         <load_address>0x1f61</load_address>
         <run_address>0x1f61</run_address>
         <size>0x139</size>
         <input_file_ref idref="fl-5"/>
      </object_component>
      <object_component id="oc-68">
         <name>.debug_info</name>
         <load_address>0x209a</load_address>
         <run_address>0x209a</run_address>
         <size>0x80a</size>
         <input_file_ref idref="fl-6"/>
      </object_component>
      <object_component id="oc-70">
         <name>.debug_info</name>
         <load_address>0x28a4</load_address>
         <run_address>0x28a4</run_address>
         <size>0xf7</size>
         <input_file_ref idref="fl-7"/>
      </object_component>
      <object_component id="oc-73">
         <name>.debug_info</name>
         <load_address>0x299b</load_address>
         <run_address>0x299b</run_address>
         <size>0x16f9</size>
         <input_file_ref idref="fl-8"/>
      </object_component>
      <object_component id="oc-78">
         <name>.debug_info</name>
         <load_address>0x4094</load_address>
         <run_address>0x4094</run_address>
         <size>0x243b</size>
         <input_file_ref idref="fl-9"/>
      </object_component>
      <object_component id="oc-80">
         <name>.debug_info</name>
         <load_address>0x64cf</load_address>
         <run_address>0x64cf</run_address>
         <size>0xfd</size>
         <input_file_ref idref="fl-a"/>
      </object_component>
      <object_component id="oc-83">
         <name>.debug_info</name>
         <load_address>0x65cc</load_address>
         <run_address>0x65cc</run_address>
         <size>0x5d60</size>
         <input_file_ref idref="fl-b"/>
      </object_component>
      <object_component id="oc-88">
         <name>.debug_info</name>
         <load_address>0xc32c</load_address>
         <run_address>0xc32c</run_address>
         <size>0x1b6e</size>
         <input_file_ref idref="fl-c"/>
      </object_component>
      <object_component id="oc-8d">
         <name>.debug_info</name>
         <load_address>0xde9a</load_address>
         <run_address>0xde9a</run_address>
         <size>0x1b6e</size>
         <input_file_ref idref="fl-d"/>
      </object_component>
      <object_component id="oc-92">
         <name>.debug_info</name>
         <load_address>0xfa08</load_address>
         <run_address>0xfa08</run_address>
         <size>0x1b6e</size>
         <input_file_ref idref="fl-e"/>
      </object_component>
      <object_component id="oc-97">
         <name>.debug_info</name>
         <load_address>0x11576</load_address>
         <run_address>0x11576</run_address>
         <size>0x13425</size>
         <input_file_ref idref="fl-f"/>
      </object_component>
[...]
         <object_component_ref idref="oc-12c"/>
      </symbol>
      <symbol id="sm-75c">
         <name>_test_4</name>
         <value>0xc003</value>
         <object_component_ref idref="oc-12c"/>
      </symbol>
      <symbol id="sm-75d">
         <name>_test_7</name>
         <value>0xc006</value>
         <object_component_ref idref="oc-12c"/>
      </symbol>
      <symbol id="sm-75e">
         <name>_test_6</name>
         <value>0xc005</value>
         <object_component_ref idref="oc-12c"/>
      </symbol>
      <symbol id="sm-75f">
         <name>_test_sd</name>
         <value>0xc007</value>
         <object_component_ref idref="oc-12c"/>
      </symbol>
      <symbol id="sm-760">
         <name>_test_sd_read</name>
         <value>0xc00c</value>
         <object_component_ref idref="oc-12c"/>
      </symbol>
      <symbol id="sm-761">
         <name>_fs</name>
         <value>0xc280</value>
         <object_component_ref idref="oc-12c"/>
      </symbol>
      <symbol id="sm-762">
         <name>_test_eeprom</name>
         <value>0xc00a</value>
         <object_component_ref idref="oc-12c"/>
      </symbol>
      <symbol id="sm-763">
         <name>_readlen</name>
         <value>0xc00b</value>
         <object_component_ref idref="oc-12c"/>
      </symbol>
      <symbol id="sm-775">
         <name>_set_switch3_status</name>
         <value>0x33b974</value>
         <object_component_ref idref="oc-22d"/>
      </symbol>
      <symbol id="sm-777">
         <name>_set_switch4_status</name>
         <value>0x33b987</value>
         <object_component_ref idref="oc-22d"/>
      </symbol>
      <symbol id="sm-779">
         <name>_Pwm1_Switch1_Int</name>
         <value>0x33b831</value>
         <object_component_ref idref="oc-22d"/>
      </symbol>
      <symbol id="sm-77b">
         <name>_Pwm3_Switch3_Int</name>
         <value>0x33b883</value>
         <object_component_ref idref="oc-22d"/>
      </symbol>
      <symbol id="sm-77d">
         <name>_Pwm6_Motor2_Int</name>
         <value>0x33b91c</value>
         <object_component_ref idref="oc-22d"/>
      </symbol>
      <symbol id="sm-77f">
         <name>_set_switch2_status</name>
         <value>0x33b961</value>
         <object_component_ref idref="oc-22d"/>
      </symbol>
      <symbol id="sm-781">
         <name>_Pwm5_Motor1_Int</name>
         <value>0x33b8e9</value>
         <object_component_ref idref="oc-22d"/>
      </symbol>
      <symbol id="sm-783">
         <name>_Pwm4_Switch4_Int</name>
         <value>0x33b8b6</value>
         <object_component_ref idref="oc-22d"/>
      </symbol>
      <symbol id="sm-785">
         <name>_set_motor1_status</name>
         <value>0x33b99a</value>
         <object_component_ref idref="oc-22d"/>
      </symbol>
      <symbol id="sm-787">
         <name>_Pwm2_Switch2_Int</name>
         <value>0x33b852</value>
         <object_component_ref idref="oc-22d"/>
      </symbol>
      <symbol id="sm-789">
         <name>_set_switch1_status</name>
         <value>0x33b94f</value>
         <object_component_ref idref="oc-22d"/>
      </symbol>
      <symbol id="sm-78b">
         <name>_set_motor2_status</name>
         <value>0x33b9ad</value>
         <object_component_ref idref="oc-22d"/>
      </symbol>
      <symbol id="sm-7dd">
         <name>_SD_Init</name>
         <value>0x33adac</value>
         <object_component_ref idref="oc-245"/>
      </symbol>
      <symbol id="sm-7df">
         <name>_SDCardInfo</name>
         <value>0xc9c4</value>
         <object_component_ref idref="oc-139"/>
      </symbol>
      <symbol id="sm-7e0">
         <name>_SD_ReceiveData</name>
         <value>0x33b032</value>
         <object_component_ref idref="oc-245"/>
      </symbol>
      <symbol id="sm-7e2">
         <name>_SD_GetCID</name>
         <value>0x33b066</value>
         <object_component_ref idref="oc-245"/>
      </symbol>
      <symbol id="sm-7e4">
         <name>_SPI_ReadWriteByte</name>
         <value>0x33ae36</value>
         <object_component_ref idref="oc-245"/>
      </symbol>
      <symbol id="sm-7e6">
         <name>_SD_GetCSD</name>
         <value>0x33b0d1</value>
         <object_component_ref idref="oc-245"/>
      </symbol>
      <symbol id="sm-7e8">
         <name>_SD_ReadSingleBlock</name>
         <value>0x33afdd</value>
         <object_component_ref idref="oc-245"/>
      </symbol>
      <symbol id="sm-7ea">
         <name>_SD_Write_Cmd_NoDeassert</name>
         <value>0x33aea5</value>
         <object_component_ref idref="oc-245"/>
      </symbol>
      <symbol id="sm-7ec">
         <name>_SD_Type</name>
         <value>0xc9c2</value>
         <object_component_ref idref="oc-139"/>
      </symbol>
      <symbol id="sm-7ed">
         <name>_SD_GetCapacity</name>
         <value>0x33b078</value>
         <object_component_ref idref="oc-245"/>
      </symbol>
      <symbol id="sm-7ef">
         <name>_SPI_Speed</name>
         <value>0xc9c1</value>
         <object_component_ref idref="oc-139"/>
      </symbol>
      <symbol id="sm-7f0">
         <name>_SD_WaitReady</name>
         <value>0x33afc8</value>
         <object_component_ref idref="oc-245"/>
      </symbol>
      <symbol id="sm-7f2">
         <name>_SD_Reset</name>
         <value>0x33aed5</value>
         <object_component_ref idref="oc-245"/>
      </symbol>
      <symbol id="sm-7f4">
         <name>_SD_ReadMultiBlock</name>
         <value>0x33affe</value>
         <object_component_ref idref="oc-245"/>
      </symbol>
      <symbol id="sm-7f6">
         <name>_SD_WriteSingleBlock</name>
         <value>0x33af05</value>
         <object_component_ref idref="oc-245"/>
      </symbol>
      <symbol id="sm-7f8">
         <name>_SD_WriteMultiBlock</name>
         <value>0x33af60</value>
         <object_component_ref idref="oc-245"/>
      </symbol>
      <symbol id="sm-7fa">
         <name>_SD_Write_Cmd</name>
         <value>0x33ae70</value>
         <object_component_ref idref="oc-245"/>
      </symbol>
      <symbol id="sm-7fc">
         <name>_sd_card_status</name>
         <value>0xc9c0</value>
         <object_component_ref idref="oc-139"/>
      </symbol>
      <symbol id="sm-83a">
         <name>_ADS_START_H</name>
         <value>0x33aa5c</value>
         <object_component_ref idref="oc-22e"/>
      </symbol>
      <symbol id="sm-83c">
         <name>_ADS_START_L</name>
         <value>0x33aa57</value>
         <object_component_ref idref="oc-22e"/>
      </symbol>
      <symbol id="sm-83e">
         <name>_ADS_SCLK_H</name>
         <value>0x33aa3c</value>
         <object_component_ref idref="oc-22e"/>
      </symbol>
      <symbol id="sm-840">
         <name>_ADS_SCLK_L</name>
         <value>0x33aa41</value>
         <object_component_ref idref="oc-22e"/>
      </symbol>
      <symbol id="sm-842">
         <name>_Read_ADS_DRDY</name>
         <value>0x33aa6b</value>
         <object_component_ref idref="oc-22e"/>
      </symbol>
      <symbol id="sm-844">
         <name>_SPI_READ_BYTE1</name>
         <value>0x33ab4e</value>
         <object_component_ref idref="oc-22e"/>
      </symbol>
      <symbol id="sm-846">
         <name>_AD_Delay1</name>
         <value>0x33ad7b</value>
         <object_component_ref idref="oc-22e"/>
      </symbol>
      <symbol id="sm-848">
         <name>_SPI_MOSI_High</name>
         <value>0x33aa46</value>
         <object_component_ref idref="oc-22e"/>
      </symbol>
      <symbol id="sm-84a">
         <name>_timecount</name>
         <value>0xca04</value>
         <object_component_ref idref="oc-140"/>
      </symbol>
      <symbol id="sm-84b">
         <name>_SPI_MOSI_Low</name>
         <value>0x33aa4b</value>
         <object_component_ref idref="oc-22e"/>
      </symbol>
      <symbol id="sm-84d">
         <name>_readcount</name>
         <value>0xca02</value>
         <object_component_ref idref="oc-140"/>
      </symbol>
      <symbol id="sm-84e">
         <name>_time</name>
         <value>0xca00</value>
         <object_component_ref idref="oc-140"/>
      </symbol>
      <symbol id="sm-84f">
         <name>_ADC_Read</name>
         <value>0x33ad85</value>
         <object_component_ref idref="oc-22e"/>
      </symbol>
      <symbol id="sm-851">
         <name>_SPI_END</name>
         <value>0x33ab2a</value>
         <object_component_ref idref="oc-22e"/>
      </symbol>
      <symbol id="sm-853">
         <name>_ADS1258_ReadDate</name>
         <value>0x33ab67</value>
         <object_component_ref idref="oc-22e"/>
      </symbol>
      <symbol id="sm-855">
         <name>_Get_SPI_MISO</name>
         <value>0x33aa50</value>
         <object_component_ref idref="oc-22e"/>
      </symbol>
      <symbol id="sm-857">
         <name>_SPI_SEND_BYTE</name>
         <value>0x33ab33</value>
         <object_component_ref idref="oc-22e"/>
      </symbol>
      <symbol id="sm-859">
         <name>_ADS1258_Int</name>
         <value>0x33aa71</value>
         <object_component_ref idref="oc-22e"/>
      </symbol>
      <symbol id="sm-85b">
         <name>_ADS_CS_H</name>
         <value>0x33aa66</value>
         <object_component_ref idref="oc-22e"/>
      </symbol>
      <symbol id="sm-85d">
         <name>_ADS_CS_L</name>
         <value>0x33aa61</value>
         <object_component_ref idref="oc-22e"/>
      </symbol>
      <symbol id="sm-85f">
         <name>_AD_Delay</name>
         <value>0x33ad6f</value>
         <object_component_ref idref="oc-22e"/>
      </symbol>
      <symbol id="sm-861">
         <name>_ADC_CURRENT_mA</name>
         <value>0xca06</value>
         <object_component_ref idref="oc-140"/>
      </symbol>
      <symbol id="sm-862">
         <name>_SPI_START</name>
         <value>0x33ab21</value>
         <object_component_ref idref="oc-22e"/>
      </symbol>
      <symbol id="sm-879">
         <name>_Time0_Int</name>
         <value>0x33c2c1</value>
         <object_component_ref idref="oc-22c"/>
      </symbol>
      <symbol id="sm-87b">
         <name>_ADS_count</name>
         <value>0xc4ba</value>
         <object_component_ref idref="oc-147"/>
      </symbol>
      <symbol id="sm-87c">
         <name>_Collection_ADC</name>
         <value>0xc4b8</value>
         <object_component_ref idref="oc-147"/>
      </symbol>
      <symbol id="sm-87d">
         <name>_task_run</name>
         <value>0x33c2ed</value>
         <object_component_ref idref="oc-22c"/>
      </symbol>
      <symbol id="sm-87f">
         <name>_Time0_Interrupt_Handler</name>
         <value>0x33c27d</value>
         <object_component_ref idref="oc-148"/>
      </symbol>
      <symbol id="sm-88e">
         <name>_sprintf</name>
         <value>0x33c2f8</value>
         <object_component_ref idref="oc-240"/>
      </symbol>
      <symbol id="sm-8aa">
         <name>_c_int00</name>
         <value>0x33c227</value>
         <object_component_ref idref="oc-55"/>
      </symbol>
      <symbol id="sm-8ab">
         <name>__stack</name>
         <value>0x400</value>
         <object_component_ref idref="oc-152"/>
      </symbol>
      <symbol id="sm-8bc">
         <name>FS$$DIV</name>
         <value>0x33c063</value>
         <object_component_ref idref="oc-158"/>
      </symbol>
      <symbol id="sm-8cb">
         <name>_copy_in</name>
         <value>0x33c453</value>
         <object_component_ref idref="oc-219"/>
      </symbol>
      <symbol id="sm-8dd">
         <name>_memcpy</name>
         <value>0x33c512</value>
         <object_component_ref idref="oc-222"/>
      </symbol>
      <symbol id="sm-8ea">
         <name>__system_pre_init</name>
         <value>0x33c619</value>
         <object_component_ref idref="oc-218"/>
      </symbol>
      <symbol id="sm-8f8">
         <name>__system_post_cinit</name>
         <value>0x33c61b</value>
         <object_component_ref idref="oc-21a"/>
      </symbol>
      <symbol id="sm-90d">
         <name>C$$EXIT</name>
         <value>0x33c3df</value>
         <object_component_ref idref="oc-21c"/>
      </symbol>
      <symbol id="sm-90e">
         <name>_exit</name>
         <value>0x33c3e1</value>
         <object_component_ref idref="oc-21c"/>
      </symbol>
      <symbol id="sm-910">
         <name>___TI_cleanup_ptr</name>
         <value>0xc4b4</value>
         <object_component_ref idref="oc-173"/>
      </symbol>
      <symbol id="sm-911">
         <name>___TI_enable_exit_profile_output</name>
         <value>0xc4b2</value>
         <object_component_ref idref="oc-173"/>
      </symbol>
      <symbol id="sm-912">
         <name>_abort</name>
         <value>0x33c3df</value>
         <object_component_ref idref="oc-21c"/>
      </symbol>
      <symbol id="sm-914">
         <name>___TI_dtors_ptr</name>
         <value>0xc4b6</value>
         <object_component_ref idref="oc-173"/>
      </symbol>
      <symbol id="sm-928">
         <name>__unlock</name>
         <value>0xc93e</value>
         <object_component_ref idref="oc-244"/>
      </symbol>
      <symbol id="sm-929">
         <name>__lock</name>
         <value>0xc4be</value>
         <object_component_ref idref="oc-224"/>
      </symbol>
      <symbol id="sm-92a">
         <name>__register_lock</name>
         <value>0x33c5dc</value>
         <object_component_ref idref="oc-236"/>
      </symbol>
      <symbol id="sm-92c">
         <name>__nop</name>
         <value>0x33c5e0</value>
         <object_component_ref idref="oc-236"/>
      </symbol>
      <symbol id="sm-92e">
         <name>__register_unlock</name>
         <value>0x33c5d8</value>
         <object_component_ref idref="oc-236"/>
      </symbol>
      <symbol id="sm-93e">
         <name>__args_main</name>
         <value>0x33c592</value>
         <object_component_ref idref="oc-21b"/>
      </symbol>
      <symbol id="sm-94d">
         <name>_memset</name>
         <value>0x33c60a</value>
         <object_component_ref idref="oc-23d"/>
      </symbol>
      <symbol id="sm-95c">
         <name>_strcmp</name>
         <value>0x33c5ce</value>
         <object_component_ref idref="oc-23f"/>
      </symbol>
      <symbol id="sm-96a">
         <name>_strlen</name>
         <value>0x33c5fb</value>
         <object_component_ref idref="oc-23e"/>
      </symbol>
      <symbol id="sm-acb">
         <name>___TI_printfi</name>
         <value>0x33a8ab</value>
         <object_component_ref idref="oc-246"/>
      </symbol>
      <symbol id="sm-ada">
         <name>_wcslen</name>
         <value>0x33c5ea</value>
         <object_component_ref idref="oc-24f"/>
      </symbol>
      <symbol id="sm-aee">
         <name>_frexpl</name>
         <value>0x33c1cd</value>
         <object_component_ref idref="oc-24a"/>
      </symbol>
      <symbol id="sm-b0d">
         <name>_scalbnl</name>
         <value>0x33bd57</value>
         <object_component_ref idref="oc-24b"/>
      </symbol>
      <symbol id="sm-b0f">
         <name>_ldexpl</name>
         <value>0x33bd57</value>
         <object_component_ref idref="oc-24b"/>
      </symbol>
      <symbol id="sm-b2a">
         <name>FD$$ADD</name>
         <value>0x33bea1</value>
         <object_component_ref idref="oc-1a9"/>
      </symbol>
      <symbol id="sm-b3a">
         <name>FD$$CMP</name>
         <value>0x33c38b</value>
         <object_component_ref idref="oc-1ae"/>
      </symbol>
      <symbol id="sm-b4c">
         <name>FD$$MPY</name>
         <value>0x33c0eb</value>
         <object_component_ref idref="oc-1b3"/>
      </symbol>
      <symbol id="sm-b59">
         <name>FD$$NEG</name>
         <value>0x33c5e1</value>
         <object_component_ref idref="oc-1b8"/>
      </symbol>
      <symbol id="sm-b65">
         <name>FD$$SUB</name>
         <value>0x33c5b4</value>
         <object_component_ref idref="oc-1bd"/>
      </symbol>
      <symbol id="sm-b74">
         <name>FD$$TOI</name>
         <value>0x33c477</value>
         <object_component_ref idref="oc-1c2"/>
      </symbol>
      <symbol id="sm-b83">
         <name>FD$$TOL</name>
         <value>0x33c4b8</value>
         <object_component_ref idref="oc-1c7"/>
      </symbol>
      <symbol id="sm-b8f">
         <name>LL$$AND</name>
         <value>0x33c567</value>
         <object_component_ref idref="oc-1cc"/>
      </symbol>
      <symbol id="sm-b90">
         <name>LL$$OR</name>
         <value>0x33c56f</value>
         <object_component_ref idref="oc-1cc"/>
      </symbol>
      <symbol id="sm-b91">
         <name>LL$$XOR</name>
         <value>0x33c577</value>
         <object_component_ref idref="oc-1cc"/>
      </symbol>
      <symbol id="sm-b9f">
         <name>ULL$$CMP</name>
         <value>0x33c4e9</value>
         <object_component_ref idref="oc-1d1"/>
      </symbol>
      <symbol id="sm-ba0">
         <name>LL$$CMP</name>
         <value>0x33c4d7</value>
         <object_component_ref idref="oc-1d1"/>
      </symbol>
      <symbol id="sm-bcc">
         <name>ULL$$MOD</name>
         <value>0x33ba65</value>
         <object_component_ref idref="oc-1d6"/>
      </symbol>
      <symbol id="sm-bcd">
         <name>ULL$$DIV</name>
         <value>0x33ba36</value>
         <object_component_ref idref="oc-1d6"/>
      </symbol>
      <symbol id="sm-bce">
         <name>LL$$MOD</name>
         <value>0x33b9fc</value>
         <object_component_ref idref="oc-1d6"/>
      </symbol>
      <symbol id="sm-bcf">
         <name>LL$$DIV</name>
         <value>0x33b9c0</value>
         <object_component_ref idref="oc-1d6"/>
      </symbol>
      <symbol id="sm-bdf">
         <name>I$$TOFD</name>
         <value>0x33c4f5</value>
         <object_component_ref idref="oc-1db"/>
      </symbol>
      <symbol id="sm-bef">
         <name>L$$TOFD</name>
         <value>0x33c54b</value>
         <object_component_ref idref="oc-1e0"/>
      </symbol>
      <symbol id="sm-bff">
         <name>FS$$TOFD</name>
         <value>0x33c52f</value>
         <object_component_ref idref="oc-1e5"/>
      </symbol>
      <symbol id="sm-c16">
         <name>FD$$DIV</name>
         <value>0x33bfd8</value>
         <object_component_ref idref="oc-1ea"/>
      </symbol>
      <symbol id="sm-c24">
         <name>___TI_ltoa</name>
         <value>0x33c35b</value>
         <object_component_ref idref="oc-249"/>
      </symbol>
      <symbol id="sm-c39">
         <name>_atoi</name>
         <value>0x33c32a</value>
         <object_component_ref idref="oc-248"/>
      </symbol>
      <symbol id="sm-c42">
         <name>__ctypes_</name>
         <value>0x33c61c</value>
         <object_component_ref idref="oc-250"/>
      </symbol>
      <symbol id="sm-c51">
         <name>_memccpy</name>
         <value>0x33c5a4</value>
         <object_component_ref idref="oc-24e"/>
      </symbol>
      <symbol id="sm-c61">
         <name>_strchr</name>
         <value>0x33c5c2</value>
         <object_component_ref idref="oc-24c"/>
      </symbol>
      <symbol id="sm-c6f">
         <name>_strcpy</name>
         <value>0x33c611</value>
         <object_component_ref idref="oc-24d"/>
      </symbol>
      <symbol id="sm-c7a">
         <name>_errno</name>
         <value>0xc9bc</value>
         <object_component_ref idref="oc-20c"/>
      </symbol>
      <symbol id="sm-c87">
         <name>_copysignl</name>
         <value>0x33c42e</value>
         <object_component_ref idref="oc-251"/>
      </symbol>
      <symbol id="sm-c94">
         <name>UL$$MOD</name>
         <value>0x33c3d9</value>
         <object_component_ref idref="oc-213"/>
      </symbol>
      <symbol id="sm-c95">
         <name>L$$MOD</name>
         <value>0x33c3c4</value>
         <object_component_ref idref="oc-213"/>
      </symbol>
      <symbol id="sm-c96">
         <name>L$$DIV</name>
         <value>0x33c3b5</value>
         <object_component_ref idref="oc-213"/>
      </symbol>
      <symbol id="sm-c97">
         <name>UL$$DIV</name>
         <value>0x33c3d2</value>
         <object_component_ref idref="oc-213"/>
      </symbol>
   </symbol_table>
   <title>Link successful</title>
</link_info>
